Microchip MPLAB XC8 Compiler V1.34 ()

Linker command line:

--edf=C:\Program Files (x86)\Microchip\xc8\v1.34\dat\en_msgs.txt -cs \
  -h+dist/default/debug\MCA1-REVB.X.debug.sym \
  --cmf=dist/default/debug\MCA1-REVB.X.debug.cmf -z -Q18F4431 \
  -oC:\Users\Miroslav\AppData\Local\Temp\s824.6 \
  -Mdist/default/debug/MCA1-REVB.X.debug.map -E1 -ver=XC8 \
  -ASTACK=0CFh-02eeh -pstack=STACK -ACODE=00h-03CFFh -ACONST=00h-03CFFh \
  -ASMALLCONST=0300h-03FFhx58 -AMEDIUMCONST=0300h-03CFFh -ACOMRAM=01h-05Fh \
  -AABS1=00h-02EEh -ABIGRAM=01h-02EEh \
  -ARAM=060h-0FFh,0100h-01FFh,0200h-02EEh -ABANK0=060h-0FFh \
  -ABANK1=0100h-01FFh -ABANK2=0200h-02EEh \
  -ASFR=0F60h-0F9Bh,0F9Dh-0FD3h,0FD5h-0FDAh,0FE0h-0FE2h,0FE8h-0FEAh,0FF0h-0FFBh \
  -preset_vec=00h,intcode=08h,intcodelo=018h,powerup,init,end_init \
  -pramtop=0300h -psmallconst=SMALLCONST -pmediumconst=MEDIUMCONST \
  -pconst=CONST -AFARRAM=00h-00h -ACONFIG=0300000h-030000Dh -pconfig=CONFIG \
  -AIDLOC=0200000h-0200007h -pidloc=IDLOC -AEEDATA=0F00000h-0F000FFh \
  -peeprom_data=EEDATA \
  -prdata=COMRAM,nvrram=COMRAM,nvbit=COMRAM,rbss=COMRAM,rbit=COMRAM \
  -pfarbss=FARRAM,fardata=FARRAM,nvFARRAM=FARRAM \
  -pintsave_regs=BIGRAM,bigbss=BIGRAM,bigdata=BIGRAM -pbss=RAM \
  -pidata=CODE,irdata=CODE,ibigdata=CODE,ifardata=CODE -prparam=COMRAM \
  C:\Users\Miroslav\AppData\Local\Temp\s824.obj \
  dist/default/debug\MCA1-REVB.X.debug.obj 

Object code version is 3.11

Machine type is 18F4431

Call graph: (short form)




                Name                               Link     Load   Length Selector   Space Scale
C:\Users\Miroslav\AppData\Local\Temp\s824.obj
                end_init                            172      172        4        C       0
                reset_vec                             0        0        6        0       0
                idloc                            200000   200000        8   200000       0
                config                           300000   300000        E   300000       0
dist/default/debug\MCA1-REVB.X.debug.obj
                intcodelo                            18       18      15A        C       0
                intcode                               8        8       10        4       0
                smallconst                          300      300        8      180       0
                intcode_body                        B7C      B7C       66      184       0
                text32                              CA8      CA8       54      184       0
                text31                              D86      D86       34      184       0
                text30                              F1E      F1E        E      184       0
                text29                              F0C      F0C       12      184       0
                text28                              F5A      F5A        4      184       0
                text27                              B00      B00       7C      184       0
                text26                              EBE      EBE       22      184       0
                text25                              F56      F56        4      184       0
                text23                              F52      F52        4      184       0
                text22                              EF8      EF8       14      184       0
                text21                              F4E      F4E        4      184       0
                text20                              D4C      D4C       3A      184       0
                text19                              E16      E16       2E      184       0
                text18                              F44      F44        6      184       0
                text17                              C46      C46       62      184       0
                text16                              89E      89E       A2      184       0
                text15                              EE0      EE0       18      184       0
                text14                              9DA      9DA       94      184       0
                text13                              A6E      A6E       92      184       0
                text12                              DE8      DE8       2E      184       0
                text11                              BE2      BE2       64      184       0
                text10                              6AC      6AC      108      184       0
                text9                               308      308      142      184       0
                text8                               44A      44A      132      184       0
                text7                               E44      E44       2C      184       0
                text6                               940      940       9A      184       0
                text5                               F38      F38        C      184       0
                text4                               F2C      F2C        C      184       0
                text3                               F4A      F4A        4      184       0
                text2                               7B4      7B4       EA      184       0
                text1                               DBA      DBA       2E      184       0
                text0                               57C      57C      130      184       0
                cstackCOMRAM                         28       28       1C        1       1
                cstackBANK0                          60       60       48       60       1
                dataBANK0                            A8       A8       27       60       1
                dataCOMRAM                            1        1       27        1       1
                bssCOMRAM                            44       44        2        1       1
                bitbssCOMRAM                        230       46        1        1       1     8
                cinit                               CFC      CFC       50      184       0
                idataBANK0                          E97      E97       27      184       0
                idataCOMRAM                         E70      E70       27      184       0

TOTAL           Name                               Link     Load   Length     Space
        CLASS   STACK          

        CLASS   CODE           
                end_init                            172      172        4         0
                intcodelo                            18       18      15A         0
                intcode                               8        8       10         0
                reset_vec                             0        0        6         0
                intcode_body                        B7C      B7C       66         0
                text32                              CA8      CA8       54         0
                text31                              D86      D86       34         0
                text30                              F1E      F1E        E         0
                text29                              F0C      F0C       12         0
                text28                              F5A      F5A        4         0
                text27                              B00      B00       7C         0
                text26                              EBE      EBE       22         0
                text25                              F56      F56        4         0
                text23                              F52      F52        4         0
                text22                              EF8      EF8       14         0
                text21                              F4E      F4E        4         0
                text20                              D4C      D4C       3A         0
                text19                              E16      E16       2E         0
                text18                              F44      F44        6         0
                text17                              C46      C46       62         0
                text16                              89E      89E       A2         0
                text15                              EE0      EE0       18         0
                text14                              9DA      9DA       94         0
                text13                              A6E      A6E       92         0
                text12                              DE8      DE8       2E         0
                text11                              BE2      BE2       64         0
                text10                              6AC      6AC      108         0
                text9                               308      308      142         0
                text8                               44A      44A      132         0
                text7                               E44      E44       2C         0
                text6                               940      940       9A         0
                text5                               F38      F38        C         0
                text4                               F2C      F2C        C         0
                text3                               F4A      F4A        4         0
                text2                               7B4      7B4       EA         0
                text1                               DBA      DBA       2E         0
                text0                               57C      57C      130         0
                cinit                               CFC      CFC       50         0
                idataBANK0                          E97      E97       27         0
                idataCOMRAM                         E70      E70       27         0

        CLASS   CONST          

        CLASS   SMALLCONST     
                smallconst                          300      300        8         0

        CLASS   MEDIUMCONST    

        CLASS   COMRAM         
                cstackCOMRAM                         28       28       1C         1
                dataCOMRAM                            1        1       27         1
                bssCOMRAM                            44       44        2         1
                bitbssCOMRAM                        230       46        1         1

        CLASS   ABS1           

        CLASS   BIGRAM         

        CLASS   RAM            

        CLASS   BANK0          
                cstackBANK0                          60       60       48         1
                dataBANK0                            A8       A8       27         1

        CLASS   BANK1          

        CLASS   BANK2          

        CLASS   SFR            

        CLASS   FARRAM         

        CLASS   CONFIG         
                config                           300000   300000        E         0

        CLASS   IDLOC          
                idloc                            200000   200000        8         0

        CLASS   EEDATA         



SEGMENTS        Name                           Load    Length   Top    Selector   Space  Class

                reset_vec                      000000  000006  000006         0       0  CODE    
                dataCOMRAM                     000001  000046  000047         1       1  COMRAM  
                intcode                        000008  000010  000018         4       0  CODE    
                intcodelo                      000018  00015E  000176         C       0  CODE    
                cstackBANK0                    000060  00006F  0000CF        60       1  BANK0   
                smallconst                     000300  000008  000308       180       0  SMALLCON
                text9                          000308  000C56  000F5E       184       0  CODE    
                idloc                          200000  000008  200008    200000       0  IDLOC   
                config                         300000  00000E  30000E    300000       0  CONFIG  


UNUSED ADDRESS RANGES

        Name                Unused          Largest block    Delta
        BANK0            0000CF-0000FF               31
        BANK1            000100-0001FF              100
        BANK2            000200-0002EE               EF
        BIGRAM           000047-00005F               19
                         0000CF-0002EE              220
        CODE             000006-000007                2
                         000176-0002FF              18A
                         000F5E-003CFF             2DA2
        COMRAM           000047-00005F               19
        CONST            000006-000007                2
                         000176-0002FF              18A
                         000F5E-003CFF             2DA2
        EEDATA           F00000-F000FF              100
        MEDIUMCONST      000F5E-003CFF             2DA2
        RAM              0000CF-0002EE              100
        SFR              000F60-000F9B               3C
                         000F9D-000FD3               37
                         000FD5-000FDA                6
                         000FE0-000FE2                3
                         000FE8-000FEA                3
                         000FF0-000FFB                C
        SMALLCONST       000F5E-003CFF              100
        STACK            0000CF-0002EE              220

                                  Symbol Table

?___ftdiv                                       cstackBANK0  00007F
?___ftpack                                      cstackBANK0  000077
?___fttol                                       cstackBANK0  00008E
?___lwtoft                                      cstackBANK0  00007C
Buffer_GetCRC8@CRC                              cstackCOMRAM 000042
Buffer_GetCRC8@buff                             cstackBANK0  000077
Buffer_GetCRC8@i                                cstackCOMRAM 000041
Buffer_Read@buff                                cstackBANK0  000077
Buffer_Read@data                                cstackCOMRAM 000041
Buffer_Write@buff                               cstackBANK0  000077
Buffer_Write@data                               cstackBANK0  000079
Buffer_Write@next                               cstackBANK0  00007A
InitQEI@_DFLTCON                                cstackBANK0  000077
InitQEI@_MAXCNT                                 cstackBANK0  000078
InitQEI@_QEICON                                 cstackCOMRAM 000041
Package_CalculateCRC8@p                         cstackCOMRAM 00003E
Package_GetADR@p                                cstackCOMRAM 000036
Package_GetLength@p                             cstackCOMRAM 000036
Package_Send@p                                  cstackBANK0  00007D
Package_WriteDataByte@d                         cstackBANK0  00007E
Package_WriteDataByte@p                         cstackBANK0  00007C
SetDCBrake_NominalVoltage@DCBrakeNominalVoltage cstackBANK0  0000A1
SetDCBrake_NominalVoltage@HVSupplyVoltage       cstackBANK0  0000A3
SetDCBrake_NominalVoltage@sPWMQuantum           cstackBANK0  0000A5
SetDCBrake_PWMDuty@duty                         cstackBANK0  00009D
SetPWM1Duty@_PDC0                               cstackBANK0  000077
SetPWM2Duty@_PDC1                               cstackBANK0  000077
UARTInit@baudrate                               cstackBANK0  000077
UARTInit@divisor                                cstackCOMRAM 000041
UARTSendByte@data                               cstackCOMRAM 000041
_ANSEL0                                         (abs)        000FB8
_ANSEL1                                         (abs)        000FB9
_BAUDCONbits                                    (abs)        000FAA
_BAUDCTLbits                                    (abs)        000FAA
_Buffer_GetCRC8                                 text17       000C46
_Buffer_Read                                    text16       00089E
_Buffer_Write                                   text13       000A6E
_CCP1CON                                        (abs)        000FBD
_CCP1CONbits                                    (abs)        000FBD
_CCPR1L                                         (abs)        000FBE
_DCBrake_Catch                                  text23       000F52
_DCBrake_PWMInit                                text22       000EF8
_DFLTCON                                        (abs)        000F60
_DTCON                                          (abs)        000F6D
_FLTCONFIG                                      (abs)        000F6C
_HighIsr                                        intcode      000008
_INTCONbits                                     (abs)        000FF2
_IPR1bits                                       (abs)        000F9F
_IR2110Disable                                  text21       000F4E
_InitPCPWM                                      text20       000D4C
_InitQEI                                        text19       000E16
_InputInit                                      text18       000F44
_LowIsr                                         intcodelo    000018
_MAXCNTH                                        (abs)        000F65
_MAXCNTL                                        (abs)        000F64
_NEW_PACKAGE_RECEIVED                           bitbssCOMRAM 000230
_OVDCOND                                        (abs)        000F6B
_OVDCONS                                        (abs)        000F6A
_PDC0H                                          (abs)        000F78
_PDC0L                                          (abs)        000F79
_PDC1H                                          (abs)        000F76
_PDC1L                                          (abs)        000F77
_PIE1bits                                       (abs)        000F9D
_PIR1bits                                       (abs)        000F9E
_PORTDbits                                      (abs)        000F83
_POSCNTH                                        (abs)        000F67
_POSCNTL                                        (abs)        000F66
_PR2                                            (abs)        000FCB
_PTCON0                                         (abs)        000F7F
_PTCON1bits                                     (abs)        000F7E
_PTPERH                                         (abs)        000F7A
_PTPERL                                         (abs)        000F7B
_PWMCON0                                        (abs)        000F6F
_PWMCON1                                        (abs)        000F6E
_Package_CalculateCRC8                          text31       000D86
_Package_GetADR                                 text30       000F1E
_Package_GetLength                              text29       000F0C
_Package_Send                                   text14       0009DA
_Package_WriteDataByte                          text12       000DE8
_QEICON                                         (abs)        000FB6
_RCONbits                                       (abs)        000FD0
_RCREG                                          (abs)        000FAE
_RCSTA                                          (abs)        000FAB
_RCSTAbits                                      (abs)        000FAB
_RCV_LENGTH                                     bssCOMRAM    000044
_RCV_STATE                                      bssCOMRAM    000045
_SPBRG                                          (abs)        000FAF
_SPBRGH                                         (abs)        000FB0
_SetDCBrake_NominalVoltage                      text6        000940
_SetDCBrake_PWMDuty                             text11       000BE2
_SetPWM1Duty                                    text5        000F38
_SetPWM2Duty                                    text4        000F2C
_T2CON                                          (abs)        000FCA
_TRISAbits                                      (abs)        000F92
_TRISB                                          (abs)        000F93
_TRISCbits                                      (abs)        000F94
_TRISDbits                                      (abs)        000F95
_TXREG                                          (abs)        000FAD
_TXSTA                                          (abs)        000FAC
_TXSTAbits                                      (abs)        000FAC
_UARTAddressDetection_OFF                       text3        000F4A
_UARTAddressDetection_ON                        text28       000F5A
_UARTInit                                       text2        0007B4
_UARTSendByte                                   text15       000EE0
__CFG_BOREN$OFF                                 (abs)        000000
__CFG_CP0$OFF                                   (abs)        000000
__CFG_CP1$OFF                                   (abs)        000000
__CFG_CP2$OFF                                   (abs)        000000
__CFG_CP3$OFF                                   (abs)        000000
__CFG_CPB$OFF                                   (abs)        000000
__CFG_CPD$OFF                                   (abs)        000000
__CFG_EBTR0$OFF                                 (abs)        000000
__CFG_EBTR1$OFF                                 (abs)        000000
__CFG_EBTR2$OFF                                 (abs)        000000
__CFG_EBTR3$OFF                                 (abs)        000000
__CFG_EBTRB$OFF                                 (abs)        000000
__CFG_EXCLKMX$RC3                               (abs)        000000
__CFG_FCMEN$ON                                  (abs)        000000
__CFG_FLTAMX$RC1                                (abs)        000000
__CFG_HPOL$HIGH                                 (abs)        000000
__CFG_IESO$ON                                   (abs)        000000
__CFG_LPOL$HIGH                                 (abs)        000000
__CFG_LVP$OFF                                   (abs)        000000
__CFG_MCLRE$ON                                  (abs)        000000
__CFG_OSC$HSPLL                                 (abs)        000000
__CFG_PWM4MX$RB5                                (abs)        000000
__CFG_PWMPIN$OFF                                (abs)        000000
__CFG_PWRTEN$ON                                 (abs)        000000
__CFG_SSPMX$RD1                                 (abs)        000000
__CFG_STVREN$ON                                 (abs)        000000
__CFG_T1OSCMX$ON                                (abs)        000000
__CFG_WDPS$32768                                (abs)        000000
__CFG_WDTEN$OFF                                 (abs)        000000
__CFG_WINEN$OFF                                 (abs)        000000
__CFG_WRT0$OFF                                  (abs)        000000
__CFG_WRT1$OFF                                  (abs)        000000
__CFG_WRT2$OFF                                  (abs)        000000
__CFG_WRT3$OFF                                  (abs)        000000
__CFG_WRTB$OFF                                  (abs)        000000
__CFG_WRTC$OFF                                  (abs)        000000
__CFG_WRTD$OFF                                  (abs)        000000
__HRAM                                          (abs)        000000
__Habs1                                         abs1         000000
__Hbank0                                        bank0        000000
__Hbank1                                        bank1        000000
__Hbank2                                        bank2        000000
__Hbigbss                                       bigbss       000000
__Hbigdata                                      bigdata      000000
__Hbigram                                       bigram       000000
__HbitbssCOMRAM                                 bitbssCOMRAM 000000
__Hbss                                          bss          000000
__HbssCOMRAM                                    bssCOMRAM    000000
__Hcinit                                        cinit        000000
__Hclrtext                                      clrtext      000000
__Hcomram                                       comram       000000
__Hconfig                                       config       30000E
__Hconst                                        const        000000
__HcstackBANK0                                  cstackBANK0  000000
__HcstackCOMRAM                                 cstackCOMRAM 000000
__Hdata                                         data         000000
__HdataBANK0                                    dataBANK0    000000
__HdataCOMRAM                                   dataCOMRAM   000000
__Heeprom_data                                  eeprom_data  000000
__Hend_init                                     end_init     000176
__Hfarbss                                       farbss       000000
__Hfardata                                      fardata      000000
__Hibigdata                                     ibigdata     000000
__Hidata                                        idata        000000
__HidataBANK0                                   idataBANK0   000000
__HidataCOMRAM                                  idataCOMRAM  000000
__Hidloc                                        idloc        200008
__Hifardata                                     ifardata     000000
__Hinit                                         init         000172
__Hintcode                                      intcode      000018
__Hintcode_body                                 intcode_body 000000
__Hintcodelo                                    intcodelo    000172
__Hintentry                                     intentry     000000
__Hintret                                       intret       000000
__Hintsave_regs                                 intsave_regs 000000
__Hirdata                                       irdata       000000
__Hmediumconst                                  mediumconst  000000
__HnvFARRAM                                     nvFARRAM     000000
__Hnvbit                                        nvbit        000000
__Hnvrram                                       nvrram       000000
__Hparam                                        rparam       000000
__Hpowerup                                      powerup      000172
__Hram                                          ram          000000
__Hramtop                                       ramtop       000300
__Hrbit                                         rbit         000000
__Hrbss                                         rbss         000000
__Hrdata                                        rdata        000000
__Hreset_vec                                    reset_vec    000006
__Hrparam                                       rparam       000000
__Hsfr                                          sfr          000000
__Hsmallconst                                   smallconst   000308
__Hspace_0                                      (abs)        30000E
__Hspace_1                                      (abs)        000231
__Hspace_2                                      (abs)        000000
__Hstack                                        stack        000000
__Hstruct                                       struct       000000
__Htemp                                         temp         000000
__Htext                                         text         000000
__Htext0                                        text0        000000
__Htext1                                        text1        000000
__Htext10                                       text10       000000
__Htext11                                       text11       000000
__Htext12                                       text12       000000
__Htext13                                       text13       000000
__Htext14                                       text14       000000
__Htext15                                       text15       000000
__Htext16                                       text16       000000
__Htext17                                       text17       000000
__Htext18                                       text18       000000
__Htext19                                       text19       000000
__Htext2                                        text2        000000
__Htext20                                       text20       000000
__Htext21                                       text21       000000
__Htext22                                       text22       000000
__Htext23                                       text23       000000
__Htext25                                       text25       000000
__Htext26                                       text26       000000
__Htext27                                       text27       000000
__Htext28                                       text28       000000
__Htext29                                       text29       000000
__Htext3                                        text3        000000
__Htext30                                       text30       000000
__Htext31                                       text31       000000
__Htext32                                       text32       000000
__Htext4                                        text4        000000
__Htext5                                        text5        000000
__Htext6                                        text6        000000
__Htext7                                        text7        000000
__Htext8                                        text8        000000
__Htext9                                        text9        000000
__LRAM                                          (abs)        000001
__Labs1                                         abs1         000000
__Lbank0                                        bank0        000000
__Lbank1                                        bank1        000000
__Lbank2                                        bank2        000000
__Lbigbss                                       bigbss       000000
__Lbigdata                                      bigdata      000000
__Lbigram                                       bigram       000000
__LbitbssCOMRAM                                 bitbssCOMRAM 000000
__Lbss                                          bss          000000
__LbssCOMRAM                                    bssCOMRAM    000000
__Lcinit                                        cinit        000000
__Lclrtext                                      clrtext      000000
__Lcomram                                       comram       000000
__Lconfig                                       config       300000
__Lconst                                        const        000000
__LcstackBANK0                                  cstackBANK0  000000
__LcstackCOMRAM                                 cstackCOMRAM 000000
__Ldata                                         data         000000
__LdataBANK0                                    dataBANK0    000000
__LdataCOMRAM                                   dataCOMRAM   000000
__Leeprom_data                                  eeprom_data  000000
__Lend_init                                     end_init     000172
__Lfarbss                                       farbss       000000
__Lfardata                                      fardata      000000
__Libigdata                                     ibigdata     000000
__Lidata                                        idata        000000
__LidataBANK0                                   idataBANK0   000000
__LidataCOMRAM                                  idataCOMRAM  000000
__Lidloc                                        idloc        200000
__Lifardata                                     ifardata     000000
__Linit                                         init         000172
__Lintcode                                      intcode      000008
__Lintcode_body                                 intcode_body 000000
__Lintcodelo                                    intcodelo    000018
__Lintentry                                     intentry     000000
__Lintret                                       intret       000000
__Lintsave_regs                                 intsave_regs 000000
__Lirdata                                       irdata       000000
__Lmediumconst                                  mediumconst  000000
__LnvFARRAM                                     nvFARRAM     000000
__Lnvbit                                        nvbit        000000
__Lnvrram                                       nvrram       000000
__Lparam                                        rparam       000000
__Lpowerup                                      powerup      000172
__Lram                                          ram          000000
__Lramtop                                       ramtop       000300
__Lrbit                                         rbit         000000
__Lrbss                                         rbss         000000
__Lrdata                                        rdata        000000
__Lreset_vec                                    reset_vec    000000
__Lrparam                                       rparam       000000
__Lsfr                                          sfr          000000
__Lsmallconst                                   smallconst   000300
__Lspace_0                                      (abs)        000000
__Lspace_1                                      (abs)        000000
__Lspace_2                                      (abs)        000000
__Lstack                                        stack        000000
__Lstruct                                       struct       000000
__Ltemp                                         temp         000000
__Ltext                                         text         000000
__Ltext0                                        text0        000000
__Ltext1                                        text1        000000
__Ltext10                                       text10       000000
__Ltext11                                       text11       000000
__Ltext12                                       text12       000000
__Ltext13                                       text13       000000
__Ltext14                                       text14       000000
__Ltext15                                       text15       000000
__Ltext16                                       text16       000000
__Ltext17                                       text17       000000
__Ltext18                                       text18       000000
__Ltext19                                       text19       000000
__Ltext2                                        text2        000000
__Ltext20                                       text20       000000
__Ltext21                                       text21       000000
__Ltext22                                       text22       000000
__Ltext23                                       text23       000000
__Ltext25                                       text25       000000
__Ltext26                                       text26       000000
__Ltext27                                       text27       000000
__Ltext28                                       text28       000000
__Ltext29                                       text29       000000
__Ltext3                                        text3        000000
__Ltext30                                       text30       000000
__Ltext31                                       text31       000000
__Ltext32                                       text32       000000
__Ltext4                                        text4        000000
__Ltext5                                        text5        000000
__Ltext6                                        text6        000000
__Ltext7                                        text7        000000
__Ltext8                                        text8        000000
__Ltext9                                        text9        000000
__S0                                            (abs)        30000E
__S1                                            (abs)        0000CF
__S2                                            (abs)        000000
___ftdiv                                        text9        000308
___ftdiv@cntr                                   cstackBANK0  000088
___ftdiv@exp                                    cstackBANK0  00008C
___ftdiv@f1                                     cstackBANK0  00007F
___ftdiv@f2                                     cstackBANK0  000082
___ftdiv@f3                                     cstackBANK0  000089
___ftdiv@sign                                   cstackBANK0  00008D
___ftpack                                       text10       0006AC
___ftpack@arg                                   cstackBANK0  000077
___ftpack@exp                                   cstackBANK0  00007A
___ftpack@sign                                  cstackBANK0  00007B
___fttol                                        text8        00044A
___fttol@exp1                                   cstackBANK0  00009C
___fttol@f1                                     cstackBANK0  00008E
___fttol@lval                                   cstackBANK0  000098
___fttol@sign1                                  cstackBANK0  000097
___inthi_sp                                     stack        000000
___intlo_sp                                     stack        000000
___lwtoft                                       text7        000E44
___lwtoft@c                                     cstackBANK0  00007C
___param_bank                                   (abs)        000010
___rparam_used                                  (abs)        000001
___sp                                           stack        000000
__accesstop                                     (abs)        000060
__activetblptr                                  (abs)        000002
__end_of_Buffer_GetCRC8                         text17       000CA8
__end_of_Buffer_Read                            text16       000940
__end_of_Buffer_Write                           text13       000B00
__end_of_DCBrake_Catch                          text23       000F56
__end_of_DCBrake_PWMInit                        text22       000F0C
__end_of_HighIsr                                intcode_body 000BE2
__end_of_IR2110Disable                          text21       000F52
__end_of_InitPCPWM                              text20       000D86
__end_of_InitQEI                                text19       000E44
__end_of_InputInit                              text18       000F4A
__end_of_LowIsr                                 intcodelo    000172
__end_of_Package_CalculateCRC8                  text31       000DBA
__end_of_Package_GetADR                         text30       000F2C
__end_of_Package_GetLength                      text29       000F1E
__end_of_Package_Send                           text14       000A6E
__end_of_Package_WriteDataByte                  text12       000E16
__end_of_SetDCBrake_NominalVoltage              text6        0009DA
__end_of_SetDCBrake_PWMDuty                     text11       000C46
__end_of_SetPWM1Duty                            text5        000F44
__end_of_SetPWM2Duty                            text4        000F38
__end_of_UARTAddressDetection_OFF               text3        000F4E
__end_of_UARTAddressDetection_ON                text28       000F5E
__end_of_UARTInit                               text2        00089E
__end_of_UARTSendByte                           text15       000EF8
__end_of___ftdiv                                text9        00044A
__end_of___ftpack                               text10       0007B4
__end_of___fttol                                text8        00057C
__end_of___lwtoft                               text7        000E70
__end_of__initialization                        cinit        000D42
__end_of_delay_ms                               text1        000DE8
__end_of_fVersion                               smallconst   000306
__end_of_main                                   text0        0006AC
__end_ofi1_Buffer_GetCRC8                       text32       000CFC
__end_ofi1_Buffer_Write                         text27       000B7C
__end_ofi1_Package_WriteDataByte                text26       000EE0
__end_ofi1_UARTAddressDetection_OFF             text25       000F5A
__initialization                                cinit        000CFC
__mediumconst                                   mediumconst  000000
__pbitbssCOMRAM                                 bitbssCOMRAM 000230
__pbssCOMRAM                                    bssCOMRAM    000044
__pcinit                                        cinit        000CFC
__pcstackBANK0                                  cstackBANK0  000060
__pcstackCOMRAM                                 cstackCOMRAM 000028
__pdataBANK0                                    dataBANK0    0000A8
__pdataCOMRAM                                   dataCOMRAM   000001
__pidataBANK0                                   idataBANK0   000E97
__pidataCOMRAM                                  idataCOMRAM  000E70
__pintcode                                      intcode      000008
__pintcode_body                                 intcode_body 000B7C
__pintcodelo                                    intcodelo    000018
__psmallconst                                   smallconst   000300
__ptext0                                        text0        00057C
__ptext1                                        text1        000DBA
__ptext10                                       text10       0006AC
__ptext11                                       text11       000BE2
__ptext12                                       text12       000DE8
__ptext13                                       text13       000A6E
__ptext14                                       text14       0009DA
__ptext15                                       text15       000EE0
__ptext16                                       text16       00089E
__ptext17                                       text17       000C46
__ptext18                                       text18       000F44
__ptext19                                       text19       000E16
__ptext2                                        text2        0007B4
__ptext20                                       text20       000D4C
__ptext21                                       text21       000F4E
__ptext22                                       text22       000EF8
__ptext23                                       text23       000F52
__ptext25                                       text25       000F56
__ptext26                                       text26       000EBE
__ptext27                                       text27       000B00
__ptext28                                       text28       000F5A
__ptext29                                       text29       000F0C
__ptext3                                        text3        000F4A
__ptext30                                       text30       000F1E
__ptext31                                       text31       000D86
__ptext32                                       text32       000CA8
__ptext4                                        text4        000F2C
__ptext5                                        text5        000F38
__ptext6                                        text6        000940
__ptext7                                        text7        000E44
__ptext8                                        text8        00044A
__ptext9                                        text9        000308
__ramtop                                        ramtop       000300
__size_of_Buffer_GetCRC8                        (abs)        000000
__size_of_Buffer_Read                           (abs)        000000
__size_of_Buffer_Write                          (abs)        000000
__size_of_DCBrake_Catch                         (abs)        000000
__size_of_DCBrake_PWMInit                       (abs)        000000
__size_of_HighIsr                               (abs)        000000
__size_of_IR2110Disable                         (abs)        000000
__size_of_InitPCPWM                             (abs)        000000
__size_of_InitQEI                               (abs)        000000
__size_of_InputInit                             (abs)        000000
__size_of_LowIsr                                (abs)        000000
__size_of_Package_CalculateCRC8                 (abs)        000000
__size_of_Package_GetADR                        (abs)        000000
__size_of_Package_GetLength                     (abs)        000000
__size_of_Package_Send                          (abs)        000000
__size_of_Package_WriteDataByte                 (abs)        000000
__size_of_SetDCBrake_NominalVoltage             (abs)        000000
__size_of_SetDCBrake_PWMDuty                    (abs)        000000
__size_of_SetPWM1Duty                           (abs)        000000
__size_of_SetPWM2Duty                           (abs)        000000
__size_of_UARTAddressDetection_OFF              (abs)        000000
__size_of_UARTAddressDetection_ON               (abs)        000000
__size_of_UARTInit                              (abs)        000000
__size_of_UARTSendByte                          (abs)        000000
__size_of___ftdiv                               (abs)        000000
__size_of___ftpack                              (abs)        000000
__size_of___fttol                               (abs)        000000
__size_of___lwtoft                              (abs)        000000
__size_of_delay_ms                              (abs)        000000
__size_of_main                                  (abs)        000000
__size_ofi1_Buffer_GetCRC8                      (abs)        000000
__size_ofi1_Buffer_Write                        (abs)        000000
__size_ofi1_Package_WriteDataByte               (abs)        000000
__size_ofi1_UARTAddressDetection_OFF            (abs)        000000
__smallconst                                    smallconst   000300
_delay_ms                                       text1        000DBA
_fVersion                                       smallconst   000301
_in                                             dataCOMRAM   000001
_main                                           text0        00057C
_out                                            dataBANK0    0000A8
delay_ms@delay                                  cstackBANK0  000077
delay_ms@i                                      cstackCOMRAM 000042
end_of_initialization                           cinit        000D42
i1Buffer_GetCRC8@CRC                            cstackCOMRAM 00003D
i1Buffer_GetCRC8@buff                           cstackCOMRAM 000036
i1Buffer_GetCRC8@i                              cstackCOMRAM 00003C
i1Buffer_Write@buff                             cstackCOMRAM 000036
i1Buffer_Write@data                             cstackCOMRAM 00003A
i1Buffer_Write@next                             cstackCOMRAM 00003B
i1Package_WriteDataByte@d                       cstackCOMRAM 00003F
i1Package_WriteDataByte@p                       cstackCOMRAM 00003D
i1_Buffer_GetCRC8                               text32       000CA8
i1_Buffer_Write                                 text27       000B00
i1_Package_WriteDataByte                        text26       000EBE
i1_UARTAddressDetection_OFF                     text25       000F56
int_func                                        intcode_body 000B7C
intlevel0                                       text         000000
intlevel1                                       text         000000
intlevel2                                       text         000000
intlevel3                                       text         000000
stackhi                                         (abs)        0002EE
stacklo                                         (abs)        0000CF
start                                           init         000172
start_initialization                            cinit        000CFC


FUNCTION INFORMATION:

 *************** function _main *****************
 Defined at:
		line 108 in file "main.c"
 Parameters:    Size  Location     Type
		None
 Auto vars:     Size  Location     Type
		None
 Return value:  Size  Location     Type
                  2   84[None  ] int 
 Registers used:
		wreg, fsr1l, fsr1h, fsr2l, fsr2h, status,2, status,0, tblptrl, tblptrh, tblptru, prodl, prodh, cstack
 Tracked objects:
		On entry : 
		On exit  : 
		Unchanged: 
 Data sizes:     COMRAM   BANK0   BANK1   BANK2
      Params:         0       0       0       0
      Locals:         0       0       0       0
      Temps:          0       0       0       0
      Totals:         0       0       0       0
Total ram usage:        0 bytes
 Hardware stack levels required when called:    7
 This function calls:
		_DCBrake_Catch
		_DCBrake_PWMInit
		_IR2110Disable
		_InitPCPWM
		_InitQEI
		_InputInit
		_Package_Send
		_Package_WriteDataByte
		_SetDCBrake_NominalVoltage
		_SetPWM1Duty
		_SetPWM2Duty
		_UARTAddressDetection_OFF
		_UARTInit
		_UARTSendByte
		_delay_ms
 This function is called by:
		Startup code after reset
 This function uses a non-reentrant model


 *************** function _delay_ms *****************
 Defined at:
		line 101 in file "main.c"
 Parameters:    Size  Location     Type
  delay           2   23[BANK0 ] unsigned int 
 Auto vars:     Size  Location     Type
  i               2   26[COMRAM] int 
 Return value:  Size  Location     Type
		None               void
 Registers used:
		wreg, status,2, status,0
 Tracked objects:
		On entry : 
		On exit  : 
		Unchanged: 
 Data sizes:     COMRAM   BANK0   BANK1   BANK2
      Params:         0       2       0       0
      Locals:         2       0       0       0
      Temps:          1       0       0       0
      Totals:         3       2       0       0
Total ram usage:        5 bytes
 Hardware stack levels used:    1
 Hardware stack levels required when called:    4
 This function calls:
		Nothing
 This function is called by:
		_main
 This function uses a non-reentrant model


 *************** function _UARTInit *****************
 Defined at:
		line 8 in file "uart.c"
 Parameters:    Size  Location     Type
  baudrate        4   23[BANK0 ] unsigned long 
 Auto vars:     Size  Location     Type
  divisor         2   25[COMRAM] unsigned int 
 Return value:  Size  Location     Type
		None               void
 Registers used:
		wreg, status,2, status,0
 Tracked objects:
		On entry : 
		On exit  : 
		Unchanged: 
 Data sizes:     COMRAM   BANK0   BANK1   BANK2
      Params:         0       4       0       0
      Locals:         2       0       0       0
      Temps:          0       4       0       0
      Totals:         2       8       0       0
Total ram usage:       10 bytes
 Hardware stack levels used:    1
 Hardware stack levels required when called:    4
 This function calls:
		Nothing
 This function is called by:
		_main
 This function uses a non-reentrant model


 *************** function _UARTAddressDetection_OFF *****************
 Defined at:
		line 95 in file "uart.c"
 Parameters:    Size  Location     Type
		None
 Auto vars:     Size  Location     Type
		None
 Return value:  Size  Location     Type
		None               void
 Registers used:
		None
 Tracked objects:
		On entry : 
		On exit  : 
		Unchanged: 
 Data sizes:     COMRAM   BANK0   BANK1   BANK2
      Params:         0       0       0       0
      Locals:         0       0       0       0
      Temps:          0       0       0       0
      Totals:         0       0       0       0
Total ram usage:        0 bytes
 Hardware stack levels used:    1
 Hardware stack levels required when called:    4
 This function calls:
		Nothing
 This function is called by:
		_main
 This function uses a non-reentrant model


 *************** function _SetPWM2Duty *****************
 Defined at:
		line 82 in file "pcpwm.c"
 Parameters:    Size  Location     Type
  _PDC1           2   23[BANK0 ] unsigned int 
 Auto vars:     Size  Location     Type
		None
 Return value:  Size  Location     Type
		None               void
 Registers used:
		wreg, status,2
 Tracked objects:
		On entry : 
		On exit  : 
		Unchanged: 
 Data sizes:     COMRAM   BANK0   BANK1   BANK2
      Params:         0       2       0       0
      Locals:         0       0       0       0
      Temps:          0       0       0       0
      Totals:         0       2       0       0
Total ram usage:        2 bytes
 Hardware stack levels used:    1
 Hardware stack levels required when called:    4
 This function calls:
		Nothing
 This function is called by:
		_main
 This function uses a non-reentrant model


 *************** function _SetPWM1Duty *****************
 Defined at:
		line 72 in file "pcpwm.c"
 Parameters:    Size  Location     Type
  _PDC0           2   23[BANK0 ] unsigned int 
 Auto vars:     Size  Location     Type
		None
 Return value:  Size  Location     Type
		None               void
 Registers used:
		wreg, status,2
 Tracked objects:
		On entry : 
		On exit  : 
		Unchanged: 
 Data sizes:     COMRAM   BANK0   BANK1   BANK2
      Params:         0       2       0       0
      Locals:         0       0       0       0
      Temps:          0       0       0       0
      Totals:         0       2       0       0
Total ram usage:        2 bytes
 Hardware stack levels used:    1
 Hardware stack levels required when called:    4
 This function calls:
		Nothing
 This function is called by:
		_main
 This function uses a non-reentrant model


 *************** function _SetDCBrake_NominalVoltage *****************
 Defined at:
		line 51 in file "dc_brake.c"
 Parameters:    Size  Location     Type
  DCBrakeNomin    2   65[BANK0 ] unsigned short 
  HVSupplyVolt    2   67[BANK0 ] unsigned short 
 Auto vars:     Size  Location     Type
  sPWMQuantum     3   69[BANK0 ] float 
 Return value:  Size  Location     Type
                  2   65[BANK0 ] int 
 Registers used:
		wreg, status,2, status,0, cstack
 Tracked objects:
		On entry : 
		On exit  : 
		Unchanged: 
 Data sizes:     COMRAM   BANK0   BANK1   BANK2
      Params:         0       4       0       0
      Locals:         0       3       0       0
      Temps:          0       0       0       0
      Totals:         0       7       0       0
Total ram usage:        7 bytes
 Hardware stack levels used:    1
 Hardware stack levels required when called:    6
 This function calls:
		_SetDCBrake_PWMDuty
		___ftdiv
		___fttol
		___lwtoft
 This function is called by:
		_main
 This function uses a non-reentrant model


 *************** function ___lwtoft *****************
 Defined at:
		line 28 in file "C:\Program Files (x86)\Microchip\xc8\v1.34\sources\common\lwtoft.c"
 Parameters:    Size  Location     Type
  c               2   28[BANK0 ] unsigned int 
 Auto vars:     Size  Location     Type
		None
 Return value:  Size  Location     Type
                  3   28[BANK0 ] float 
 Registers used:
		wreg, status,2, status,0, cstack
 Tracked objects:
		On entry : 
		On exit  : 
		Unchanged: 
 Data sizes:     COMRAM   BANK0   BANK1   BANK2
      Params:         0       3       0       0
      Locals:         0       0       0       0
      Temps:          0       0       0       0
      Totals:         0       3       0       0
Total ram usage:        3 bytes
 Hardware stack levels used:    1
 Hardware stack levels required when called:    5
 This function calls:
		___ftpack
 This function is called by:
		_SetDCBrake_NominalVoltage
 This function uses a non-reentrant model


 *************** function ___fttol *****************
 Defined at:
		line 44 in file "C:\Program Files (x86)\Microchip\xc8\v1.34\sources\common\fttol.c"
 Parameters:    Size  Location     Type
  f1              3   46[BANK0 ] float 
 Auto vars:     Size  Location     Type
  lval            4   56[BANK0 ] unsigned long 
  exp1            1   60[BANK0 ] unsigned char 
  sign1           1   55[BANK0 ] unsigned char 
 Return value:  Size  Location     Type
                  4   46[BANK0 ] long 
 Registers used:
		wreg, status,2, status,0
 Tracked objects:
		On entry : 
		On exit  : 
		Unchanged: 
 Data sizes:     COMRAM   BANK0   BANK1   BANK2
      Params:         0       4       0       0
      Locals:         0       6       0       0
      Temps:          0       5       0       0
      Totals:         0      15       0       0
Total ram usage:       15 bytes
 Hardware stack levels used:    1
 Hardware stack levels required when called:    4
 This function calls:
		Nothing
 This function is called by:
		_SetDCBrake_NominalVoltage
 This function uses a non-reentrant model


 *************** function ___ftdiv *****************
 Defined at:
		line 54 in file "C:\Program Files (x86)\Microchip\xc8\v1.34\sources\common\ftdiv.c"
 Parameters:    Size  Location     Type
  f1              3   31[BANK0 ] float 
  f2              3   34[BANK0 ] float 
 Auto vars:     Size  Location     Type
  f3              3   41[BANK0 ] float 
  sign            1   45[BANK0 ] unsigned char 
  exp             1   44[BANK0 ] unsigned char 
  cntr            1   40[BANK0 ] unsigned char 
 Return value:  Size  Location     Type
                  3   31[BANK0 ] float 
 Registers used:
		wreg, status,2, status,0, cstack
 Tracked objects:
		On entry : 
		On exit  : 
		Unchanged: 
 Data sizes:     COMRAM   BANK0   BANK1   BANK2
      Params:         0       6       0       0
      Locals:         0       6       0       0
      Temps:          0       3       0       0
      Totals:         0      15       0       0
Total ram usage:       15 bytes
 Hardware stack levels used:    1
 Hardware stack levels required when called:    5
 This function calls:
		___ftpack
 This function is called by:
		_SetDCBrake_NominalVoltage
 This function uses a non-reentrant model


 *************** function ___ftpack *****************
 Defined at:
		line 62 in file "C:\Program Files (x86)\Microchip\xc8\v1.34\sources\common\float.c"
 Parameters:    Size  Location     Type
  arg             3   23[BANK0 ] unsigned um
  exp             1   26[BANK0 ] unsigned char 
  sign            1   27[BANK0 ] unsigned char 
 Auto vars:     Size  Location     Type
		None
 Return value:  Size  Location     Type
                  3   23[BANK0 ] float 
 Registers used:
		wreg, status,2, status,0
 Tracked objects:
		On entry : 
		On exit  : 
		Unchanged: 
 Data sizes:     COMRAM   BANK0   BANK1   BANK2
      Params:         0       5       0       0
      Locals:         0       0       0       0
      Temps:          3       0       0       0
      Totals:         3       5       0       0
Total ram usage:        8 bytes
 Hardware stack levels used:    1
 Hardware stack levels required when called:    4
 This function calls:
		Nothing
 This function is called by:
		___ftdiv
		___lwtoft
 This function uses a non-reentrant model


 *************** function _SetDCBrake_PWMDuty *****************
 Defined at:
		line 22 in file "dc_brake.c"
 Parameters:    Size  Location     Type
  duty            2   61[BANK0 ] unsigned int 
 Auto vars:     Size  Location     Type
		None
 Return value:  Size  Location     Type
		None               void
 Registers used:
		wreg, status,2, status,0
 Tracked objects:
		On entry : 
		On exit  : 
		Unchanged: 
 Data sizes:     COMRAM   BANK0   BANK1   BANK2
      Params:         0       2       0       0
      Locals:         0       0       0       0
      Temps:          0       2       0       0
      Totals:         0       4       0       0
Total ram usage:        4 bytes
 Hardware stack levels used:    1
 Hardware stack levels required when called:    4
 This function calls:
		Nothing
 This function is called by:
		_SetDCBrake_NominalVoltage
 This function uses a non-reentrant model


 *************** function _Package_WriteDataByte *****************
 Defined at:
		line 18 in file "comm_protocol.c"
 Parameters:    Size  Location     Type
  p               2   28[BANK0 ] PTR volatile struct pack
		 -> out(39), in(39), 
  d               1   30[BANK0 ] unsigned char 
 Auto vars:     Size  Location     Type
		None
 Return value:  Size  Location     Type
		None               void
 Registers used:
		wreg, fsr2l, fsr2h, status,2, status,0, cstack
 Tracked objects:
		On entry : 
		On exit  : 
		Unchanged: 
 Data sizes:     COMRAM   BANK0   BANK1   BANK2
      Params:         0       3       0       0
      Locals:         0       0       0       0
      Temps:          0       0       0       0
      Totals:         0       3       0       0
Total ram usage:        3 bytes
 Hardware stack levels used:    1
 Hardware stack levels required when called:    5
 This function calls:
		_Buffer_Write
 This function is called by:
		_main
 This function uses a non-reentrant model


 *************** function _Buffer_Write *****************
 Defined at:
		line 4 in file "ring_buffer.c"
 Parameters:    Size  Location     Type
  data            1    wreg     unsigned char 
  buff            2   23[BANK0 ] PTR volatile struct circ
		 -> out(39), in(39), 
 Auto vars:     Size  Location     Type
  data            1   25[BANK0 ] unsigned char 
  next            2   26[BANK0 ] unsigned int 
 Return value:  Size  Location     Type
		None               void
 Registers used:
		wreg, fsr2l, fsr2h, status,2, status,0
 Tracked objects:
		On entry : 
		On exit  : 
		Unchanged: 
 Data sizes:     COMRAM   BANK0   BANK1   BANK2
      Params:         0       2       0       0
      Locals:         0       3       0       0
      Temps:          2       0       0       0
      Totals:         2       5       0       0
Total ram usage:        7 bytes
 Hardware stack levels used:    1
 Hardware stack levels required when called:    4
 This function calls:
		Nothing
 This function is called by:
		_Package_WriteDataByte
 This function uses a non-reentrant model


 *************** function _Package_Send *****************
 Defined at:
		line 4 in file "comm_protocol.c"
 Parameters:    Size  Location     Type
  p               2   29[BANK0 ] PTR volatile struct pack
		 -> out(39), 
 Auto vars:     Size  Location     Type
  i               1    0        unsigned char 
 Return value:  Size  Location     Type
		None               void
 Registers used:
		wreg, fsr1l, fsr1h, fsr2l, fsr2h, status,2, status,0, prodl, prodh, cstack
 Tracked objects:
		On entry : 
		On exit  : 
		Unchanged: 
 Data sizes:     COMRAM   BANK0   BANK1   BANK2
      Params:         0       2       0       0
      Locals:         0       0       0       0
      Temps:          1       0       0       0
      Totals:         1       2       0       0
Total ram usage:        3 bytes
 Hardware stack levels used:    1
 Hardware stack levels required when called:    5
 This function calls:
		_Buffer_GetCRC8
		_Buffer_Read
		_UARTSendByte
 This function is called by:
		_main
 This function uses a non-reentrant model


 *************** function _UARTSendByte *****************
 Defined at:
		line 56 in file "uart.c"
 Parameters:    Size  Location     Type
  data            1    wreg     unsigned char 
 Auto vars:     Size  Location     Type
  data            1   25[COMRAM] unsigned char 
 Return value:  Size  Location     Type
		None               void
 Registers used:
		wreg
 Tracked objects:
		On entry : 
		On exit  : 
		Unchanged: 
 Data sizes:     COMRAM   BANK0   BANK1   BANK2
      Params:         0       0       0       0
      Locals:         1       0       0       0
      Temps:          0       0       0       0
      Totals:         1       0       0       0
Total ram usage:        1 bytes
 Hardware stack levels used:    1
 Hardware stack levels required when called:    4
 This function calls:
		Nothing
 This function is called by:
		_main
		_Package_Send
 This function uses a non-reentrant model


 *************** function _Buffer_Read *****************
 Defined at:
		line 14 in file "ring_buffer.c"
 Parameters:    Size  Location     Type
  buff            2   23[BANK0 ] PTR volatile struct circ
		 -> out(39), 
 Auto vars:     Size  Location     Type
  data            1   25[COMRAM] unsigned char 
 Return value:  Size  Location     Type
                  1    wreg      unsigned char 
 Registers used:
		wreg, fsr1l, fsr1h, fsr2l, fsr2h, status,2, status,0
 Tracked objects:
		On entry : 
		On exit  : 
		Unchanged: 
 Data sizes:     COMRAM   BANK0   BANK1   BANK2
      Params:         0       2       0       0
      Locals:         1       0       0       0
      Temps:          0       4       0       0
      Totals:         1       6       0       0
Total ram usage:        7 bytes
 Hardware stack levels used:    1
 Hardware stack levels required when called:    4
 This function calls:
		Nothing
 This function is called by:
		_Package_Send
		_Package_ReadDataByte
 This function uses a non-reentrant model


 *************** function _Buffer_GetCRC8 *****************
 Defined at:
		line 26 in file "ring_buffer.c"
 Parameters:    Size  Location     Type
  buff            2   23[BANK0 ] PTR volatile struct circ
		 -> out(39), in(39), 
 Auto vars:     Size  Location     Type
  CRC             1   26[COMRAM] unsigned char 
  i               1   25[COMRAM] unsigned char 
 Return value:  Size  Location     Type
                  1    wreg      unsigned char 
 Registers used:
		wreg, fsr2l, fsr2h, status,2, status,0, prodl, prodh
 Tracked objects:
		On entry : 
		On exit  : 
		Unchanged: 
 Data sizes:     COMRAM   BANK0   BANK1   BANK2
      Params:         0       2       0       0
      Locals:         2       0       0       0
      Temps:          0       4       0       0
      Totals:         2       6       0       0
Total ram usage:        8 bytes
 Hardware stack levels used:    1
 Hardware stack levels required when called:    4
 This function calls:
		Nothing
 This function is called by:
		_Package_Send
 This function uses a non-reentrant model


 *************** function _InputInit *****************
 Defined at:
		line 7 in file "input.c"
 Parameters:    Size  Location     Type
		None
 Auto vars:     Size  Location     Type
		None
 Return value:  Size  Location     Type
		None               void
 Registers used:
		None
 Tracked objects:
		On entry : 
		On exit  : 
		Unchanged: 
 Data sizes:     COMRAM   BANK0   BANK1   BANK2
      Params:         0       0       0       0
      Locals:         0       0       0       0
      Temps:          0       0       0       0
      Totals:         0       0       0       0
Total ram usage:        0 bytes
 Hardware stack levels used:    1
 Hardware stack levels required when called:    4
 This function calls:
		Nothing
 This function is called by:
		_main
 This function uses a non-reentrant model


 *************** function _InitQEI *****************
 Defined at:
		line 10 in file "qei.c"
 Parameters:    Size  Location     Type
  _QEICON         1    wreg     unsigned char 
  _DFLTCON        1   23[BANK0 ] unsigned char 
  _MAXCNT         2   24[BANK0 ] unsigned int 
 Auto vars:     Size  Location     Type
  _QEICON         1   25[COMRAM] unsigned char 
 Return value:  Size  Location     Type
		None               void
 Registers used:
		wreg, status,2, status,0
 Tracked objects:
		On entry : 
		On exit  : 
		Unchanged: 
 Data sizes:     COMRAM   BANK0   BANK1   BANK2
      Params:         0       3       0       0
      Locals:         1       0       0       0
      Temps:          0       0       0       0
      Totals:         1       3       0       0
Total ram usage:        4 bytes
 Hardware stack levels used:    1
 Hardware stack levels required when called:    4
 This function calls:
		Nothing
 This function is called by:
		_main
 This function uses a non-reentrant model


 *************** function _InitPCPWM *****************
 Defined at:
		line 6 in file "pcpwm.c"
 Parameters:    Size  Location     Type
		None
 Auto vars:     Size  Location     Type
		None
 Return value:  Size  Location     Type
		None               void
 Registers used:
		wreg, status,2
 Tracked objects:
		On entry : 
		On exit  : 
		Unchanged: 
 Data sizes:     COMRAM   BANK0   BANK1   BANK2
      Params:         0       0       0       0
      Locals:         0       0       0       0
      Temps:          0       0       0       0
      Totals:         0       0       0       0
Total ram usage:        0 bytes
 Hardware stack levels used:    1
 Hardware stack levels required when called:    4
 This function calls:
		Nothing
 This function is called by:
		_main
 This function uses a non-reentrant model


 *************** function _IR2110Disable *****************
 Defined at:
		line 99 in file "pcpwm.c"
 Parameters:    Size  Location     Type
		None
 Auto vars:     Size  Location     Type
		None
 Return value:  Size  Location     Type
		None               void
 Registers used:
		None
 Tracked objects:
		On entry : 
		On exit  : 
		Unchanged: 
 Data sizes:     COMRAM   BANK0   BANK1   BANK2
      Params:         0       0       0       0
      Locals:         0       0       0       0
      Temps:          0       0       0       0
      Totals:         0       0       0       0
Total ram usage:        0 bytes
 Hardware stack levels used:    1
 Hardware stack levels required when called:    4
 This function calls:
		Nothing
 This function is called by:
		_main
 This function uses a non-reentrant model


 *************** function _DCBrake_PWMInit *****************
 Defined at:
		line 8 in file "dc_brake.c"
 Parameters:    Size  Location     Type
		None
 Auto vars:     Size  Location     Type
		None
 Return value:  Size  Location     Type
		None               void
 Registers used:
		wreg, status,2
 Tracked objects:
		On entry : 
		On exit  : 
		Unchanged: 
 Data sizes:     COMRAM   BANK0   BANK1   BANK2
      Params:         0       0       0       0
      Locals:         0       0       0       0
      Temps:          0       0       0       0
      Totals:         0       0       0       0
Total ram usage:        0 bytes
 Hardware stack levels used:    1
 Hardware stack levels required when called:    4
 This function calls:
		Nothing
 This function is called by:
		_main
 This function uses a non-reentrant model


 *************** function _DCBrake_Catch *****************
 Defined at:
		line 40 in file "dc_brake.c"
 Parameters:    Size  Location     Type
		None
 Auto vars:     Size  Location     Type
		None
 Return value:  Size  Location     Type
		None               void
 Registers used:
		None
 Tracked objects:
		On entry : 
		On exit  : 
		Unchanged: 
 Data sizes:     COMRAM   BANK0   BANK1   BANK2
      Params:         0       0       0       0
      Locals:         0       0       0       0
      Temps:          0       0       0       0
      Totals:         0       0       0       0
Total ram usage:        0 bytes
 Hardware stack levels used:    1
 Hardware stack levels required when called:    4
 This function calls:
		Nothing
 This function is called by:
		_main
 This function uses a non-reentrant model


 *************** function _LowIsr *****************
 Defined at:
		line 58 in file "main.c"
 Parameters:    Size  Location     Type
		None
 Auto vars:     Size  Location     Type
		None
 Return value:  Size  Location     Type
		None               void
 Registers used:
		wreg, fsr2l, fsr2h, status,2, status,0, prodl, prodh, cstack
 Tracked objects:
		On entry : 
		On exit  : 
		Unchanged: 
 Data sizes:     COMRAM   BANK0   BANK1   BANK2
      Params:         0       0       0       0
      Locals:         0       0       0       0
      Temps:          0      23       0       0
      Totals:         0      23       0       0
Total ram usage:       23 bytes
 Hardware stack levels used:    1
 Hardware stack levels required when called:    3
 This function calls:
		_Package_CalculateCRC8
		_Package_GetADR
		_Package_GetLength
		_UARTAddressDetection_ON
		i1_Package_WriteDataByte
		i1_UARTAddressDetection_OFF
 This function is called by:
		Interrupt level 1
 This function uses a non-reentrant model


 *************** function i1_UARTAddressDetection_OFF *****************
 Defined at:
		line 95 in file "uart.c"
 Parameters:    Size  Location     Type
		None
 Auto vars:     Size  Location     Type
		None
 Return value:  Size  Location     Type
		None               void
 Registers used:
		None
 Tracked objects:
		On entry : 
		On exit  : 
		Unchanged: 
 Data sizes:     COMRAM   BANK0   BANK1   BANK2
      Params:         0       0       0       0
      Locals:         0       0       0       0
      Temps:          0       0       0       0
      Totals:         0       0       0       0
Total ram usage:        0 bytes
 Hardware stack levels used:    1
 Hardware stack levels required when called:    1
 This function calls:
		Nothing
 This function is called by:
		_LowIsr
 This function uses a non-reentrant model


 *************** function i1_Package_WriteDataByte *****************
 Defined at:
		line 18 in file "comm_protocol.c"
 Parameters:    Size  Location     Type
  p               2   21[COMRAM] PTR volatile struct pack
		 -> out(39), in(39), 
  d               1   23[COMRAM] unsigned char 
 Auto vars:     Size  Location     Type
		None
 Return value:  Size  Location     Type
		None               void
 Registers used:
		wreg, fsr2l, fsr2h, status,2, status,0, cstack
 Tracked objects:
		On entry : 
		On exit  : 
		Unchanged: 
 Data sizes:     COMRAM   BANK0   BANK1   BANK2
      Params:         3       0       0       0
      Locals:         0       0       0       0
      Temps:          0       0       0       0
      Totals:         3       0       0       0
Total ram usage:        3 bytes
 Hardware stack levels used:    1
 Hardware stack levels required when called:    2
 This function calls:
		i1_Buffer_Write
 This function is called by:
		_LowIsr
 This function uses a non-reentrant model


 *************** function i1_Buffer_Write *****************
 Defined at:
		line 4 in file "ring_buffer.c"
 Parameters:    Size  Location     Type
  data            1    wreg     unsigned char 
  buff            2   14[COMRAM] PTR volatile struct circ
		 -> out(39), in(39), 
 Auto vars:     Size  Location     Type
  data            1   18[COMRAM] unsigned char 
  Buffer_Write    2   19[COMRAM] unsigned int 
 Return value:  Size  Location     Type
		None               void
 Registers used:
		wreg, fsr2l, fsr2h, status,2, status,0
 Tracked objects:
		On entry : 
		On exit  : 
		Unchanged: 
 Data sizes:     COMRAM   BANK0   BANK1   BANK2
      Params:         2       0       0       0
      Locals:         3       0       0       0
      Temps:          2       0       0       0
      Totals:         7       0       0       0
Total ram usage:        7 bytes
 Hardware stack levels used:    1
 Hardware stack levels required when called:    1
 This function calls:
		Nothing
 This function is called by:
		i1_Package_WriteDataByte
 This function uses a non-reentrant model


 *************** function _UARTAddressDetection_ON *****************
 Defined at:
		line 87 in file "uart.c"
 Parameters:    Size  Location     Type
		None
 Auto vars:     Size  Location     Type
		None
 Return value:  Size  Location     Type
		None               void
 Registers used:
		None
 Tracked objects:
		On entry : 
		On exit  : 
		Unchanged: 
 Data sizes:     COMRAM   BANK0   BANK1   BANK2
      Params:         0       0       0       0
      Locals:         0       0       0       0
      Temps:          0       0       0       0
      Totals:         0       0       0       0
Total ram usage:        0 bytes
 Hardware stack levels used:    1
 Hardware stack levels required when called:    1
 This function calls:
		Nothing
 This function is called by:
		_LowIsr
 This function uses a non-reentrant model


 *************** function _Package_GetLength *****************
 Defined at:
		line 30 in file "comm_protocol.c"
 Parameters:    Size  Location     Type
  p               2   14[COMRAM] PTR volatile struct pack
		 -> in(39), 
 Auto vars:     Size  Location     Type
		None
 Return value:  Size  Location     Type
                  1    wreg      unsigned char 
 Registers used:
		wreg, fsr2l, fsr2h, status,2, status,0
 Tracked objects:
		On entry : 
		On exit  : 
		Unchanged: 
 Data sizes:     COMRAM   BANK0   BANK1   BANK2
      Params:         2       0       0       0
      Locals:         0       0       0       0
      Temps:          0       0       0       0
      Totals:         2       0       0       0
Total ram usage:        2 bytes
 Hardware stack levels used:    1
 Hardware stack levels required when called:    1
 This function calls:
		Nothing
 This function is called by:
		_LowIsr
 This function uses a non-reentrant model


 *************** function _Package_GetADR *****************
 Defined at:
		line 40 in file "comm_protocol.c"
 Parameters:    Size  Location     Type
  p               2   14[COMRAM] PTR volatile struct pack
		 -> in(39), 
 Auto vars:     Size  Location     Type
		None
 Return value:  Size  Location     Type
                  1    wreg      unsigned char 
 Registers used:
		wreg, fsr2l, fsr2h
 Tracked objects:
		On entry : 
		On exit  : 
		Unchanged: 
 Data sizes:     COMRAM   BANK0   BANK1   BANK2
      Params:         2       0       0       0
      Locals:         0       0       0       0
      Temps:          0       0       0       0
      Totals:         2       0       0       0
Total ram usage:        2 bytes
 Hardware stack levels used:    1
 Hardware stack levels required when called:    1
 This function calls:
		Nothing
 This function is called by:
		_LowIsr
 This function uses a non-reentrant model


 *************** function _Package_CalculateCRC8 *****************
 Defined at:
		line 50 in file "comm_protocol.c"
 Parameters:    Size  Location     Type
  p               2   22[COMRAM] PTR volatile struct pack
		 -> in(39), 
 Auto vars:     Size  Location     Type
		None
 Return value:  Size  Location     Type
                  1    wreg      unsigned char 
 Registers used:
		wreg, fsr2l, fsr2h, status,2, status,0, prodl, prodh, cstack
 Tracked objects:
		On entry : 
		On exit  : 
		Unchanged: 
 Data sizes:     COMRAM   BANK0   BANK1   BANK2
      Params:         2       0       0       0
      Locals:         0       0       0       0
      Temps:          1       0       0       0
      Totals:         3       0       0       0
Total ram usage:        3 bytes
 Hardware stack levels used:    1
 Hardware stack levels required when called:    2
 This function calls:
		i1_Buffer_GetCRC8
 This function is called by:
		_LowIsr
 This function uses a non-reentrant model


 *************** function i1_Buffer_GetCRC8 *****************
 Defined at:
		line 26 in file "ring_buffer.c"
 Parameters:    Size  Location     Type
  buff            2   14[COMRAM] PTR volatile struct circ
		 -> out(39), in(39), 
 Auto vars:     Size  Location     Type
  Buffer_GetCR    1   21[COMRAM] unsigned char 
  Buffer_GetCR    1   20[COMRAM] unsigned char 
 Return value:  Size  Location     Type
                  1    wreg      unsigned char 
 Registers used:
		wreg, fsr2l, fsr2h, status,2, status,0, prodl, prodh
 Tracked objects:
		On entry : 
		On exit  : 
		Unchanged: 
 Data sizes:     COMRAM   BANK0   BANK1   BANK2
      Params:         2       0       0       0
      Locals:         2       0       0       0
      Temps:          4       0       0       0
      Totals:         8       0       0       0
Total ram usage:        8 bytes
 Hardware stack levels used:    1
 Hardware stack levels required when called:    1
 This function calls:
		Nothing
 This function is called by:
		_Package_CalculateCRC8
 This function uses a non-reentrant model


 *************** function _HighIsr *****************
 Defined at:
		line 92 in file "main.c"
 Parameters:    Size  Location     Type
		None
 Auto vars:     Size  Location     Type
		None
 Return value:  Size  Location     Type
		None               void
 Registers used:
		None
 Tracked objects:
		On entry : 
		On exit  : 
		Unchanged: 
 Data sizes:     COMRAM   BANK0   BANK1   BANK2
      Params:         0       0       0       0
      Locals:         0       0       0       0
      Temps:         14       0       0       0
      Totals:        14       0       0       0
Total ram usage:       14 bytes
 Hardware stack levels used:    1
 This function calls:
		Nothing
 This function is called by:
		Interrupt level 2
 This function uses a non-reentrant model



MODULE INFORMATION

Module		Function		Class		Link	Load	Size
uart.c
		_UARTAddressDet		CODE           	0F4A	0000	5
		_UARTAddressDet		CODE           	0F5A	0000	5
		_UARTInit      		CODE           	07B4	0000	235
		_UARTSendByte  		CODE           	0EE0	0000	25

uart.c estimated size: 270

pcpwm.c
		_SetPWM1Duty   		CODE           	0F38	0000	13
		_InitPCPWM     		CODE           	0D4C	0000	59
		_IR2110Disable 		CODE           	0F4E	0000	5
		_SetPWM2Duty   		CODE           	0F2C	0000	13

pcpwm.c estimated size: 90

input.c
		_InputInit     		CODE           	0F44	0000	7

input.c estimated size: 7

comm_protocol.c
		_Package_Send  		CODE           	09DA	0000	149
		_Package_WriteD		CODE           	0DE8	0000	47
		_Package_GetADR		CODE           	0F1E	0000	15
		_Package_GetLen		CODE           	0F0C	0000	19
		_Package_Calcul		CODE           	0D86	0000	53

comm_protocol.c estimated size: 283

C:\Program Files (x86)\Microchip\xc8\v1.34\sources\common\float.c
		___ftpack      		CODE           	06AC	0000	265

C:\Program Files (x86)\Microchip\xc8\v1.34\sources\common\float.c estimated size: 265

qei.c
		_InitQEI       		CODE           	0E16	0000	47

qei.c estimated size: 47

ring_buffer.c
		_Buffer_Read   		CODE           	089E	0000	163
		_Buffer_Write  		CODE           	0A6E	0000	147
		_Buffer_GetCRC8		CODE           	0C46	0000	99

ring_buffer.c estimated size: 409

C:\Program Files (x86)\Microchip\xc8\v1.34\sources\common\lwtoft.c
		___lwtoft      		CODE           	0E44	0000	45

C:\Program Files (x86)\Microchip\xc8\v1.34\sources\common\lwtoft.c estimated size: 45

C:\Program Files (x86)\Microchip\xc8\v1.34\sources\common\ftdiv.c
		___ftdiv       		CODE           	0308	0000	323

C:\Program Files (x86)\Microchip\xc8\v1.34\sources\common\ftdiv.c estimated size: 323

shared
		i1_UARTAddressD		CODE           	0F56	0000	5
		i1_Buffer_GetCR		CODE           	0CA8	0000	85
		_fVersion      		SMALLCONST     	0301	0000	6
		__initializatio		CODE           	0CFC	0000	71
		i1_Package_Writ		CODE           	0EBE	0000	35
		i1_Buffer_Write		CODE           	0B00	0000	125

shared estimated size: 327

C:\Program Files (x86)\Microchip\xc8\v1.34\sources\common\fttol.c
		___fttol       		CODE           	044A	0000	307

C:\Program Files (x86)\Microchip\xc8\v1.34\sources\common\fttol.c estimated size: 307

dc_brake.c
		_DCBrake_PWMIni		CODE           	0EF8	0000	21
		_SetDCBrake_PWM		CODE           	0BE2	0000	101
		_SetDCBrake_Nom		CODE           	0940	0000	155
		_DCBrake_Catch 		CODE           	0F52	0000	5

dc_brake.c estimated size: 282

main.c
		_HighIsr       		CODE           	0008	0000	119
		_main          		CODE           	057C	0000	305
		_LowIsr        		CODE           	0018	0000	347
		_delay_ms      		CODE           	0DBA	0000	47

main.c estimated size: 818

