Microchip MPLAB XC8 Compiler V1.34 ()

Linker command line:

--edf=C:\Program Files (x86)\Microchip\xc8\v1.34\dat\en_msgs.txt -cs \
  -h+dist/default/debug\MCA1-REVB.X.debug.sym \
  --cmf=dist/default/debug\MCA1-REVB.X.debug.cmf -z -Q18F4431 \
  -oC:\Users\Miroslav\AppData\Local\Temp\s6e0.6 \
  -Mdist/default/debug/MCA1-REVB.X.debug.map -E1 -ver=XC8 \
  -ASTACK=060h-02eeh -pstack=STACK -ACODE=00h-03CFFh -ACONST=00h-03CFFh \
  -ASMALLCONST=0300h-03FFhx58 -AMEDIUMCONST=0300h-03CFFh -ACOMRAM=01h-05Fh \
  -AABS1=00h-02EEh -ABIGRAM=01h-02EEh \
  -ARAM=060h-0FFh,0100h-01FFh,0200h-02EEh -ABANK0=060h-0FFh \
  -ABANK1=0100h-01FFh -ABANK2=0200h-02EEh \
  -ASFR=0F60h-0F9Bh,0F9Dh-0FD3h,0FD5h-0FDAh,0FE0h-0FE2h,0FE8h-0FEAh,0FF0h-0FFBh \
  -preset_vec=00h,intcode=08h,intcodelo=018h,powerup,init,end_init \
  -pramtop=0300h -psmallconst=SMALLCONST -pmediumconst=MEDIUMCONST \
  -pconst=CONST -AFARRAM=00h-00h -ACONFIG=0300000h-030000Dh -pconfig=CONFIG \
  -AIDLOC=0200000h-0200007h -pidloc=IDLOC -AEEDATA=0F00000h-0F000FFh \
  -peeprom_data=EEDATA \
  -prdata=COMRAM,nvrram=COMRAM,nvbit=COMRAM,rbss=COMRAM,rbit=COMRAM \
  -pfarbss=FARRAM,fardata=FARRAM,nvFARRAM=FARRAM \
  -pintsave_regs=BIGRAM,bigbss=BIGRAM,bigdata=BIGRAM -pbss=RAM \
  -pidata=CODE,irdata=CODE,ibigdata=CODE,ifardata=CODE -prparam=COMRAM \
  C:\Users\Miroslav\AppData\Local\Temp\s6e0.obj \
  dist/default/debug\MCA1-REVB.X.debug.obj 

Object code version is 3.11

Machine type is 18F4431

Call graph: (short form)




                Name                               Link     Load   Length Selector   Space Scale
C:\Users\Miroslav\AppData\Local\Temp\s6e0.obj
                end_init                             62       62        4        C       0
                reset_vec                             0        0        6        0       0
                idloc                            200000   200000        8   200000       0
                config                           300000   300000        E   300000       0
dist/default/debug\MCA1-REVB.X.debug.obj
                intcodelo                            18       18       4A        C       0
                intcode                               8        8        4        4       0
                text17                              4A8      4A8       10        C       0
                text16                              498      498       10        C       0
                text15                              484      484       14        C       0
                text13                              470      470       14        C       0
                text12                              4D0      4D0        4        C       0
                text11                              4CC      4CC        4        C       0
                text10                              4C2      4C2        6        C       0
                text9                               3DE      3DE       48        C       0
                text8                               278      278       8A        C       0
                text7                               11E      11E       B2        C       0
                text6                                66       66       B8        C       0
                text5                               44C      44C       24        C       0
                text4                               302      302       7E        C       0
                text3                               4C8      4C8        4        C       0
                text2                               1D0      1D0       A8        C       0
                text1                               426      426       26        C       0
                text0                               380      380       5E        C       0
                cstackCOMRAM                          1        1       36        1       1
                cinit                               4B8      4B8        A        C       0
                intcode_body                        4D4      4D4        2        C       0

TOTAL           Name                               Link     Load   Length     Space
        CLASS   STACK          

        CLASS   CODE           
                end_init                             62       62        4         0
                intcodelo                            18       18       4A         0
                intcode                               8        8        4         0
                reset_vec                             0        0        6         0
                text17                              4A8      4A8       10         0
                text16                              498      498       10         0
                text15                              484      484       14         0
                text13                              470      470       14         0
                text12                              4D0      4D0        4         0
                text11                              4CC      4CC        4         0
                text10                              4C2      4C2        6         0
                text9                               3DE      3DE       48         0
                text8                               278      278       8A         0
                text7                               11E      11E       B2         0
                text6                                66       66       B8         0
                text5                               44C      44C       24         0
                text4                               302      302       7E         0
                text3                               4C8      4C8        4         0
                text2                               1D0      1D0       A8         0
                text1                               426      426       26         0
                text0                               380      380       5E         0
                cinit                               4B8      4B8        A         0
                intcode_body                        4D4      4D4        2         0

        CLASS   CONST          

        CLASS   SMALLCONST     

        CLASS   MEDIUMCONST    

        CLASS   COMRAM         
                cstackCOMRAM                          1        1       36         1

        CLASS   ABS1           

        CLASS   BIGRAM         

        CLASS   RAM            

        CLASS   BANK0          

        CLASS   BANK1          

        CLASS   BANK2          

        CLASS   SFR            

        CLASS   FARRAM         

        CLASS   CONFIG         
                config                           300000   300000        E         0

        CLASS   IDLOC          
                idloc                            200000   200000        8         0

        CLASS   EEDATA         



SEGMENTS        Name                           Load    Length   Top    Selector   Space  Class

                reset_vec                      000000  000006  000006         0       0  CODE    
                cstackCOMRAM                   000001  000036  000037         1       1  COMRAM  
                intcode                        000008  000004  00000C         4       0  CODE    
                intcodelo                      000018  0004BE  0004D6         C       0  CODE    
                idloc                          200000  000008  200008    200000       0  IDLOC   
                config                         300000  00000E  30000E    300000       0  CONFIG  


UNUSED ADDRESS RANGES

        Name                Unused          Largest block    Delta
        BANK0            000060-0000FF               A0
        BANK1            000100-0001FF              100
        BANK2            000200-0002EE               EF
        BIGRAM           000037-0002EE              2B8
        CODE             000006-000007                2
                         00000C-000017                C
                         0004D6-003CFF             382A
        COMRAM           000037-00005F               29
        CONST            000006-000007                2
                         00000C-000017                C
                         0004D6-003CFF             382A
        EEDATA           F00000-F000FF              100
        MEDIUMCONST      0004D6-003CFF             382A
        RAM              000060-0002EE              100
        SFR              000F60-000F9B               3C
                         000F9D-000FD3               37
                         000FD5-000FDA                6
                         000FE0-000FE2                3
                         000FE8-000FEA                3
                         000FF0-000FFB                C
        SMALLCONST       0004D6-003CFF              100
        STACK            000060-0002EE              28F

                                  Symbol Table

?___ftdiv                                      cstackCOMRAM 000010
?___ftpack                                     cstackCOMRAM 000005
?___fttol                                      cstackCOMRAM 00001F
?___lwtoft                                     cstackCOMRAM 00000D
SetCCP1PWMDuty@duty                            cstackCOMRAM 000005
SetDCBrakeNominalVoltage@DCBrakeNominalVoltage cstackCOMRAM 00002E
SetDCBrakeNominalVoltage@HVSupplyVoltage       cstackCOMRAM 000030
SetDCBrakeNominalVoltage@pom                   cstackCOMRAM 000035
SetDCBrakeNominalVoltage@sPWMQuantum           cstackCOMRAM 000032
UARTInit@baudrate                              cstackCOMRAM 000005
UARTInit@divisor                               cstackCOMRAM 00000D
UartSendByte@data                              cstackCOMRAM 000001
_BAUDCONbits                                   (abs)        000FAA
_BAUDCTLbits                                   (abs)        000FAA
_CCP1CON                                       (abs)        000FBD
_CCP1CONbits                                   (abs)        000FBD
_CCP1PWMInit                                   text13       000470
_CCP1PWM_OFF                                   text12       0004D0
_CCP1PWM_ON                                    text11       0004CC
_CCPR1L                                        (abs)        000FBE
_HighIsr                                       intcode      000008
_INTCONbits                                    (abs)        000FF2
_IPR1bits                                      (abs)        000F9F
_InputC1                                       text17       0004A8
_InputC2                                       text16       000498
_InputInit                                     text10       0004C2
_LowIsr                                        intcodelo    000018
_PIE1bits                                      (abs)        000F9D
_PIR1bits                                      (abs)        000F9E
_PORTDbits                                     (abs)        000F83
_PR2                                           (abs)        000FCB
_RCONbits                                      (abs)        000FD0
_RCREG                                         (abs)        000FAE
_RCSTA                                         (abs)        000FAB
_RCSTAbits                                     (abs)        000FAB
_SPBRG                                         (abs)        000FAF
_SPBRGH                                        (abs)        000FB0
_SetCCP1PWMDuty                                text9        0003DE
_SetDCBrakeNominalVoltage                      text4        000302
_T2CON                                         (abs)        000FCA
_TRISCbits                                     (abs)        000F94
_TRISDbits                                     (abs)        000F95
_TXREG                                         (abs)        000FAD
_TXSTA                                         (abs)        000FAC
_TXSTAbits                                     (abs)        000FAC
_UARTAddressDetection_OFF                      text3        0004C8
_UARTInit                                      text2        0001D0
_UartSendByte                                  text15       000484
__CFG_BOREN$OFF                                (abs)        000000
__CFG_CP0$OFF                                  (abs)        000000
__CFG_CP1$OFF                                  (abs)        000000
__CFG_CP2$OFF                                  (abs)        000000
__CFG_CP3$OFF                                  (abs)        000000
__CFG_CPB$OFF                                  (abs)        000000
__CFG_CPD$OFF                                  (abs)        000000
__CFG_EBTR0$OFF                                (abs)        000000
__CFG_EBTR1$OFF                                (abs)        000000
__CFG_EBTR2$OFF                                (abs)        000000
__CFG_EBTR3$OFF                                (abs)        000000
__CFG_EBTRB$OFF                                (abs)        000000
__CFG_EXCLKMX$RC3                              (abs)        000000
__CFG_FCMEN$ON                                 (abs)        000000
__CFG_FLTAMX$RC1                               (abs)        000000
__CFG_HPOL$HIGH                                (abs)        000000
__CFG_IESO$ON                                  (abs)        000000
__CFG_LPOL$HIGH                                (abs)        000000
__CFG_LVP$OFF                                  (abs)        000000
__CFG_MCLRE$ON                                 (abs)        000000
__CFG_OSC$HSPLL                                (abs)        000000
__CFG_PWM4MX$RB5                               (abs)        000000
__CFG_PWMPIN$OFF                               (abs)        000000
__CFG_PWRTEN$ON                                (abs)        000000
__CFG_SSPMX$RD1                                (abs)        000000
__CFG_STVREN$ON                                (abs)        000000
__CFG_T1OSCMX$ON                               (abs)        000000
__CFG_WDPS$32768                               (abs)        000000
__CFG_WDTEN$OFF                                (abs)        000000
__CFG_WINEN$OFF                                (abs)        000000
__CFG_WRT0$OFF                                 (abs)        000000
__CFG_WRT1$OFF                                 (abs)        000000
__CFG_WRT2$OFF                                 (abs)        000000
__CFG_WRT3$OFF                                 (abs)        000000
__CFG_WRTB$OFF                                 (abs)        000000
__CFG_WRTC$OFF                                 (abs)        000000
__CFG_WRTD$OFF                                 (abs)        000000
__HRAM                                         (abs)        000000
__Habs1                                        abs1         000000
__Hbank0                                       bank0        000000
__Hbank1                                       bank1        000000
__Hbank2                                       bank2        000000
__Hbigbss                                      bigbss       000000
__Hbigdata                                     bigdata      000000
__Hbigram                                      bigram       000000
__Hbss                                         bss          000000
__Hcinit                                       cinit        000000
__Hclrtext                                     clrtext      000000
__Hcomram                                      comram       000000
__Hconfig                                      config       30000E
__Hconst                                       const        000000
__HcstackCOMRAM                                cstackCOMRAM 000000
__Hdata                                        data         000000
__Heeprom_data                                 eeprom_data  000000
__Hend_init                                    end_init     000066
__Hfarbss                                      farbss       000000
__Hfardata                                     fardata      000000
__Hibigdata                                    ibigdata     000000
__Hidata                                       idata        000000
__Hidloc                                       idloc        200008
__Hifardata                                    ifardata     000000
__Hinit                                        init         000062
__Hintcode                                     intcode      00000C
__Hintcode_body                                intcode_body 000000
__Hintcodelo                                   intcodelo    000062
__Hintentry                                    intentry     000000
__Hintret                                      intret       000000
__Hintsave_regs                                intsave_regs 000000
__Hirdata                                      irdata       000000
__Hmediumconst                                 mediumconst  000000
__HnvFARRAM                                    nvFARRAM     000000
__Hnvbit                                       nvbit        000000
__Hnvrram                                      nvrram       000000
__Hparam                                       rparam       000000
__Hpowerup                                     powerup      000062
__Hram                                         ram          000000
__Hramtop                                      ramtop       000300
__Hrbit                                        rbit         000000
__Hrbss                                        rbss         000000
__Hrdata                                       rdata        000000
__Hreset_vec                                   reset_vec    000006
__Hrparam                                      rparam       000000
__Hsfr                                         sfr          000000
__Hsmallconst                                  smallconst   000000
__Hspace_0                                     (abs)        30000E
__Hspace_1                                     (abs)        000037
__Hspace_2                                     (abs)        000000
__Hstack                                       stack        000000
__Hstruct                                      struct       000000
__Htemp                                        temp         000000
__Htext                                        text         000000
__Htext0                                       text0        000000
__Htext1                                       text1        000000
__Htext10                                      text10       000000
__Htext11                                      text11       000000
__Htext12                                      text12       000000
__Htext13                                      text13       000000
__Htext15                                      text15       000000
__Htext16                                      text16       000000
__Htext17                                      text17       000000
__Htext2                                       text2        000000
__Htext3                                       text3        000000
__Htext4                                       text4        000000
__Htext5                                       text5        000000
__Htext6                                       text6        000000
__Htext7                                       text7        000000
__Htext8                                       text8        000000
__Htext9                                       text9        000000
__LRAM                                         (abs)        000001
__Labs1                                        abs1         000000
__Lbank0                                       bank0        000000
__Lbank1                                       bank1        000000
__Lbank2                                       bank2        000000
__Lbigbss                                      bigbss       000000
__Lbigdata                                     bigdata      000000
__Lbigram                                      bigram       000000
__Lbss                                         bss          000000
__Lcinit                                       cinit        000000
__Lclrtext                                     clrtext      000000
__Lcomram                                      comram       000000
__Lconfig                                      config       300000
__Lconst                                       const        000000
__LcstackCOMRAM                                cstackCOMRAM 000000
__Ldata                                        data         000000
__Leeprom_data                                 eeprom_data  000000
__Lend_init                                    end_init     000062
__Lfarbss                                      farbss       000000
__Lfardata                                     fardata      000000
__Libigdata                                    ibigdata     000000
__Lidata                                       idata        000000
__Lidloc                                       idloc        200000
__Lifardata                                    ifardata     000000
__Linit                                        init         000062
__Lintcode                                     intcode      000008
__Lintcode_body                                intcode_body 000000
__Lintcodelo                                   intcodelo    000018
__Lintentry                                    intentry     000000
__Lintret                                      intret       000000
__Lintsave_regs                                intsave_regs 000000
__Lirdata                                      irdata       000000
__Lmediumconst                                 mediumconst  000000
__LnvFARRAM                                    nvFARRAM     000000
__Lnvbit                                       nvbit        000000
__Lnvrram                                      nvrram       000000
__Lparam                                       rparam       000000
__Lpowerup                                     powerup      000062
__Lram                                         ram          000000
__Lramtop                                      ramtop       000300
__Lrbit                                        rbit         000000
__Lrbss                                        rbss         000000
__Lrdata                                       rdata        000000
__Lreset_vec                                   reset_vec    000000
__Lrparam                                      rparam       000000
__Lsfr                                         sfr          000000
__Lsmallconst                                  smallconst   000000
__Lspace_0                                     (abs)        000000
__Lspace_1                                     (abs)        000000
__Lspace_2                                     (abs)        000000
__Lstack                                       stack        000000
__Lstruct                                      struct       000000
__Ltemp                                        temp         000000
__Ltext                                        text         000000
__Ltext0                                       text0        000000
__Ltext1                                       text1        000000
__Ltext10                                      text10       000000
__Ltext11                                      text11       000000
__Ltext12                                      text12       000000
__Ltext13                                      text13       000000
__Ltext15                                      text15       000000
__Ltext16                                      text16       000000
__Ltext17                                      text17       000000
__Ltext2                                       text2        000000
__Ltext3                                       text3        000000
__Ltext4                                       text4        000000
__Ltext5                                       text5        000000
__Ltext6                                       text6        000000
__Ltext7                                       text7        000000
__Ltext8                                       text8        000000
__Ltext9                                       text9        000000
__S0                                           (abs)        30000E
__S1                                           (abs)        000037
__S2                                           (abs)        000000
___ftdiv                                       text7        00011E
___ftdiv@cntr                                  cstackCOMRAM 000019
___ftdiv@exp                                   cstackCOMRAM 00001D
___ftdiv@f1                                    cstackCOMRAM 000010
___ftdiv@f2                                    cstackCOMRAM 000013
___ftdiv@f3                                    cstackCOMRAM 00001A
___ftdiv@sign                                  cstackCOMRAM 00001E
___ftpack                                      text8        000278
___ftpack@arg                                  cstackCOMRAM 000005
___ftpack@exp                                  cstackCOMRAM 000008
___ftpack@sign                                 cstackCOMRAM 000009
___fttol                                       text6        000066
___fttol@exp1                                  cstackCOMRAM 00002D
___fttol@f1                                    cstackCOMRAM 00001F
___fttol@lval                                  cstackCOMRAM 000029
___fttol@sign1                                 cstackCOMRAM 000028
___inthi_sp                                    stack        000000
___intlo_sp                                    stack        000000
___lwtoft                                      text5        00044C
___lwtoft@c                                    cstackCOMRAM 00000D
___param_bank                                  (abs)        000010
___rparam_used                                 (abs)        000001
___sp                                          stack        000000
__accesstop                                    (abs)        000060
__activetblptr                                 (abs)        000002
__end_of_CCP1PWMInit                           text13       000484
__end_of_CCP1PWM_OFF                           text12       0004D4
__end_of_CCP1PWM_ON                            text11       0004D0
__end_of_HighIsr                               intcode_body 0004D6
__end_of_InputC1                               text17       0004B8
__end_of_InputC2                               text16       0004A8
__end_of_InputInit                             text10       0004C8
__end_of_LowIsr                                intcodelo    000062
__end_of_SetCCP1PWMDuty                        text9        000426
__end_of_SetDCBrakeNominalVoltage              text4        000380
__end_of_UARTAddressDetection_OFF              text3        0004CC
__end_of_UARTInit                              text2        000278
__end_of_UartSendByte                          text15       000498
__end_of___ftdiv                               text7        0001D0
__end_of___ftpack                              text8        000302
__end_of___fttol                               text6        00011E
__end_of___lwtoft                              text5        000470
__end_of__initialization                       cinit        0004B8
__end_of_delay_ms                              text1        00044C
__end_of_main                                  text0        0003DE
__initialization                               cinit        0004B8
__mediumconst                                  mediumconst  000000
__pcinit                                       cinit        0004B8
__pcstackCOMRAM                                cstackCOMRAM 000001
__pintcode                                     intcode      000008
__pintcode_body                                intcode_body 0004D4
__pintcodelo                                   intcodelo    000018
__ptext0                                       text0        000380
__ptext1                                       text1        000426
__ptext10                                      text10       0004C2
__ptext11                                      text11       0004CC
__ptext12                                      text12       0004D0
__ptext13                                      text13       000470
__ptext15                                      text15       000484
__ptext16                                      text16       000498
__ptext17                                      text17       0004A8
__ptext2                                       text2        0001D0
__ptext3                                       text3        0004C8
__ptext4                                       text4        000302
__ptext5                                       text5        00044C
__ptext6                                       text6        000066
__ptext7                                       text7        00011E
__ptext8                                       text8        000278
__ptext9                                       text9        0003DE
__ramtop                                       ramtop       000300
__size_of_CCP1PWMInit                          (abs)        000000
__size_of_CCP1PWM_OFF                          (abs)        000000
__size_of_CCP1PWM_ON                           (abs)        000000
__size_of_HighIsr                              (abs)        000000
__size_of_InputC1                              (abs)        000000
__size_of_InputC2                              (abs)        000000
__size_of_InputInit                            (abs)        000000
__size_of_LowIsr                               (abs)        000000
__size_of_SetCCP1PWMDuty                       (abs)        000000
__size_of_SetDCBrakeNominalVoltage             (abs)        000000
__size_of_UARTAddressDetection_OFF             (abs)        000000
__size_of_UARTInit                             (abs)        000000
__size_of_UartSendByte                         (abs)        000000
__size_of___ftdiv                              (abs)        000000
__size_of___ftpack                             (abs)        000000
__size_of___fttol                              (abs)        000000
__size_of___lwtoft                             (abs)        000000
__size_of_delay_ms                             (abs)        000000
__size_of_main                                 (abs)        000000
__smallconst                                   smallconst   000000
_delay_ms                                      text1        000426
_main                                          text0        000380
delay_ms@delay                                 cstackCOMRAM 000005
delay_ms@i                                     cstackCOMRAM 000008
end_of_initialization                          cinit        0004B8
int_func                                       intcode_body 0004D4
intlevel0                                      text         000000
intlevel1                                      text         000000
intlevel2                                      text         000000
intlevel3                                      text         000000
stackhi                                        (abs)        0002EE
stacklo                                        (abs)        000060
start                                          init         000062
start_initialization                           cinit        0004B8


FUNCTION INFORMATION:

 *************** function _main *****************
 Defined at:
		line 86 in file "main.c"
 Parameters:    Size  Location     Type
		None
 Auto vars:     Size  Location     Type
  array           3    0        unsigned char [3]
 Return value:  Size  Location     Type
                  2   51[None  ] int 
 Registers used:
		wreg, status,2, status,0, cstack
 Tracked objects:
		On entry : 
		On exit  : 
		Unchanged: 
 Data sizes:     COMRAM   BANK0   BANK1   BANK2
      Params:         0       0       0       0
      Locals:         0       0       0       0
      Temps:          0       0       0       0
      Totals:         0       0       0       0
Total ram usage:        0 bytes
 Hardware stack levels required when called:    6
 This function calls:
		_CCP1PWMInit
		_CCP1PWM_OFF
		_CCP1PWM_ON
		_InputInit
		_SetDCBrakeNominalVoltage
		_UARTAddressDetection_OFF
		_UARTInit
		_delay_ms
 This function is called by:
		Startup code after reset
 This function uses a non-reentrant model


 *************** function _delay_ms *****************
 Defined at:
		line 79 in file "main.c"
 Parameters:    Size  Location     Type
  delay           2    4[COMRAM] unsigned int 
 Auto vars:     Size  Location     Type
  i               2    7[COMRAM] int 
 Return value:  Size  Location     Type
		None               void
 Registers used:
		wreg, status,2, status,0
 Tracked objects:
		On entry : 
		On exit  : 
		Unchanged: 
 Data sizes:     COMRAM   BANK0   BANK1   BANK2
      Params:         2       0       0       0
      Locals:         2       0       0       0
      Temps:          1       0       0       0
      Totals:         5       0       0       0
Total ram usage:        5 bytes
 Hardware stack levels used:    1
 Hardware stack levels required when called:    3
 This function calls:
		Nothing
 This function is called by:
		_main
 This function uses a non-reentrant model


 *************** function _UARTInit *****************
 Defined at:
		line 8 in file "uart.c"
 Parameters:    Size  Location     Type
  baudrate        4    4[COMRAM] unsigned long 
 Auto vars:     Size  Location     Type
  divisor         2   12[COMRAM] unsigned int 
 Return value:  Size  Location     Type
		None               void
 Registers used:
		wreg, status,2, status,0
 Tracked objects:
		On entry : 
		On exit  : 
		Unchanged: 
 Data sizes:     COMRAM   BANK0   BANK1   BANK2
      Params:         4       0       0       0
      Locals:         2       0       0       0
      Temps:          4       0       0       0
      Totals:        10       0       0       0
Total ram usage:       10 bytes
 Hardware stack levels used:    1
 Hardware stack levels required when called:    3
 This function calls:
		Nothing
 This function is called by:
		_main
 This function uses a non-reentrant model


 *************** function _UARTAddressDetection_OFF *****************
 Defined at:
		line 95 in file "uart.c"
 Parameters:    Size  Location     Type
		None
 Auto vars:     Size  Location     Type
		None
 Return value:  Size  Location     Type
		None               void
 Registers used:
		None
 Tracked objects:
		On entry : 
		On exit  : 
		Unchanged: 
 Data sizes:     COMRAM   BANK0   BANK1   BANK2
      Params:         0       0       0       0
      Locals:         0       0       0       0
      Temps:          0       0       0       0
      Totals:         0       0       0       0
Total ram usage:        0 bytes
 Hardware stack levels used:    1
 Hardware stack levels required when called:    3
 This function calls:
		Nothing
 This function is called by:
		_main
 This function uses a non-reentrant model


 *************** function _SetDCBrakeNominalVoltage *****************
 Defined at:
		line 50 in file "dc_brake.c"
 Parameters:    Size  Location     Type
  DCBrakeNomin    2   45[COMRAM] unsigned short 
  HVSupplyVolt    2   47[COMRAM] unsigned short 
 Auto vars:     Size  Location     Type
  sPWMQuantum     3   49[COMRAM] float 
  pom             2   52[COMRAM] unsigned int 
 Return value:  Size  Location     Type
		None               void
 Registers used:
		wreg, status,2, status,0, cstack
 Tracked objects:
		On entry : 
		On exit  : 
		Unchanged: 
 Data sizes:     COMRAM   BANK0   BANK1   BANK2
      Params:         4       0       0       0
      Locals:         5       0       0       0
      Temps:          0       0       0       0
      Totals:         9       0       0       0
Total ram usage:        9 bytes
 Hardware stack levels used:    1
 Hardware stack levels required when called:    5
 This function calls:
		_SetCCP1PWMDuty
		___ftdiv
		___fttol
		___lwtoft
 This function is called by:
		_main
 This function uses a non-reentrant model


 *************** function ___lwtoft *****************
 Defined at:
		line 28 in file "C:\Program Files (x86)\Microchip\xc8\v1.34\sources\common\lwtoft.c"
 Parameters:    Size  Location     Type
  c               2   12[COMRAM] unsigned int 
 Auto vars:     Size  Location     Type
		None
 Return value:  Size  Location     Type
                  3   12[COMRAM] float 
 Registers used:
		wreg, status,2, status,0, cstack
 Tracked objects:
		On entry : 
		On exit  : 
		Unchanged: 
 Data sizes:     COMRAM   BANK0   BANK1   BANK2
      Params:         3       0       0       0
      Locals:         0       0       0       0
      Temps:          0       0       0       0
      Totals:         3       0       0       0
Total ram usage:        3 bytes
 Hardware stack levels used:    1
 Hardware stack levels required when called:    4
 This function calls:
		___ftpack
 This function is called by:
		_SetDCBrakeNominalVoltage
 This function uses a non-reentrant model


 *************** function ___fttol *****************
 Defined at:
		line 44 in file "C:\Program Files (x86)\Microchip\xc8\v1.34\sources\common\fttol.c"
 Parameters:    Size  Location     Type
  f1              3   30[COMRAM] float 
 Auto vars:     Size  Location     Type
  lval            4   40[COMRAM] unsigned long 
  exp1            1   44[COMRAM] unsigned char 
  sign1           1   39[COMRAM] unsigned char 
 Return value:  Size  Location     Type
                  4   30[COMRAM] long 
 Registers used:
		wreg, status,2, status,0
 Tracked objects:
		On entry : 
		On exit  : 
		Unchanged: 
 Data sizes:     COMRAM   BANK0   BANK1   BANK2
      Params:         4       0       0       0
      Locals:         6       0       0       0
      Temps:          5       0       0       0
      Totals:        15       0       0       0
Total ram usage:       15 bytes
 Hardware stack levels used:    1
 Hardware stack levels required when called:    3
 This function calls:
		Nothing
 This function is called by:
		_SetDCBrakeNominalVoltage
 This function uses a non-reentrant model


 *************** function ___ftdiv *****************
 Defined at:
		line 54 in file "C:\Program Files (x86)\Microchip\xc8\v1.34\sources\common\ftdiv.c"
 Parameters:    Size  Location     Type
  f1              3   15[COMRAM] float 
  f2              3   18[COMRAM] float 
 Auto vars:     Size  Location     Type
  f3              3   25[COMRAM] float 
  sign            1   29[COMRAM] unsigned char 
  exp             1   28[COMRAM] unsigned char 
  cntr            1   24[COMRAM] unsigned char 
 Return value:  Size  Location     Type
                  3   15[COMRAM] float 
 Registers used:
		wreg, status,2, status,0, cstack
 Tracked objects:
		On entry : 
		On exit  : 
		Unchanged: 
 Data sizes:     COMRAM   BANK0   BANK1   BANK2
      Params:         6       0       0       0
      Locals:         6       0       0       0
      Temps:          3       0       0       0
      Totals:        15       0       0       0
Total ram usage:       15 bytes
 Hardware stack levels used:    1
 Hardware stack levels required when called:    4
 This function calls:
		___ftpack
 This function is called by:
		_SetDCBrakeNominalVoltage
 This function uses a non-reentrant model


 *************** function ___ftpack *****************
 Defined at:
		line 62 in file "C:\Program Files (x86)\Microchip\xc8\v1.34\sources\common\float.c"
 Parameters:    Size  Location     Type
  arg             3    4[COMRAM] unsigned um
  exp             1    7[COMRAM] unsigned char 
  sign            1    8[COMRAM] unsigned char 
 Auto vars:     Size  Location     Type
		None
 Return value:  Size  Location     Type
                  3    4[COMRAM] float 
 Registers used:
		wreg, status,2, status,0
 Tracked objects:
		On entry : 
		On exit  : 
		Unchanged: 
 Data sizes:     COMRAM   BANK0   BANK1   BANK2
      Params:         5       0       0       0
      Locals:         0       0       0       0
      Temps:          3       0       0       0
      Totals:         8       0       0       0
Total ram usage:        8 bytes
 Hardware stack levels used:    1
 Hardware stack levels required when called:    3
 This function calls:
		Nothing
 This function is called by:
		___ftdiv
		___lwtoft
 This function uses a non-reentrant model


 *************** function _SetCCP1PWMDuty *****************
 Defined at:
		line 22 in file "dc_brake.c"
 Parameters:    Size  Location     Type
  duty            2    4[COMRAM] unsigned int 
 Auto vars:     Size  Location     Type
		None
 Return value:  Size  Location     Type
		None               void
 Registers used:
		wreg, status,2, status,0
 Tracked objects:
		On entry : 
		On exit  : 
		Unchanged: 
 Data sizes:     COMRAM   BANK0   BANK1   BANK2
      Params:         2       0       0       0
      Locals:         0       0       0       0
      Temps:          2       0       0       0
      Totals:         4       0       0       0
Total ram usage:        4 bytes
 Hardware stack levels used:    1
 Hardware stack levels required when called:    3
 This function calls:
		Nothing
 This function is called by:
		_SetDCBrakeNominalVoltage
 This function uses a non-reentrant model


 *************** function _InputInit *****************
 Defined at:
		line 7 in file "input.c"
 Parameters:    Size  Location     Type
		None
 Auto vars:     Size  Location     Type
		None
 Return value:  Size  Location     Type
		None               void
 Registers used:
		None
 Tracked objects:
		On entry : 
		On exit  : 
		Unchanged: 
 Data sizes:     COMRAM   BANK0   BANK1   BANK2
      Params:         0       0       0       0
      Locals:         0       0       0       0
      Temps:          0       0       0       0
      Totals:         0       0       0       0
Total ram usage:        0 bytes
 Hardware stack levels used:    1
 Hardware stack levels required when called:    3
 This function calls:
		Nothing
 This function is called by:
		_main
 This function uses a non-reentrant model


 *************** function _CCP1PWM_ON *****************
 Defined at:
		line 32 in file "dc_brake.c"
 Parameters:    Size  Location     Type
		None
 Auto vars:     Size  Location     Type
		None
 Return value:  Size  Location     Type
		None               void
 Registers used:
		None
 Tracked objects:
		On entry : 
		On exit  : 
		Unchanged: 
 Data sizes:     COMRAM   BANK0   BANK1   BANK2
      Params:         0       0       0       0
      Locals:         0       0       0       0
      Temps:          0       0       0       0
      Totals:         0       0       0       0
Total ram usage:        0 bytes
 Hardware stack levels used:    1
 Hardware stack levels required when called:    3
 This function calls:
		Nothing
 This function is called by:
		_main
 This function uses a non-reentrant model


 *************** function _CCP1PWM_OFF *****************
 Defined at:
		line 40 in file "dc_brake.c"
 Parameters:    Size  Location     Type
		None
 Auto vars:     Size  Location     Type
		None
 Return value:  Size  Location     Type
		None               void
 Registers used:
		None
 Tracked objects:
		On entry : 
		On exit  : 
		Unchanged: 
 Data sizes:     COMRAM   BANK0   BANK1   BANK2
      Params:         0       0       0       0
      Locals:         0       0       0       0
      Temps:          0       0       0       0
      Totals:         0       0       0       0
Total ram usage:        0 bytes
 Hardware stack levels used:    1
 Hardware stack levels required when called:    3
 This function calls:
		Nothing
 This function is called by:
		_main
 This function uses a non-reentrant model


 *************** function _CCP1PWMInit *****************
 Defined at:
		line 8 in file "dc_brake.c"
 Parameters:    Size  Location     Type
		None
 Auto vars:     Size  Location     Type
		None
 Return value:  Size  Location     Type
		None               void
 Registers used:
		wreg, status,2
 Tracked objects:
		On entry : 
		On exit  : 
		Unchanged: 
 Data sizes:     COMRAM   BANK0   BANK1   BANK2
      Params:         0       0       0       0
      Locals:         0       0       0       0
      Temps:          0       0       0       0
      Totals:         0       0       0       0
Total ram usage:        0 bytes
 Hardware stack levels used:    1
 Hardware stack levels required when called:    3
 This function calls:
		Nothing
 This function is called by:
		_main
 This function uses a non-reentrant model


 *************** function _LowIsr *****************
 Defined at:
		line 52 in file "main.c"
 Parameters:    Size  Location     Type
		None
 Auto vars:     Size  Location     Type
  a               2    0        int 
 Return value:  Size  Location     Type
		None               void
 Registers used:
		wreg, status,0, cstack
 Tracked objects:
		On entry : 
		On exit  : 
		Unchanged: 
 Data sizes:     COMRAM   BANK0   BANK1   BANK2
      Params:         0       0       0       0
      Locals:         0       0       0       0
      Temps:          3       0       0       0
      Totals:         3       0       0       0
Total ram usage:        3 bytes
 Hardware stack levels used:    1
 Hardware stack levels required when called:    2
 This function calls:
		_InputC1
		_InputC2
		_UartSendByte
 This function is called by:
		Interrupt level 1
 This function uses a non-reentrant model


 *************** function _UartSendByte *****************
 Defined at:
		line 56 in file "uart.c"
 Parameters:    Size  Location     Type
  data            1    wreg     unsigned char 
 Auto vars:     Size  Location     Type
  data            1    0[COMRAM] unsigned char 
 Return value:  Size  Location     Type
		None               void
 Registers used:
		wreg
 Tracked objects:
		On entry : 
		On exit  : 
		Unchanged: 
 Data sizes:     COMRAM   BANK0   BANK1   BANK2
      Params:         0       0       0       0
      Locals:         1       0       0       0
      Temps:          0       0       0       0
      Totals:         1       0       0       0
Total ram usage:        1 bytes
 Hardware stack levels used:    1
 Hardware stack levels required when called:    1
 This function calls:
		Nothing
 This function is called by:
		_LowIsr
 This function uses a non-reentrant model


 *************** function _InputC2 *****************
 Defined at:
		line 27 in file "input.c"
 Parameters:    Size  Location     Type
		None
 Auto vars:     Size  Location     Type
		None
 Return value:  Size  Location     Type
		None               void
 Registers used:
		wreg, status,0
 Tracked objects:
		On entry : 
		On exit  : 
		Unchanged: 
 Data sizes:     COMRAM   BANK0   BANK1   BANK2
      Params:         0       0       0       0
      Locals:         0       0       0       0
      Temps:          1       0       0       0
      Totals:         1       0       0       0
Total ram usage:        1 bytes
 Hardware stack levels used:    1
 Hardware stack levels required when called:    1
 This function calls:
		Nothing
 This function is called by:
		_LowIsr
 This function uses a non-reentrant model


 *************** function _InputC1 *****************
 Defined at:
		line 18 in file "input.c"
 Parameters:    Size  Location     Type
		None
 Auto vars:     Size  Location     Type
		None
 Return value:  Size  Location     Type
		None               void
 Registers used:
		wreg, status,0
 Tracked objects:
		On entry : 
		On exit  : 
		Unchanged: 
 Data sizes:     COMRAM   BANK0   BANK1   BANK2
      Params:         0       0       0       0
      Locals:         0       0       0       0
      Temps:          1       0       0       0
      Totals:         1       0       0       0
Total ram usage:        1 bytes
 Hardware stack levels used:    1
 Hardware stack levels required when called:    1
 This function calls:
		Nothing
 This function is called by:
		_LowIsr
 This function uses a non-reentrant model


 *************** function _HighIsr *****************
 Defined at:
		line 70 in file "main.c"
 Parameters:    Size  Location     Type
		None
 Auto vars:     Size  Location     Type
		None
 Return value:  Size  Location     Type
		None               void
 Registers used:
		None
 Tracked objects:
		On entry : 
		On exit  : 
		Unchanged: 
 Data sizes:     COMRAM   BANK0   BANK1   BANK2
      Params:         0       0       0       0
      Locals:         0       0       0       0
      Temps:          0       0       0       0
      Totals:         0       0       0       0
Total ram usage:        0 bytes
 Hardware stack levels used:    1
 This function calls:
		Nothing
 This function is called by:
		Interrupt level 2
 This function uses a non-reentrant model



MODULE INFORMATION

Module		Function		Class		Link	Load	Size
uart.c
		_UARTAddressDet		CODE           	04C8	0000	5
		_UartSendByte  		CODE           	0484	0000	21
		_UARTInit      		CODE           	01D0	0000	169

uart.c estimated size: 195

input.c
		_InputC2       		CODE           	0498	0000	17
		_InputC1       		CODE           	04A8	0000	17
		_InputInit     		CODE           	04C2	0000	7

input.c estimated size: 41

C:\Program Files (x86)\Microchip\xc8\v1.34\sources\common\float.c
		___ftpack      		CODE           	0278	0000	139

C:\Program Files (x86)\Microchip\xc8\v1.34\sources\common\float.c estimated size: 139

C:\Program Files (x86)\Microchip\xc8\v1.34\sources\common\lwtoft.c
		___lwtoft      		CODE           	044C	0000	37

C:\Program Files (x86)\Microchip\xc8\v1.34\sources\common\lwtoft.c estimated size: 37

C:\Program Files (x86)\Microchip\xc8\v1.34\sources\common\ftdiv.c
		___ftdiv       		CODE           	011E	0000	179

C:\Program Files (x86)\Microchip\xc8\v1.34\sources\common\ftdiv.c estimated size: 179

shared
		__initializatio		CODE           	04B8	0000	1

shared estimated size: 1

C:\Program Files (x86)\Microchip\xc8\v1.34\sources\common\fttol.c
		___fttol       		CODE           	0066	0000	185

C:\Program Files (x86)\Microchip\xc8\v1.34\sources\common\fttol.c estimated size: 185

dc_brake.c
		_CCP1PWM_ON    		CODE           	04CC	0000	5
		_CCP1PWM_OFF   		CODE           	04D0	0000	5
		_CCP1PWMInit   		CODE           	0470	0000	21
		_SetCCP1PWMDuty		CODE           	03DE	0000	73
		_SetDCBrakeNomi		CODE           	0302	0000	127

dc_brake.c estimated size: 231

main.c
		_HighIsr       		CODE           	0008	0000	7
		_main          		CODE           	0380	0000	95
		_LowIsr        		CODE           	0018	0000	75
		_delay_ms      		CODE           	0426	0000	39

main.c estimated size: 216

