Microchip MPLAB XC8 Compiler V1.34 ()

Linker command line:

--edf=C:\Program Files (x86)\Microchip\xc8\v1.34\dat\en_msgs.txt -cs \
  -h+dist/default/production\MCA1-REVB.X.production.sym \
  --cmf=dist/default/production\MCA1-REVB.X.production.cmf -z -Q18F4431 \
  -oC:\Users\Miroslav\AppData\Local\Temp\s4j8.6 \
  -Mdist/default/production/MCA1-REVB.X.production.map -E1 -ver=XC8 \
  -ASTACK=0A8h-02ffh -pstack=STACK -ACODE=00h-03FFFh -ACONST=00h-03FFFh \
  -ASMALLCONST=0300h-03FFhx61 -AMEDIUMCONST=0300h-03FFFh -ACOMRAM=01h-05Fh \
  -AABS1=00h-02FFh -ABIGRAM=01h-02FFh -ARAM=060h-0FFh,0100h-01FFhx2 \
  -ABANK0=060h-0FFh -ABANK1=0100h-01FFh -ABANK2=0200h-02FFh \
  -ASFR=0F60h-0FFFh \
  -preset_vec=00h,intcode=08h,intcodelo=018h,powerup,init,end_init \
  -pramtop=0300h -psmallconst=SMALLCONST -pmediumconst=MEDIUMCONST \
  -pconst=CONST -AFARRAM=00h-00h -ACONFIG=0300000h-030000Dh -pconfig=CONFIG \
  -AIDLOC=0200000h-0200007h -pidloc=IDLOC -AEEDATA=0F00000h-0F000FFh \
  -peeprom_data=EEDATA \
  -prdata=COMRAM,nvrram=COMRAM,nvbit=COMRAM,rbss=COMRAM,rbit=COMRAM \
  -pfarbss=FARRAM,fardata=FARRAM,nvFARRAM=FARRAM \
  -pintsave_regs=BIGRAM,bigbss=BIGRAM,bigdata=BIGRAM -pbss=RAM \
  -pidata=CODE,irdata=CODE,ibigdata=CODE,ifardata=CODE -prparam=COMRAM \
  C:\Users\Miroslav\AppData\Local\Temp\s4j8.obj \
  dist/default/production\MCA1-REVB.X.production.obj 

Object code version is 3.11

Machine type is 18F4431

Call graph: (short form)




                Name                               Link     Load   Length Selector   Space Scale
C:\Users\Miroslav\AppData\Local\Temp\s4j8.obj
                end_init                             7E       7E        4        C       0
                reset_vec                             0        0        4        0       0
                idloc                            200000   200000        8   200000       0
                config                           300000   300000        E   300000       0
dist/default/production\MCA1-REVB.X.production.obj
                intcodelo                            18       18       66        C       0
                intcode                               8        8        4        4       0
                text23                              40C      40C       66        C       0
                text22                              5A4      5A4       10        C       0
                text21                              594      594       10        C       0
                text20                              56E      56E       14        C       0
                text18                              582      582       12        C       0
                text17                              5DA      5DA        4        C       0
                text16                              5D6      5D6        4        C       0
                text15                              5D2      5D2        4        C       0
                text14                              4BA      4BA       30        C       0
                text13                              534      534       24        C       0
                text12                              5C8      5C8        6        C       0
                text11                              472      472       48        C       0
                text10                              294      294       8A        C       0
                text9                               13A      13A       B2        C       0
                text8                                82       82       B8        C       0
                text7                               510      510       24        C       0
                text6                               31E      31E       80        C       0
                text5                               5BE      5BE        A        C       0
                text4                               5B4      5B4        A        C       0
                text3                               5CE      5CE        4        C       0
                text2                               1EC      1EC       A8        C       0
                text1                               4EA      4EA       26        C       0
                text0                               39E      39E       6E        C       0
                cstackCOMRAM                          1        1       40        1       1
                bssBANK0                             60       60       48       60       1
                cinit                               558      558       16        C       0
                intcode_body                        5DE      5DE        2        C       0

TOTAL           Name                               Link     Load   Length     Space
        CLASS   STACK          

        CLASS   CODE           
                end_init                             7E       7E        4         0
                intcodelo                            18       18       66         0
                intcode                               8        8        4         0
                reset_vec                             0        0        4         0
                text23                              40C      40C       66         0
                text22                              5A4      5A4       10         0
                text21                              594      594       10         0
                text20                              56E      56E       14         0
                text18                              582      582       12         0
                text17                              5DA      5DA        4         0
                text16                              5D6      5D6        4         0
                text15                              5D2      5D2        4         0
                text14                              4BA      4BA       30         0
                text13                              534      534       24         0
                text12                              5C8      5C8        6         0
                text11                              472      472       48         0
                text10                              294      294       8A         0
                text9                               13A      13A       B2         0
                text8                                82       82       B8         0
                text7                               510      510       24         0
                text6                               31E      31E       80         0
                text5                               5BE      5BE        A         0
                text4                               5B4      5B4        A         0
                text3                               5CE      5CE        4         0
                text2                               1EC      1EC       A8         0
                text1                               4EA      4EA       26         0
                text0                               39E      39E       6E         0
                cinit                               558      558       16         0
                intcode_body                        5DE      5DE        2         0

        CLASS   CONST          

        CLASS   SMALLCONST     

        CLASS   MEDIUMCONST    

        CLASS   COMRAM         
                cstackCOMRAM                          1        1       40         1

        CLASS   ABS1           

        CLASS   BIGRAM         

        CLASS   RAM            

        CLASS   BANK0          
                bssBANK0                             60       60       48         1

        CLASS   BANK1          

        CLASS   BANK2          

        CLASS   SFR            

        CLASS   FARRAM         

        CLASS   CONFIG         
                config                           300000   300000        E         0

        CLASS   IDLOC          
                idloc                            200000   200000        8         0

        CLASS   EEDATA         



SEGMENTS        Name                           Load    Length   Top    Selector   Space  Class

                reset_vec                      000000  000004  000004         0       0  CODE    
                cstackCOMRAM                   000001  000040  000041         1       1  COMRAM  
                intcode                        000008  000004  00000C         4       0  CODE    
                intcodelo                      000018  0005C8  0005E0         C       0  CODE    
                bssBANK0                       000060  000048  0000A8        60       1  BANK0   
                idloc                          200000  000008  200008    200000       0  IDLOC   
                config                         300000  00000E  30000E    300000       0  CONFIG  


UNUSED ADDRESS RANGES

        Name                Unused          Largest block    Delta
        BANK0            0000A8-0000FF               58
        BANK1            000100-0001FF              100
        BANK2            000200-0002FF              100
        BIGRAM           000041-00005F               1F
                         0000A8-0002FF              258
        CODE             000004-000007                4
                         00000C-000017                C
                         0005E0-003FFF             3A20
        COMRAM           000041-00005F               1F
        CONST            000004-000007                4
                         00000C-000017                C
                         0005E0-003FFF             3A20
        EEDATA           F00000-F000FF              100
        MEDIUMCONST      0005E0-003FFF             3A20
        RAM              0000A8-0002FF              100
        SFR              000F60-000FFF               A0
        SMALLCONST       0005E0-003FFF              100
        STACK            0000A8-0002FF              258

                                  Symbol Table

?___ftdiv                                      cstackCOMRAM 000018
?___ftpack                                     cstackCOMRAM 00000D
?___fttol                                      cstackCOMRAM 000027
?___lwtoft                                     cstackCOMRAM 000015
BufferWrite@buff                               cstackCOMRAM 000001
BufferWrite@data                               cstackCOMRAM 000004
BufferWrite@next                               cstackCOMRAM 000005
InitQEI@_DFLTCON                               cstackCOMRAM 00000D
InitQEI@_MAXCNT                                cstackCOMRAM 00000E
InitQEI@_QEICON                                cstackCOMRAM 000010
LowIsr@a                                       cstackCOMRAM 00000C
SetCCP1PWMDuty@duty                            cstackCOMRAM 000036
SetDCBrakeNominalVoltage@DCBrakeNominalVoltage cstackCOMRAM 00003A
SetDCBrakeNominalVoltage@HVSupplyVoltage       cstackCOMRAM 00003C
SetDCBrakeNominalVoltage@sPWMQuantum           cstackCOMRAM 00003E
SetPWM1Duty@_PDC0                              cstackCOMRAM 00000D
SetPWM2Duty@_PDC1                              cstackCOMRAM 00000D
UARTInit@baudrate                              cstackCOMRAM 00000D
UARTInit@divisor                               cstackCOMRAM 000015
UARTSendByte@data                              cstackCOMRAM 000001
_ANSEL0                                        (abs)        000FB8
_ANSEL1                                        (abs)        000FB9
_BAUDCONbits                                   (abs)        000FAA
_BAUDCTLbits                                   (abs)        000FAA
_BufferWrite                                   text23       00040C
_CCP1CON                                       (abs)        000FBD
_CCP1CONbits                                   (abs)        000FBD
_CCP1PWMInit                                   text18       000582
_CCPR1L                                        (abs)        000FBE
_DCBrake_Catch                                 text17       0005DA
_DCBrake_Release                               text16       0005D6
_DFLTCON                                       (abs)        000F60
_DTCON                                         (abs)        000F6D
_FLTCONFIG                                     (abs)        000F6C
_HighIsr                                       intcode      000008
_INTCONbits                                    (abs)        000FF2
_IPR1bits                                      (abs)        000F9F
_IR2110Disable                                 text15       0005D2
_InitPCPWM                                     text14       0004BA
_InitQEI                                       text13       000534
_InputC1                                       text22       0005A4
_InputC2                                       text21       000594
_InputInit                                     text12       0005C8
_LowIsr                                        intcodelo    000018
_MAXCNTH                                       (abs)        000F65
_MAXCNTL                                       (abs)        000F64
_OVDCOND                                       (abs)        000F6B
_OVDCONS                                       (abs)        000F6A
_PDC0H                                         (abs)        000F78
_PDC0L                                         (abs)        000F79
_PDC1H                                         (abs)        000F76
_PDC1L                                         (abs)        000F77
_PIE1bits                                      (abs)        000F9D
_PIR1bits                                      (abs)        000F9E
_PORTDbits                                     (abs)        000F83
_POSCNTH                                       (abs)        000F67
_POSCNTL                                       (abs)        000F66
_PR2                                           (abs)        000FCB
_PTCON0                                        (abs)        000F7F
_PTCON1bits                                    (abs)        000F7E
_PTPERH                                        (abs)        000F7A
_PTPERL                                        (abs)        000F7B
_PWMCON0                                       (abs)        000F6F
_PWMCON1                                       (abs)        000F6E
_QEICON                                        (abs)        000FB6
_RCONbits                                      (abs)        000FD0
_RCREG                                         (abs)        000FAE
_RCSTA                                         (abs)        000FAB
_RCSTAbits                                     (abs)        000FAB
_SPBRG                                         (abs)        000FAF
_SPBRGH                                        (abs)        000FB0
_SetCCP1PWMDuty                                text11       000472
_SetDCBrakeNominalVoltage                      text6        00031E
_SetPWM1Duty                                   text5        0005BE
_SetPWM2Duty                                   text4        0005B4
_T2CON                                         (abs)        000FCA
_TRISAbits                                     (abs)        000F92
_TRISB                                         (abs)        000F93
_TRISCbits                                     (abs)        000F94
_TRISDbits                                     (abs)        000F95
_TXREG                                         (abs)        000FAD
_TXSTA                                         (abs)        000FAC
_TXSTAbits                                     (abs)        000FAC
_UARTAddressDetection_OFF                      text3        0005CE
_UARTInit                                      text2        0001EC
_UARTSendByte                                  text20       00056E
__CFG_BOREN$OFF                                (abs)        000000
__CFG_CP0$OFF                                  (abs)        000000
__CFG_CP1$OFF                                  (abs)        000000
__CFG_CP2$OFF                                  (abs)        000000
__CFG_CP3$OFF                                  (abs)        000000
__CFG_CPB$OFF                                  (abs)        000000
__CFG_CPD$OFF                                  (abs)        000000
__CFG_EBTR0$OFF                                (abs)        000000
__CFG_EBTR1$OFF                                (abs)        000000
__CFG_EBTR2$OFF                                (abs)        000000
__CFG_EBTR3$OFF                                (abs)        000000
__CFG_EBTRB$OFF                                (abs)        000000
__CFG_EXCLKMX$RC3                              (abs)        000000
__CFG_FCMEN$ON                                 (abs)        000000
__CFG_FLTAMX$RC1                               (abs)        000000
__CFG_HPOL$HIGH                                (abs)        000000
__CFG_IESO$ON                                  (abs)        000000
__CFG_LPOL$HIGH                                (abs)        000000
__CFG_LVP$OFF                                  (abs)        000000
__CFG_MCLRE$ON                                 (abs)        000000
__CFG_OSC$HSPLL                                (abs)        000000
__CFG_PWM4MX$RB5                               (abs)        000000
__CFG_PWMPIN$OFF                               (abs)        000000
__CFG_PWRTEN$ON                                (abs)        000000
__CFG_SSPMX$RD1                                (abs)        000000
__CFG_STVREN$ON                                (abs)        000000
__CFG_T1OSCMX$ON                               (abs)        000000
__CFG_WDPS$32768                               (abs)        000000
__CFG_WDTEN$OFF                                (abs)        000000
__CFG_WINEN$OFF                                (abs)        000000
__CFG_WRT0$OFF                                 (abs)        000000
__CFG_WRT1$OFF                                 (abs)        000000
__CFG_WRT2$OFF                                 (abs)        000000
__CFG_WRT3$OFF                                 (abs)        000000
__CFG_WRTB$OFF                                 (abs)        000000
__CFG_WRTC$OFF                                 (abs)        000000
__CFG_WRTD$OFF                                 (abs)        000000
__HRAM                                         (abs)        000000
__Habs1                                        abs1         000000
__Hbank0                                       bank0        000000
__Hbank1                                       bank1        000000
__Hbank2                                       bank2        000000
__Hbigbss                                      bigbss       000000
__Hbigdata                                     bigdata      000000
__Hbigram                                      bigram       000000
__Hbss                                         bss          000000
__HbssBANK0                                    bssBANK0     000000
__Hcinit                                       cinit        000000
__Hclrtext                                     clrtext      000000
__Hcomram                                      comram       000000
__Hconfig                                      config       30000E
__Hconst                                       const        000000
__HcstackCOMRAM                                cstackCOMRAM 000000
__Hdata                                        data         000000
__Heeprom_data                                 eeprom_data  000000
__Hend_init                                    end_init     000082
__Hfarbss                                      farbss       000000
__Hfardata                                     fardata      000000
__Hibigdata                                    ibigdata     000000
__Hidata                                       idata        000000
__Hidloc                                       idloc        200008
__Hifardata                                    ifardata     000000
__Hinit                                        init         00007E
__Hintcode                                     intcode      00000C
__Hintcode_body                                intcode_body 000000
__Hintcodelo                                   intcodelo    00007E
__Hintentry                                    intentry     000000
__Hintret                                      intret       000000
__Hintsave_regs                                intsave_regs 000000
__Hirdata                                      irdata       000000
__Hmediumconst                                 mediumconst  000000
__HnvFARRAM                                    nvFARRAM     000000
__Hnvbit                                       nvbit        000000
__Hnvrram                                      nvrram       000000
__Hparam                                       rparam       000000
__Hpowerup                                     powerup      00007E
__Hram                                         ram          000000
__Hramtop                                      ramtop       000300
__Hrbit                                        rbit         000000
__Hrbss                                        rbss         000000
__Hrdata                                       rdata        000000
__Hreset_vec                                   reset_vec    000004
__Hrparam                                      rparam       000000
__Hsfr                                         sfr          000000
__Hsmallconst                                  smallconst   000000
__Hspace_0                                     (abs)        30000E
__Hspace_1                                     (abs)        0000A8
__Hspace_2                                     (abs)        000000
__Hstack                                       stack        000000
__Hstruct                                      struct       000000
__Htemp                                        temp         000000
__Htext                                        text         000000
__Htext0                                       text0        000000
__Htext1                                       text1        000000
__Htext10                                      text10       000000
__Htext11                                      text11       000000
__Htext12                                      text12       000000
__Htext13                                      text13       000000
__Htext14                                      text14       000000
__Htext15                                      text15       000000
__Htext16                                      text16       000000
__Htext17                                      text17       000000
__Htext18                                      text18       000000
__Htext2                                       text2        000000
__Htext20                                      text20       000000
__Htext21                                      text21       000000
__Htext22                                      text22       000000
__Htext23                                      text23       000000
__Htext3                                       text3        000000
__Htext4                                       text4        000000
__Htext5                                       text5        000000
__Htext6                                       text6        000000
__Htext7                                       text7        000000
__Htext8                                       text8        000000
__Htext9                                       text9        000000
__LRAM                                         (abs)        000001
__Labs1                                        abs1         000000
__Lbank0                                       bank0        000000
__Lbank1                                       bank1        000000
__Lbank2                                       bank2        000000
__Lbigbss                                      bigbss       000000
__Lbigdata                                     bigdata      000000
__Lbigram                                      bigram       000000
__Lbss                                         bss          000000
__LbssBANK0                                    bssBANK0     000000
__Lcinit                                       cinit        000000
__Lclrtext                                     clrtext      000000
__Lcomram                                      comram       000000
__Lconfig                                      config       300000
__Lconst                                       const        000000
__LcstackCOMRAM                                cstackCOMRAM 000000
__Ldata                                        data         000000
__Leeprom_data                                 eeprom_data  000000
__Lend_init                                    end_init     00007E
__Lfarbss                                      farbss       000000
__Lfardata                                     fardata      000000
__Libigdata                                    ibigdata     000000
__Lidata                                       idata        000000
__Lidloc                                       idloc        200000
__Lifardata                                    ifardata     000000
__Linit                                        init         00007E
__Lintcode                                     intcode      000008
__Lintcode_body                                intcode_body 000000
__Lintcodelo                                   intcodelo    000018
__Lintentry                                    intentry     000000
__Lintret                                      intret       000000
__Lintsave_regs                                intsave_regs 000000
__Lirdata                                      irdata       000000
__Lmediumconst                                 mediumconst  000000
__LnvFARRAM                                    nvFARRAM     000000
__Lnvbit                                       nvbit        000000
__Lnvrram                                      nvrram       000000
__Lparam                                       rparam       000000
__Lpowerup                                     powerup      00007E
__Lram                                         ram          000000
__Lramtop                                      ramtop       000300
__Lrbit                                        rbit         000000
__Lrbss                                        rbss         000000
__Lrdata                                       rdata        000000
__Lreset_vec                                   reset_vec    000000
__Lrparam                                      rparam       000000
__Lsfr                                         sfr          000000
__Lsmallconst                                  smallconst   000000
__Lspace_0                                     (abs)        000000
__Lspace_1                                     (abs)        000000
__Lspace_2                                     (abs)        000000
__Lstack                                       stack        000000
__Lstruct                                      struct       000000
__Ltemp                                        temp         000000
__Ltext                                        text         000000
__Ltext0                                       text0        000000
__Ltext1                                       text1        000000
__Ltext10                                      text10       000000
__Ltext11                                      text11       000000
__Ltext12                                      text12       000000
__Ltext13                                      text13       000000
__Ltext14                                      text14       000000
__Ltext15                                      text15       000000
__Ltext16                                      text16       000000
__Ltext17                                      text17       000000
__Ltext18                                      text18       000000
__Ltext2                                       text2        000000
__Ltext20                                      text20       000000
__Ltext21                                      text21       000000
__Ltext22                                      text22       000000
__Ltext23                                      text23       000000
__Ltext3                                       text3        000000
__Ltext4                                       text4        000000
__Ltext5                                       text5        000000
__Ltext6                                       text6        000000
__Ltext7                                       text7        000000
__Ltext8                                       text8        000000
__Ltext9                                       text9        000000
__S0                                           (abs)        30000E
__S1                                           (abs)        0000A8
__S2                                           (abs)        000000
___ftdiv                                       text9        00013A
___ftdiv@cntr                                  cstackCOMRAM 000021
___ftdiv@exp                                   cstackCOMRAM 000025
___ftdiv@f1                                    cstackCOMRAM 000018
___ftdiv@f2                                    cstackCOMRAM 00001B
___ftdiv@f3                                    cstackCOMRAM 000022
___ftdiv@sign                                  cstackCOMRAM 000026
___ftpack                                      text10       000294
___ftpack@arg                                  cstackCOMRAM 00000D
___ftpack@exp                                  cstackCOMRAM 000010
___ftpack@sign                                 cstackCOMRAM 000011
___fttol                                       text8        000082
___fttol@exp1                                  cstackCOMRAM 000035
___fttol@f1                                    cstackCOMRAM 000027
___fttol@lval                                  cstackCOMRAM 000031
___fttol@sign1                                 cstackCOMRAM 000030
___inthi_sp                                    stack        000000
___intlo_sp                                    stack        000000
___lwtoft                                      text7        000510
___lwtoft@c                                    cstackCOMRAM 000015
___param_bank                                  (abs)        000010
___rparam_used                                 (abs)        000001
___sp                                          stack        000000
__accesstop                                    (abs)        000060
__activetblptr                                 (abs)        000002
__end_of_BufferWrite                           text23       000472
__end_of_CCP1PWMInit                           text18       000594
__end_of_DCBrake_Catch                         text17       0005DE
__end_of_DCBrake_Release                       text16       0005DA
__end_of_HighIsr                               intcode_body 0005E0
__end_of_IR2110Disable                         text15       0005D6
__end_of_InitPCPWM                             text14       0004EA
__end_of_InitQEI                               text13       000558
__end_of_InputC1                               text22       0005B4
__end_of_InputC2                               text21       0005A4
__end_of_InputInit                             text12       0005CE
__end_of_LowIsr                                intcodelo    00007E
__end_of_SetCCP1PWMDuty                        text11       0004BA
__end_of_SetDCBrakeNominalVoltage              text6        00039E
__end_of_SetPWM1Duty                           text5        0005C8
__end_of_SetPWM2Duty                           text4        0005BE
__end_of_UARTAddressDetection_OFF              text3        0005D2
__end_of_UARTInit                              text2        000294
__end_of_UARTSendByte                          text20       000582
__end_of___ftdiv                               text9        0001EC
__end_of___ftpack                              text10       00031E
__end_of___fttol                               text8        00013A
__end_of___lwtoft                              text7        000534
__end_of__initialization                       cinit        000564
__end_of_delay_ms                              text1        000510
__end_of_main                                  text0        00040C
__initialization                               cinit        000558
__mediumconst                                  mediumconst  000000
__pbssBANK0                                    bssBANK0     000060
__pcinit                                       cinit        000558
__pcstackCOMRAM                                cstackCOMRAM 000001
__pintcode                                     intcode      000008
__pintcode_body                                intcode_body 0005DE
__pintcodelo                                   intcodelo    000018
__ptext0                                       text0        00039E
__ptext1                                       text1        0004EA
__ptext10                                      text10       000294
__ptext11                                      text11       000472
__ptext12                                      text12       0005C8
__ptext13                                      text13       000534
__ptext14                                      text14       0004BA
__ptext15                                      text15       0005D2
__ptext16                                      text16       0005D6
__ptext17                                      text17       0005DA
__ptext18                                      text18       000582
__ptext2                                       text2        0001EC
__ptext20                                      text20       00056E
__ptext21                                      text21       000594
__ptext22                                      text22       0005A4
__ptext23                                      text23       00040C
__ptext3                                       text3        0005CE
__ptext4                                       text4        0005B4
__ptext5                                       text5        0005BE
__ptext6                                       text6        00031E
__ptext7                                       text7        000510
__ptext8                                       text8        000082
__ptext9                                       text9        00013A
__ramtop                                       ramtop       000300
__size_of_BufferWrite                          (abs)        000000
__size_of_CCP1PWMInit                          (abs)        000000
__size_of_DCBrake_Catch                        (abs)        000000
__size_of_DCBrake_Release                      (abs)        000000
__size_of_HighIsr                              (abs)        000000
__size_of_IR2110Disable                        (abs)        000000
__size_of_InitPCPWM                            (abs)        000000
__size_of_InitQEI                              (abs)        000000
__size_of_InputC1                              (abs)        000000
__size_of_InputC2                              (abs)        000000
__size_of_InputInit                            (abs)        000000
__size_of_LowIsr                               (abs)        000000
__size_of_SetCCP1PWMDuty                       (abs)        000000
__size_of_SetDCBrakeNominalVoltage             (abs)        000000
__size_of_SetPWM1Duty                          (abs)        000000
__size_of_SetPWM2Duty                          (abs)        000000
__size_of_UARTAddressDetection_OFF             (abs)        000000
__size_of_UARTInit                             (abs)        000000
__size_of_UARTSendByte                         (abs)        000000
__size_of___ftdiv                              (abs)        000000
__size_of___ftpack                             (abs)        000000
__size_of___fttol                              (abs)        000000
__size_of___lwtoft                             (abs)        000000
__size_of_delay_ms                             (abs)        000000
__size_of_main                                 (abs)        000000
__smallconst                                   smallconst   000000
_delay_ms                                      text1        0004EA
_in                                            bssBANK0     000084
_main                                          text0        00039E
_out                                           bssBANK0     000060
delay_ms@delay                                 cstackCOMRAM 00000D
delay_ms@i                                     cstackCOMRAM 000010
end_of_initialization                          cinit        000564
int_func                                       intcode_body 0005DE
intlevel0                                      text         000000
intlevel1                                      text         000000
intlevel2                                      text         000000
intlevel3                                      text         000000
stackhi                                        (abs)        0002FF
stacklo                                        (abs)        0000A8
start                                          init         00007E
start_initialization                           cinit        000558


FUNCTION INFORMATION:

 *************** function _main *****************
 Defined at:
		line 92 in file "main.c"
 Parameters:    Size  Location     Type
		None
 Auto vars:     Size  Location     Type
  array           2    0        unsigned char [2]
 Return value:  Size  Location     Type
                  2   67[None  ] int 
 Registers used:
		wreg, status,2, status,0, cstack
 Tracked objects:
		On entry : 
		On exit  : 
		Unchanged: 
 Data sizes:     COMRAM   BANK0   BANK1   BANK2
      Params:         0       0       0       0
      Locals:         0       0       0       0
      Temps:          0       0       0       0
      Totals:         0       0       0       0
Total ram usage:        0 bytes
 Hardware stack levels required when called:    6
 This function calls:
		_CCP1PWMInit
		_DCBrake_Catch
		_DCBrake_Release
		_IR2110Disable
		_InitPCPWM
		_InitQEI
		_InputInit
		_SetDCBrakeNominalVoltage
		_SetPWM1Duty
		_SetPWM2Duty
		_UARTAddressDetection_OFF
		_UARTInit
		_delay_ms
 This function is called by:
		Startup code after reset
 This function uses a non-reentrant model


 *************** function _delay_ms *****************
 Defined at:
		line 85 in file "main.c"
 Parameters:    Size  Location     Type
  delay           2   12[COMRAM] unsigned int 
 Auto vars:     Size  Location     Type
  i               2   15[COMRAM] int 
 Return value:  Size  Location     Type
		None               void
 Registers used:
		wreg, status,2, status,0
 Tracked objects:
		On entry : 
		On exit  : 
		Unchanged: 
 Data sizes:     COMRAM   BANK0   BANK1   BANK2
      Params:         2       0       0       0
      Locals:         2       0       0       0
      Temps:          1       0       0       0
      Totals:         5       0       0       0
Total ram usage:        5 bytes
 Hardware stack levels used:    1
 Hardware stack levels required when called:    3
 This function calls:
		Nothing
 This function is called by:
		_main
 This function uses a non-reentrant model


 *************** function _UARTInit *****************
 Defined at:
		line 8 in file "uart.c"
 Parameters:    Size  Location     Type
  baudrate        4   12[COMRAM] unsigned long 
 Auto vars:     Size  Location     Type
  divisor         2   20[COMRAM] unsigned int 
 Return value:  Size  Location     Type
		None               void
 Registers used:
		wreg, status,2, status,0
 Tracked objects:
		On entry : 
		On exit  : 
		Unchanged: 
 Data sizes:     COMRAM   BANK0   BANK1   BANK2
      Params:         4       0       0       0
      Locals:         2       0       0       0
      Temps:          4       0       0       0
      Totals:        10       0       0       0
Total ram usage:       10 bytes
 Hardware stack levels used:    1
 Hardware stack levels required when called:    3
 This function calls:
		Nothing
 This function is called by:
		_main
 This function uses a non-reentrant model


 *************** function _UARTAddressDetection_OFF *****************
 Defined at:
		line 95 in file "uart.c"
 Parameters:    Size  Location     Type
		None
 Auto vars:     Size  Location     Type
		None
 Return value:  Size  Location     Type
		None               void
 Registers used:
		None
 Tracked objects:
		On entry : 
		On exit  : 
		Unchanged: 
 Data sizes:     COMRAM   BANK0   BANK1   BANK2
      Params:         0       0       0       0
      Locals:         0       0       0       0
      Temps:          0       0       0       0
      Totals:         0       0       0       0
Total ram usage:        0 bytes
 Hardware stack levels used:    1
 Hardware stack levels required when called:    3
 This function calls:
		Nothing
 This function is called by:
		_main
 This function uses a non-reentrant model


 *************** function _SetPWM2Duty *****************
 Defined at:
		line 82 in file "pcpwm.c"
 Parameters:    Size  Location     Type
  _PDC1           2   12[COMRAM] unsigned int 
 Auto vars:     Size  Location     Type
		None
 Return value:  Size  Location     Type
		None               void
 Registers used:
		None
 Tracked objects:
		On entry : 
		On exit  : 
		Unchanged: 
 Data sizes:     COMRAM   BANK0   BANK1   BANK2
      Params:         2       0       0       0
      Locals:         0       0       0       0
      Temps:          0       0       0       0
      Totals:         2       0       0       0
Total ram usage:        2 bytes
 Hardware stack levels used:    1
 Hardware stack levels required when called:    3
 This function calls:
		Nothing
 This function is called by:
		_main
 This function uses a non-reentrant model


 *************** function _SetPWM1Duty *****************
 Defined at:
		line 72 in file "pcpwm.c"
 Parameters:    Size  Location     Type
  _PDC0           2   12[COMRAM] unsigned int 
 Auto vars:     Size  Location     Type
		None
 Return value:  Size  Location     Type
		None               void
 Registers used:
		None
 Tracked objects:
		On entry : 
		On exit  : 
		Unchanged: 
 Data sizes:     COMRAM   BANK0   BANK1   BANK2
      Params:         2       0       0       0
      Locals:         0       0       0       0
      Temps:          0       0       0       0
      Totals:         2       0       0       0
Total ram usage:        2 bytes
 Hardware stack levels used:    1
 Hardware stack levels required when called:    3
 This function calls:
		Nothing
 This function is called by:
		_main
 This function uses a non-reentrant model


 *************** function _SetDCBrakeNominalVoltage *****************
 Defined at:
		line 51 in file "dc_brake.c"
 Parameters:    Size  Location     Type
  DCBrakeNomin    2   57[COMRAM] unsigned short 
  HVSupplyVolt    2   59[COMRAM] unsigned short 
 Auto vars:     Size  Location     Type
  sPWMQuantum     3   61[COMRAM] float 
 Return value:  Size  Location     Type
                  2   57[COMRAM] int 
 Registers used:
		wreg, status,2, status,0, cstack
 Tracked objects:
		On entry : 
		On exit  : 
		Unchanged: 
 Data sizes:     COMRAM   BANK0   BANK1   BANK2
      Params:         4       0       0       0
      Locals:         3       0       0       0
      Temps:          0       0       0       0
      Totals:         7       0       0       0
Total ram usage:        7 bytes
 Hardware stack levels used:    1
 Hardware stack levels required when called:    5
 This function calls:
		_SetCCP1PWMDuty
		___ftdiv
		___fttol
		___lwtoft
 This function is called by:
		_main
 This function uses a non-reentrant model


 *************** function ___lwtoft *****************
 Defined at:
		line 28 in file "C:\Program Files (x86)\Microchip\xc8\v1.34\sources\common\lwtoft.c"
 Parameters:    Size  Location     Type
  c               2   20[COMRAM] unsigned int 
 Auto vars:     Size  Location     Type
		None
 Return value:  Size  Location     Type
                  3   20[COMRAM] float 
 Registers used:
		wreg, status,2, status,0, cstack
 Tracked objects:
		On entry : 
		On exit  : 
		Unchanged: 
 Data sizes:     COMRAM   BANK0   BANK1   BANK2
      Params:         3       0       0       0
      Locals:         0       0       0       0
      Temps:          0       0       0       0
      Totals:         3       0       0       0
Total ram usage:        3 bytes
 Hardware stack levels used:    1
 Hardware stack levels required when called:    4
 This function calls:
		___ftpack
 This function is called by:
		_SetDCBrakeNominalVoltage
 This function uses a non-reentrant model


 *************** function ___fttol *****************
 Defined at:
		line 44 in file "C:\Program Files (x86)\Microchip\xc8\v1.34\sources\common\fttol.c"
 Parameters:    Size  Location     Type
  f1              3   38[COMRAM] float 
 Auto vars:     Size  Location     Type
  lval            4   48[COMRAM] unsigned long 
  exp1            1   52[COMRAM] unsigned char 
  sign1           1   47[COMRAM] unsigned char 
 Return value:  Size  Location     Type
                  4   38[COMRAM] long 
 Registers used:
		wreg, status,2, status,0
 Tracked objects:
		On entry : 
		On exit  : 
		Unchanged: 
 Data sizes:     COMRAM   BANK0   BANK1   BANK2
      Params:         4       0       0       0
      Locals:         6       0       0       0
      Temps:          5       0       0       0
      Totals:        15       0       0       0
Total ram usage:       15 bytes
 Hardware stack levels used:    1
 Hardware stack levels required when called:    3
 This function calls:
		Nothing
 This function is called by:
		_SetDCBrakeNominalVoltage
 This function uses a non-reentrant model


 *************** function ___ftdiv *****************
 Defined at:
		line 54 in file "C:\Program Files (x86)\Microchip\xc8\v1.34\sources\common\ftdiv.c"
 Parameters:    Size  Location     Type
  f1              3   23[COMRAM] float 
  f2              3   26[COMRAM] float 
 Auto vars:     Size  Location     Type
  f3              3   33[COMRAM] float 
  sign            1   37[COMRAM] unsigned char 
  exp             1   36[COMRAM] unsigned char 
  cntr            1   32[COMRAM] unsigned char 
 Return value:  Size  Location     Type
                  3   23[COMRAM] float 
 Registers used:
		wreg, status,2, status,0, cstack
 Tracked objects:
		On entry : 
		On exit  : 
		Unchanged: 
 Data sizes:     COMRAM   BANK0   BANK1   BANK2
      Params:         6       0       0       0
      Locals:         6       0       0       0
      Temps:          3       0       0       0
      Totals:        15       0       0       0
Total ram usage:       15 bytes
 Hardware stack levels used:    1
 Hardware stack levels required when called:    4
 This function calls:
		___ftpack
 This function is called by:
		_SetDCBrakeNominalVoltage
 This function uses a non-reentrant model


 *************** function ___ftpack *****************
 Defined at:
		line 62 in file "C:\Program Files (x86)\Microchip\xc8\v1.34\sources\common\float.c"
 Parameters:    Size  Location     Type
  arg             3   12[COMRAM] unsigned um
  exp             1   15[COMRAM] unsigned char 
  sign            1   16[COMRAM] unsigned char 
 Auto vars:     Size  Location     Type
		None
 Return value:  Size  Location     Type
                  3   12[COMRAM] float 
 Registers used:
		wreg, status,2, status,0
 Tracked objects:
		On entry : 
		On exit  : 
		Unchanged: 
 Data sizes:     COMRAM   BANK0   BANK1   BANK2
      Params:         5       0       0       0
      Locals:         0       0       0       0
      Temps:          3       0       0       0
      Totals:         8       0       0       0
Total ram usage:        8 bytes
 Hardware stack levels used:    1
 Hardware stack levels required when called:    3
 This function calls:
		Nothing
 This function is called by:
		___ftdiv
		___lwtoft
 This function uses a non-reentrant model


 *************** function _SetCCP1PWMDuty *****************
 Defined at:
		line 22 in file "dc_brake.c"
 Parameters:    Size  Location     Type
  duty            2   53[COMRAM] unsigned int 
 Auto vars:     Size  Location     Type
		None
 Return value:  Size  Location     Type
		None               void
 Registers used:
		wreg, status,2, status,0
 Tracked objects:
		On entry : 
		On exit  : 
		Unchanged: 
 Data sizes:     COMRAM   BANK0   BANK1   BANK2
      Params:         2       0       0       0
      Locals:         0       0       0       0
      Temps:          2       0       0       0
      Totals:         4       0       0       0
Total ram usage:        4 bytes
 Hardware stack levels used:    1
 Hardware stack levels required when called:    3
 This function calls:
		Nothing
 This function is called by:
		_SetDCBrakeNominalVoltage
 This function uses a non-reentrant model


 *************** function _InputInit *****************
 Defined at:
		line 7 in file "input.c"
 Parameters:    Size  Location     Type
		None
 Auto vars:     Size  Location     Type
		None
 Return value:  Size  Location     Type
		None               void
 Registers used:
		None
 Tracked objects:
		On entry : 
		On exit  : 
		Unchanged: 
 Data sizes:     COMRAM   BANK0   BANK1   BANK2
      Params:         0       0       0       0
      Locals:         0       0       0       0
      Temps:          0       0       0       0
      Totals:         0       0       0       0
Total ram usage:        0 bytes
 Hardware stack levels used:    1
 Hardware stack levels required when called:    3
 This function calls:
		Nothing
 This function is called by:
		_main
 This function uses a non-reentrant model


 *************** function _InitQEI *****************
 Defined at:
		line 10 in file "qei.c"
 Parameters:    Size  Location     Type
  _QEICON         1    wreg     unsigned char 
  _DFLTCON        1   12[COMRAM] unsigned char 
  _MAXCNT         2   13[COMRAM] unsigned int 
 Auto vars:     Size  Location     Type
  _QEICON         1   15[COMRAM] unsigned char 
 Return value:  Size  Location     Type
		None               void
 Registers used:
		wreg, status,2, status,0
 Tracked objects:
		On entry : 
		On exit  : 
		Unchanged: 
 Data sizes:     COMRAM   BANK0   BANK1   BANK2
      Params:         3       0       0       0
      Locals:         1       0       0       0
      Temps:          0       0       0       0
      Totals:         4       0       0       0
Total ram usage:        4 bytes
 Hardware stack levels used:    1
 Hardware stack levels required when called:    3
 This function calls:
		Nothing
 This function is called by:
		_main
 This function uses a non-reentrant model


 *************** function _InitPCPWM *****************
 Defined at:
		line 6 in file "pcpwm.c"
 Parameters:    Size  Location     Type
		None
 Auto vars:     Size  Location     Type
		None
 Return value:  Size  Location     Type
		None               void
 Registers used:
		wreg, status,2
 Tracked objects:
		On entry : 
		On exit  : 
		Unchanged: 
 Data sizes:     COMRAM   BANK0   BANK1   BANK2
      Params:         0       0       0       0
      Locals:         0       0       0       0
      Temps:          0       0       0       0
      Totals:         0       0       0       0
Total ram usage:        0 bytes
 Hardware stack levels used:    1
 Hardware stack levels required when called:    3
 This function calls:
		Nothing
 This function is called by:
		_main
 This function uses a non-reentrant model


 *************** function _IR2110Disable *****************
 Defined at:
		line 99 in file "pcpwm.c"
 Parameters:    Size  Location     Type
		None
 Auto vars:     Size  Location     Type
		None
 Return value:  Size  Location     Type
		None               void
 Registers used:
		None
 Tracked objects:
		On entry : 
		On exit  : 
		Unchanged: 
 Data sizes:     COMRAM   BANK0   BANK1   BANK2
      Params:         0       0       0       0
      Locals:         0       0       0       0
      Temps:          0       0       0       0
      Totals:         0       0       0       0
Total ram usage:        0 bytes
 Hardware stack levels used:    1
 Hardware stack levels required when called:    3
 This function calls:
		Nothing
 This function is called by:
		_main
 This function uses a non-reentrant model


 *************** function _DCBrake_Release *****************
 Defined at:
		line 32 in file "dc_brake.c"
 Parameters:    Size  Location     Type
		None
 Auto vars:     Size  Location     Type
		None
 Return value:  Size  Location     Type
		None               void
 Registers used:
		None
 Tracked objects:
		On entry : 
		On exit  : 
		Unchanged: 
 Data sizes:     COMRAM   BANK0   BANK1   BANK2
      Params:         0       0       0       0
      Locals:         0       0       0       0
      Temps:          0       0       0       0
      Totals:         0       0       0       0
Total ram usage:        0 bytes
 Hardware stack levels used:    1
 Hardware stack levels required when called:    3
 This function calls:
		Nothing
 This function is called by:
		_main
 This function uses a non-reentrant model


 *************** function _DCBrake_Catch *****************
 Defined at:
		line 40 in file "dc_brake.c"
 Parameters:    Size  Location     Type
		None
 Auto vars:     Size  Location     Type
		None
 Return value:  Size  Location     Type
		None               void
 Registers used:
		None
 Tracked objects:
		On entry : 
		On exit  : 
		Unchanged: 
 Data sizes:     COMRAM   BANK0   BANK1   BANK2
      Params:         0       0       0       0
      Locals:         0       0       0       0
      Temps:          0       0       0       0
      Totals:         0       0       0       0
Total ram usage:        0 bytes
 Hardware stack levels used:    1
 Hardware stack levels required when called:    3
 This function calls:
		Nothing
 This function is called by:
		_main
 This function uses a non-reentrant model


 *************** function _CCP1PWMInit *****************
 Defined at:
		line 8 in file "dc_brake.c"
 Parameters:    Size  Location     Type
		None
 Auto vars:     Size  Location     Type
		None
 Return value:  Size  Location     Type
		None               void
 Registers used:
		wreg, status,2
 Tracked objects:
		On entry : 
		On exit  : 
		Unchanged: 
 Data sizes:     COMRAM   BANK0   BANK1   BANK2
      Params:         0       0       0       0
      Locals:         0       0       0       0
      Temps:          0       0       0       0
      Totals:         0       0       0       0
Total ram usage:        0 bytes
 Hardware stack levels used:    1
 Hardware stack levels required when called:    3
 This function calls:
		Nothing
 This function is called by:
		_main
 This function uses a non-reentrant model


 *************** function _LowIsr *****************
 Defined at:
		line 57 in file "main.c"
 Parameters:    Size  Location     Type
		None
 Auto vars:     Size  Location     Type
  a               1   11[COMRAM] unsigned char 
 Return value:  Size  Location     Type
		None               void
 Registers used:
		wreg, fsr2l, fsr2h, status,2, status,0, cstack
 Tracked objects:
		On entry : 
		On exit  : 
		Unchanged: 
 Data sizes:     COMRAM   BANK0   BANK1   BANK2
      Params:         0       0       0       0
      Locals:         1       0       0       0
      Temps:          5       0       0       0
      Totals:         6       0       0       0
Total ram usage:        6 bytes
 Hardware stack levels used:    1
 Hardware stack levels required when called:    2
 This function calls:
		_BufferWrite
		_InputC1
		_InputC2
		_UARTSendByte
 This function is called by:
		Interrupt level 1
 This function uses a non-reentrant model


 *************** function _UARTSendByte *****************
 Defined at:
		line 56 in file "uart.c"
 Parameters:    Size  Location     Type
  data            1    wreg     unsigned char 
 Auto vars:     Size  Location     Type
  data            1    0[COMRAM] unsigned char 
 Return value:  Size  Location     Type
		None               void
 Registers used:
		wreg
 Tracked objects:
		On entry : 
		On exit  : 
		Unchanged: 
 Data sizes:     COMRAM   BANK0   BANK1   BANK2
      Params:         0       0       0       0
      Locals:         1       0       0       0
      Temps:          0       0       0       0
      Totals:         1       0       0       0
Total ram usage:        1 bytes
 Hardware stack levels used:    1
 Hardware stack levels required when called:    1
 This function calls:
		Nothing
 This function is called by:
		_LowIsr
 This function uses a non-reentrant model


 *************** function _InputC2 *****************
 Defined at:
		line 27 in file "input.c"
 Parameters:    Size  Location     Type
		None
 Auto vars:     Size  Location     Type
		None
 Return value:  Size  Location     Type
		None               void
 Registers used:
		wreg, status,0
 Tracked objects:
		On entry : 
		On exit  : 
		Unchanged: 
 Data sizes:     COMRAM   BANK0   BANK1   BANK2
      Params:         0       0       0       0
      Locals:         0       0       0       0
      Temps:          1       0       0       0
      Totals:         1       0       0       0
Total ram usage:        1 bytes
 Hardware stack levels used:    1
 Hardware stack levels required when called:    1
 This function calls:
		Nothing
 This function is called by:
		_LowIsr
 This function uses a non-reentrant model


 *************** function _InputC1 *****************
 Defined at:
		line 18 in file "input.c"
 Parameters:    Size  Location     Type
		None
 Auto vars:     Size  Location     Type
		None
 Return value:  Size  Location     Type
		None               void
 Registers used:
		wreg, status,0
 Tracked objects:
		On entry : 
		On exit  : 
		Unchanged: 
 Data sizes:     COMRAM   BANK0   BANK1   BANK2
      Params:         0       0       0       0
      Locals:         0       0       0       0
      Temps:          1       0       0       0
      Totals:         1       0       0       0
Total ram usage:        1 bytes
 Hardware stack levels used:    1
 Hardware stack levels required when called:    1
 This function calls:
		Nothing
 This function is called by:
		_LowIsr
 This function uses a non-reentrant model


 *************** function _BufferWrite *****************
 Defined at:
		line 4 in file "ring_buffer.c"
 Parameters:    Size  Location     Type
  data            1    wreg     unsigned char 
  buff            1    0[COMRAM] PTR volatile struct circ
		 -> in(36), 
 Auto vars:     Size  Location     Type
  data            1    3[COMRAM] unsigned char 
  next            2    4[COMRAM] unsigned int 
 Return value:  Size  Location     Type
		None               void
 Registers used:
		wreg, fsr2l, fsr2h, status,2, status,0
 Tracked objects:
		On entry : 
		On exit  : 
		Unchanged: 
 Data sizes:     COMRAM   BANK0   BANK1   BANK2
      Params:         1       0       0       0
      Locals:         3       0       0       0
      Temps:          2       0       0       0
      Totals:         6       0       0       0
Total ram usage:        6 bytes
 Hardware stack levels used:    1
 Hardware stack levels required when called:    1
 This function calls:
		Nothing
 This function is called by:
		_LowIsr
 This function uses a non-reentrant model


 *************** function _HighIsr *****************
 Defined at:
		line 76 in file "main.c"
 Parameters:    Size  Location     Type
		None
 Auto vars:     Size  Location     Type
		None
 Return value:  Size  Location     Type
		None               void
 Registers used:
		None
 Tracked objects:
		On entry : 
		On exit  : 
		Unchanged: 
 Data sizes:     COMRAM   BANK0   BANK1   BANK2
      Params:         0       0       0       0
      Locals:         0       0       0       0
      Temps:          0       0       0       0
      Totals:         0       0       0       0
Total ram usage:        0 bytes
 Hardware stack levels used:    1
 This function calls:
		Nothing
 This function is called by:
		Interrupt level 2
 This function uses a non-reentrant model



MODULE INFORMATION

Module		Function		Class		Link	Load	Size
uart.c
		_UARTAddressDet		CODE           	05CE	0000	5
		_UARTInit      		CODE           	01EC	0000	169
		_UARTSendByte  		CODE           	056E	0000	21

uart.c estimated size: 195

pcpwm.c
		_SetPWM1Duty   		CODE           	05BE	0000	11
		_InitPCPWM     		CODE           	04BA	0000	49
		_IR2110Disable 		CODE           	05D2	0000	5
		_SetPWM2Duty   		CODE           	05B4	0000	11

pcpwm.c estimated size: 76

input.c
		_InputC2       		CODE           	0594	0000	17
		_InputC1       		CODE           	05A4	0000	17
		_InputInit     		CODE           	05C8	0000	7

input.c estimated size: 41

C:\Program Files (x86)\Microchip\xc8\v1.34\sources\common\float.c
		___ftpack      		CODE           	0294	0000	139

C:\Program Files (x86)\Microchip\xc8\v1.34\sources\common\float.c estimated size: 139

qei.c
		_InitQEI       		CODE           	0534	0000	37

qei.c estimated size: 37

ring_buffer.c
		_BufferWrite   		CODE           	040C	0000	103

ring_buffer.c estimated size: 103

C:\Program Files (x86)\Microchip\xc8\v1.34\sources\common\lwtoft.c
		___lwtoft      		CODE           	0510	0000	37

C:\Program Files (x86)\Microchip\xc8\v1.34\sources\common\lwtoft.c estimated size: 37

C:\Program Files (x86)\Microchip\xc8\v1.34\sources\common\ftdiv.c
		___ftdiv       		CODE           	013A	0000	179

C:\Program Files (x86)\Microchip\xc8\v1.34\sources\common\ftdiv.c estimated size: 179

shared
		__initializatio		CODE           	0558	0000	13

shared estimated size: 13

C:\Program Files (x86)\Microchip\xc8\v1.34\sources\common\fttol.c
		___fttol       		CODE           	0082	0000	185

C:\Program Files (x86)\Microchip\xc8\v1.34\sources\common\fttol.c estimated size: 185

dc_brake.c
		_DCBrake_Releas		CODE           	05D6	0000	5
		_CCP1PWMInit   		CODE           	0582	0000	19
		_SetCCP1PWMDuty		CODE           	0472	0000	73
		_SetDCBrakeNomi		CODE           	031E	0000	129
		_DCBrake_Catch 		CODE           	05DA	0000	5

dc_brake.c estimated size: 231

main.c
		_HighIsr       		CODE           	0008	0000	7
		_main          		CODE           	039E	0000	111
		_LowIsr        		CODE           	0018	0000	103
		_delay_ms      		CODE           	04EA	0000	39

main.c estimated size: 260

