Microchip MPLAB XC8 Compiler V1.34 ()

Linker command line:

--edf=C:\Program Files (x86)\Microchip\xc8\v1.34\dat\en_msgs.txt -cs \
  -h+dist/default/production\MCA1-REVB.X.production.sym \
  --cmf=dist/default/production\MCA1-REVB.X.production.cmf -z -Q18F4431 \
  -oC:\Users\Miroslav\AppData\Local\Temp\s6kc.6 \
  -Mdist/default/production/MCA1-REVB.X.production.map -E1 -ver=XC8 \
  -ASTACK=0C4h-02ffh -pstack=STACK -ACODE=00h-03FFFh -ACONST=00h-03FFFh \
  -ASMALLCONST=0300h-03FFhx61 -AMEDIUMCONST=0300h-03FFFh -ACOMRAM=01h-05Fh \
  -AABS1=00h-02FFh -ABIGRAM=01h-02FFh -ARAM=060h-0FFh,0100h-01FFhx2 \
  -ABANK0=060h-0FFh -ABANK1=0100h-01FFh -ABANK2=0200h-02FFh \
  -ASFR=0F60h-0FFFh \
  -preset_vec=00h,intcode=08h,intcodelo=018h,powerup,init,end_init \
  -pramtop=0300h -psmallconst=SMALLCONST -pmediumconst=MEDIUMCONST \
  -pconst=CONST -AFARRAM=00h-00h -ACONFIG=0300000h-030000Dh -pconfig=CONFIG \
  -AIDLOC=0200000h-0200007h -pidloc=IDLOC -AEEDATA=0F00000h-0F000FFh \
  -peeprom_data=EEDATA \
  -prdata=COMRAM,nvrram=COMRAM,nvbit=COMRAM,rbss=COMRAM,rbit=COMRAM \
  -pfarbss=FARRAM,fardata=FARRAM,nvFARRAM=FARRAM \
  -pintsave_regs=BIGRAM,bigbss=BIGRAM,bigdata=BIGRAM -pbss=RAM \
  -pidata=CODE,irdata=CODE,ibigdata=CODE,ifardata=CODE -prparam=COMRAM \
  C:\Users\Miroslav\AppData\Local\Temp\s6kc.obj \
  dist/default/production\MCA1-REVB.X.production.obj 

Object code version is 3.11

Machine type is 18F4431

Call graph: (short form)




                Name                               Link     Load   Length Selector   Space Scale
C:\Users\Miroslav\AppData\Local\Temp\s6kc.obj
                end_init                             AE       AE        4        C       0
                reset_vec                             0        0        4        0       0
                idloc                            200000   200000        8   200000       0
                config                           300000   300000        E   300000       0
dist/default/production\MCA1-REVB.X.production.obj
                intcodelo                            18       18       96        C       0
                intcode                               8        8       10        4       0
                smallconst                          300      300        8      180       0
                intcode_body                        9FE      9FE       66      184       0
                text23                              CBA      CBA        4      184       0
                text22                              C84      C84       14      184       0
                text21                              CB6      CB6        4      184       0
                text20                              B6A      B6A       3A      184       0
                text19                              BA4      BA4       2C      184       0
                text18                              CAC      CAC        6      184       0
                text17                              982      982       7C      184       0
                text16                              C4A      C4A       22      184       0
                text15                              AC8      AC8       54      184       0
                text14                              87A      87A       8C      184       0
                text13                              C6C      C6C       18      184       0
                text12                              906      906       7C      184       0
                text11                              A64      A64       64      184       0
                text10                              720      720       C6      184       0
                text9                               568      568       E2      184       0
                text8                               448      448      120      184       0
                text7                               C24      C24       26      184       0
                text6                               7E6      7E6       94      184       0
                text5                               CA2      CA2        A      184       0
                text4                               C98      C98        A      184       0
                text3                               CB2      CB2        4      184       0
                text2                               64A      64A       D6      184       0
                text1                               BFA      BFA       2A      184       0
                text0                               308      308      140      184       0
                cstackCOMRAM                          1        1       3E        1       1
                cstackBANK0                          AE       AE       16       60       1
                dataBANK0                            60       60       4E       60       1
                cinit                               BD0      BD0       2A      184       0
                idataBANK0                          B1C      B1C       4E      184       0

TOTAL           Name                               Link     Load   Length     Space
        CLASS   STACK          

        CLASS   CODE           
                end_init                             AE       AE        4         0
                intcodelo                            18       18       96         0
                intcode                               8        8       10         0
                reset_vec                             0        0        4         0
                intcode_body                        9FE      9FE       66         0
                text23                              CBA      CBA        4         0
                text22                              C84      C84       14         0
                text21                              CB6      CB6        4         0
                text20                              B6A      B6A       3A         0
                text19                              BA4      BA4       2C         0
                text18                              CAC      CAC        6         0
                text17                              982      982       7C         0
                text16                              C4A      C4A       22         0
                text15                              AC8      AC8       54         0
                text14                              87A      87A       8C         0
                text13                              C6C      C6C       18         0
                text12                              906      906       7C         0
                text11                              A64      A64       64         0
                text10                              720      720       C6         0
                text9                               568      568       E2         0
                text8                               448      448      120         0
                text7                               C24      C24       26         0
                text6                               7E6      7E6       94         0
                text5                               CA2      CA2        A         0
                text4                               C98      C98        A         0
                text3                               CB2      CB2        4         0
                text2                               64A      64A       D6         0
                text1                               BFA      BFA       2A         0
                text0                               308      308      140         0
                cinit                               BD0      BD0       2A         0
                idataBANK0                          B1C      B1C       4E         0

        CLASS   CONST          

        CLASS   SMALLCONST     
                smallconst                          300      300        8         0

        CLASS   MEDIUMCONST    

        CLASS   COMRAM         
                cstackCOMRAM                          1        1       3E         1

        CLASS   ABS1           

        CLASS   BIGRAM         

        CLASS   RAM            

        CLASS   BANK0          
                cstackBANK0                          AE       AE       16         1
                dataBANK0                            60       60       4E         1

        CLASS   BANK1          

        CLASS   BANK2          

        CLASS   SFR            

        CLASS   FARRAM         

        CLASS   CONFIG         
                config                           300000   300000        E         0

        CLASS   IDLOC          
                idloc                            200000   200000        8         0

        CLASS   EEDATA         



SEGMENTS        Name                           Load    Length   Top    Selector   Space  Class

                reset_vec                      000000  000004  000004         0       0  CODE    
                cstackCOMRAM                   000001  00003E  00003F         1       1  COMRAM  
                intcode                        000008  000010  000018         4       0  CODE    
                intcodelo                      000018  00009A  0000B2         C       0  CODE    
                dataBANK0                      000060  000064  0000C4        60       1  BANK0   
                smallconst                     000300  000008  000308       180       0  SMALLCON
                text0                          000308  0009B6  000CBE       184       0  CODE    
                idloc                          200000  000008  200008    200000       0  IDLOC   
                config                         300000  00000E  30000E    300000       0  CONFIG  


UNUSED ADDRESS RANGES

        Name                Unused          Largest block    Delta
        BANK0            0000C4-0000FF               3C
        BANK1            000100-0001FF              100
        BANK2            000200-0002FF              100
        BIGRAM           00003F-00005F               21
                         0000C4-0002FF              23C
        CODE             000004-000007                4
                         0000B2-0002FF              24E
                         000CBE-003FFF             3342
        COMRAM           00003F-00005F               21
        CONST            000004-000007                4
                         0000B2-0002FF              24E
                         000CBE-003FFF             3342
        EEDATA           F00000-F000FF              100
        MEDIUMCONST      000CBE-003FFF             3342
        RAM              0000C4-0002FF              100
        SFR              000F60-000FFF               A0
        SMALLCONST       000CBE-003FFF              100
        STACK            0000C4-0002FF              23C

                                  Symbol Table

?___ftdiv                                       cstackCOMRAM 00002C
?___ftpack                                      cstackCOMRAM 000021
?___fttol                                       cstackCOMRAM 00003B
?___lwtoft                                      cstackCOMRAM 000029
Buffer_GetCRC8@CRC                              cstackCOMRAM 000028
Buffer_GetCRC8@buff                             cstackCOMRAM 000021
Buffer_GetCRC8@i                                cstackCOMRAM 000027
Buffer_Read@buff                                cstackCOMRAM 000021
Buffer_Read@data                                cstackCOMRAM 000027
Buffer_Write@buff                               cstackCOMRAM 000021
Buffer_Write@data                               cstackCOMRAM 000025
Buffer_Write@next                               cstackCOMRAM 000026
InitQEI@_DFLTCON                                cstackCOMRAM 000021
InitQEI@_MAXCNT                                 cstackCOMRAM 000022
InitQEI@_QEICON                                 cstackCOMRAM 000024
LowIsr@a                                        cstackCOMRAM 000020
Package_AddData@d                               cstackCOMRAM 00002A
Package_AddData@p                               cstackCOMRAM 000028
Package_Send@p                                  cstackCOMRAM 000029
SetDCBrake_NominalVoltage@DCBrakeNominalVoltage cstackBANK0  0000BD
SetDCBrake_NominalVoltage@HVSupplyVoltage       cstackBANK0  0000BF
SetDCBrake_NominalVoltage@sPWMQuantum           cstackBANK0  0000C1
SetDCBrake_PWMDuty@duty                         cstackBANK0  0000B9
SetPWM1Duty@_PDC0                               cstackCOMRAM 000021
SetPWM2Duty@_PDC1                               cstackCOMRAM 000021
UARTInit@baudrate                               cstackCOMRAM 000021
UARTInit@divisor                                cstackCOMRAM 000029
UARTSendByte@data                               cstackCOMRAM 000021
_ANSEL0                                         (abs)        000FB8
_ANSEL1                                         (abs)        000FB9
_BAUDCONbits                                    (abs)        000FAA
_BAUDCTLbits                                    (abs)        000FAA
_Buffer_GetCRC8                                 text15       000AC8
_Buffer_Read                                    text14       00087A
_Buffer_Write                                   text17       000982
_CCP1CON                                        (abs)        000FBD
_CCP1CONbits                                    (abs)        000FBD
_CCPR1L                                         (abs)        000FBE
_DCBrake_Catch                                  text23       000CBA
_DCBrake_PWMInit                                text22       000C84
_DFLTCON                                        (abs)        000F60
_DTCON                                          (abs)        000F6D
_FLTCONFIG                                      (abs)        000F6C
_HighIsr                                        intcode      000008
_INTCONbits                                     (abs)        000FF2
_IPR1bits                                       (abs)        000F9F
_IR2110Disable                                  text21       000CB6
_InitPCPWM                                      text20       000B6A
_InitQEI                                        text19       000BA4
_InputInit                                      text18       000CAC
_LowIsr                                         intcodelo    000018
_MAXCNTH                                        (abs)        000F65
_MAXCNTL                                        (abs)        000F64
_OVDCOND                                        (abs)        000F6B
_OVDCONS                                        (abs)        000F6A
_PDC0H                                          (abs)        000F78
_PDC0L                                          (abs)        000F79
_PDC1H                                          (abs)        000F76
_PDC1L                                          (abs)        000F77
_PIE1bits                                       (abs)        000F9D
_PIR1bits                                       (abs)        000F9E
_PORTDbits                                      (abs)        000F83
_POSCNTH                                        (abs)        000F67
_POSCNTL                                        (abs)        000F66
_PR2                                            (abs)        000FCB
_PTCON0                                         (abs)        000F7F
_PTCON1bits                                     (abs)        000F7E
_PTPERH                                         (abs)        000F7A
_PTPERL                                         (abs)        000F7B
_PWMCON0                                        (abs)        000F6F
_PWMCON1                                        (abs)        000F6E
_Package_AddData                                text16       000C4A
_Package_Send                                   text12       000906
_QEICON                                         (abs)        000FB6
_RCONbits                                       (abs)        000FD0
_RCREG                                          (abs)        000FAE
_RCSTA                                          (abs)        000FAB
_RCSTAbits                                      (abs)        000FAB
_SPBRG                                          (abs)        000FAF
_SPBRGH                                         (abs)        000FB0
_SetDCBrake_NominalVoltage                      text6        0007E6
_SetDCBrake_PWMDuty                             text11       000A64
_SetPWM1Duty                                    text5        000CA2
_SetPWM2Duty                                    text4        000C98
_T2CON                                          (abs)        000FCA
_TRISAbits                                      (abs)        000F92
_TRISB                                          (abs)        000F93
_TRISCbits                                      (abs)        000F94
_TRISDbits                                      (abs)        000F95
_TXREG                                          (abs)        000FAD
_TXSTA                                          (abs)        000FAC
_TXSTAbits                                      (abs)        000FAC
_UARTAddressDetection_OFF                       text3        000CB2
_UARTInit                                       text2        00064A
_UARTSendByte                                   text13       000C6C
__CFG_BOREN$OFF                                 (abs)        000000
__CFG_CP0$OFF                                   (abs)        000000
__CFG_CP1$OFF                                   (abs)        000000
__CFG_CP2$OFF                                   (abs)        000000
__CFG_CP3$OFF                                   (abs)        000000
__CFG_CPB$OFF                                   (abs)        000000
__CFG_CPD$OFF                                   (abs)        000000
__CFG_EBTR0$OFF                                 (abs)        000000
__CFG_EBTR1$OFF                                 (abs)        000000
__CFG_EBTR2$OFF                                 (abs)        000000
__CFG_EBTR3$OFF                                 (abs)        000000
__CFG_EBTRB$OFF                                 (abs)        000000
__CFG_EXCLKMX$RC3                               (abs)        000000
__CFG_FCMEN$ON                                  (abs)        000000
__CFG_FLTAMX$RC1                                (abs)        000000
__CFG_HPOL$HIGH                                 (abs)        000000
__CFG_IESO$ON                                   (abs)        000000
__CFG_LPOL$HIGH                                 (abs)        000000
__CFG_LVP$OFF                                   (abs)        000000
__CFG_MCLRE$ON                                  (abs)        000000
__CFG_OSC$HSPLL                                 (abs)        000000
__CFG_PWM4MX$RB5                                (abs)        000000
__CFG_PWMPIN$OFF                                (abs)        000000
__CFG_PWRTEN$ON                                 (abs)        000000
__CFG_SSPMX$RD1                                 (abs)        000000
__CFG_STVREN$ON                                 (abs)        000000
__CFG_T1OSCMX$ON                                (abs)        000000
__CFG_WDPS$32768                                (abs)        000000
__CFG_WDTEN$OFF                                 (abs)        000000
__CFG_WINEN$OFF                                 (abs)        000000
__CFG_WRT0$OFF                                  (abs)        000000
__CFG_WRT1$OFF                                  (abs)        000000
__CFG_WRT2$OFF                                  (abs)        000000
__CFG_WRT3$OFF                                  (abs)        000000
__CFG_WRTB$OFF                                  (abs)        000000
__CFG_WRTC$OFF                                  (abs)        000000
__CFG_WRTD$OFF                                  (abs)        000000
__HRAM                                          (abs)        000000
__Habs1                                         abs1         000000
__Hbank0                                        bank0        000000
__Hbank1                                        bank1        000000
__Hbank2                                        bank2        000000
__Hbigbss                                       bigbss       000000
__Hbigdata                                      bigdata      000000
__Hbigram                                       bigram       000000
__Hbss                                          bss          000000
__Hcinit                                        cinit        000000
__Hclrtext                                      clrtext      000000
__Hcomram                                       comram       000000
__Hconfig                                       config       30000E
__Hconst                                        const        000000
__HcstackBANK0                                  cstackBANK0  000000
__HcstackCOMRAM                                 cstackCOMRAM 000000
__Hdata                                         data         000000
__HdataBANK0                                    dataBANK0    000000
__Heeprom_data                                  eeprom_data  000000
__Hend_init                                     end_init     0000B2
__Hfarbss                                       farbss       000000
__Hfardata                                      fardata      000000
__Hibigdata                                     ibigdata     000000
__Hidata                                        idata        000000
__HidataBANK0                                   idataBANK0   000000
__Hidloc                                        idloc        200008
__Hifardata                                     ifardata     000000
__Hinit                                         init         0000AE
__Hintcode                                      intcode      000018
__Hintcode_body                                 intcode_body 000000
__Hintcodelo                                    intcodelo    0000AE
__Hintentry                                     intentry     000000
__Hintret                                       intret       000000
__Hintsave_regs                                 intsave_regs 000000
__Hirdata                                       irdata       000000
__Hmediumconst                                  mediumconst  000000
__HnvFARRAM                                     nvFARRAM     000000
__Hnvbit                                        nvbit        000000
__Hnvrram                                       nvrram       000000
__Hparam                                        rparam       000000
__Hpowerup                                      powerup      0000AE
__Hram                                          ram          000000
__Hramtop                                       ramtop       000300
__Hrbit                                         rbit         000000
__Hrbss                                         rbss         000000
__Hrdata                                        rdata        000000
__Hreset_vec                                    reset_vec    000004
__Hrparam                                       rparam       000000
__Hsfr                                          sfr          000000
__Hsmallconst                                   smallconst   000308
__Hspace_0                                      (abs)        30000E
__Hspace_1                                      (abs)        0000C4
__Hspace_2                                      (abs)        000000
__Hstack                                        stack        000000
__Hstruct                                       struct       000000
__Htemp                                         temp         000000
__Htext                                         text         000000
__Htext0                                        text0        000000
__Htext1                                        text1        000000
__Htext10                                       text10       000000
__Htext11                                       text11       000000
__Htext12                                       text12       000000
__Htext13                                       text13       000000
__Htext14                                       text14       000000
__Htext15                                       text15       000000
__Htext16                                       text16       000000
__Htext17                                       text17       000000
__Htext18                                       text18       000000
__Htext19                                       text19       000000
__Htext2                                        text2        000000
__Htext20                                       text20       000000
__Htext21                                       text21       000000
__Htext22                                       text22       000000
__Htext23                                       text23       000000
__Htext3                                        text3        000000
__Htext4                                        text4        000000
__Htext5                                        text5        000000
__Htext6                                        text6        000000
__Htext7                                        text7        000000
__Htext8                                        text8        000000
__Htext9                                        text9        000000
__LRAM                                          (abs)        000001
__Labs1                                         abs1         000000
__Lbank0                                        bank0        000000
__Lbank1                                        bank1        000000
__Lbank2                                        bank2        000000
__Lbigbss                                       bigbss       000000
__Lbigdata                                      bigdata      000000
__Lbigram                                       bigram       000000
__Lbss                                          bss          000000
__Lcinit                                        cinit        000000
__Lclrtext                                      clrtext      000000
__Lcomram                                       comram       000000
__Lconfig                                       config       300000
__Lconst                                        const        000000
__LcstackBANK0                                  cstackBANK0  000000
__LcstackCOMRAM                                 cstackCOMRAM 000000
__Ldata                                         data         000000
__LdataBANK0                                    dataBANK0    000000
__Leeprom_data                                  eeprom_data  000000
__Lend_init                                     end_init     0000AE
__Lfarbss                                       farbss       000000
__Lfardata                                      fardata      000000
__Libigdata                                     ibigdata     000000
__Lidata                                        idata        000000
__LidataBANK0                                   idataBANK0   000000
__Lidloc                                        idloc        200000
__Lifardata                                     ifardata     000000
__Linit                                         init         0000AE
__Lintcode                                      intcode      000008
__Lintcode_body                                 intcode_body 000000
__Lintcodelo                                    intcodelo    000018
__Lintentry                                     intentry     000000
__Lintret                                       intret       000000
__Lintsave_regs                                 intsave_regs 000000
__Lirdata                                       irdata       000000
__Lmediumconst                                  mediumconst  000000
__LnvFARRAM                                     nvFARRAM     000000
__Lnvbit                                        nvbit        000000
__Lnvrram                                       nvrram       000000
__Lparam                                        rparam       000000
__Lpowerup                                      powerup      0000AE
__Lram                                          ram          000000
__Lramtop                                       ramtop       000300
__Lrbit                                         rbit         000000
__Lrbss                                         rbss         000000
__Lrdata                                        rdata        000000
__Lreset_vec                                    reset_vec    000000
__Lrparam                                       rparam       000000
__Lsfr                                          sfr          000000
__Lsmallconst                                   smallconst   000300
__Lspace_0                                      (abs)        000000
__Lspace_1                                      (abs)        000000
__Lspace_2                                      (abs)        000000
__Lstack                                        stack        000000
__Lstruct                                       struct       000000
__Ltemp                                         temp         000000
__Ltext                                         text         000000
__Ltext0                                        text0        000000
__Ltext1                                        text1        000000
__Ltext10                                       text10       000000
__Ltext11                                       text11       000000
__Ltext12                                       text12       000000
__Ltext13                                       text13       000000
__Ltext14                                       text14       000000
__Ltext15                                       text15       000000
__Ltext16                                       text16       000000
__Ltext17                                       text17       000000
__Ltext18                                       text18       000000
__Ltext19                                       text19       000000
__Ltext2                                        text2        000000
__Ltext20                                       text20       000000
__Ltext21                                       text21       000000
__Ltext22                                       text22       000000
__Ltext23                                       text23       000000
__Ltext3                                        text3        000000
__Ltext4                                        text4        000000
__Ltext5                                        text5        000000
__Ltext6                                        text6        000000
__Ltext7                                        text7        000000
__Ltext8                                        text8        000000
__Ltext9                                        text9        000000
__S0                                            (abs)        30000E
__S1                                            (abs)        0000C4
__S2                                            (abs)        000000
___ftdiv                                        text9        000568
___ftdiv@cntr                                   cstackCOMRAM 000035
___ftdiv@exp                                    cstackCOMRAM 000039
___ftdiv@f1                                     cstackCOMRAM 00002C
___ftdiv@f2                                     cstackCOMRAM 00002F
___ftdiv@f3                                     cstackCOMRAM 000036
___ftdiv@sign                                   cstackCOMRAM 00003A
___ftpack                                       text10       000720
___ftpack@arg                                   cstackCOMRAM 000021
___ftpack@exp                                   cstackCOMRAM 000024
___ftpack@sign                                  cstackCOMRAM 000025
___fttol                                        text8        000448
___fttol@exp1                                   cstackBANK0  0000B8
___fttol@f1                                     cstackCOMRAM 00003B
___fttol@lval                                   cstackBANK0  0000B4
___fttol@sign1                                  cstackBANK0  0000B3
___inthi_sp                                     stack        000000
___intlo_sp                                     stack        000000
___lwtoft                                       text7        000C24
___lwtoft@c                                     cstackCOMRAM 000029
___param_bank                                   (abs)        000010
___rparam_used                                  (abs)        000001
___sp                                           stack        000000
__accesstop                                     (abs)        000060
__activetblptr                                  (abs)        000002
__end_of_Buffer_GetCRC8                         text15       000B1C
__end_of_Buffer_Read                            text14       000906
__end_of_Buffer_Write                           text17       0009FE
__end_of_DCBrake_Catch                          text23       000CBE
__end_of_DCBrake_PWMInit                        text22       000C98
__end_of_HighIsr                                intcode_body 000A64
__end_of_IR2110Disable                          text21       000CBA
__end_of_InitPCPWM                              text20       000BA4
__end_of_InitQEI                                text19       000BD0
__end_of_InputInit                              text18       000CB2
__end_of_LowIsr                                 intcodelo    0000AE
__end_of_Package_AddData                        text16       000C6C
__end_of_Package_Send                           text12       000982
__end_of_SetDCBrake_NominalVoltage              text6        00087A
__end_of_SetDCBrake_PWMDuty                     text11       000AC8
__end_of_SetPWM1Duty                            text5        000CAC
__end_of_SetPWM2Duty                            text4        000CA2
__end_of_UARTAddressDetection_OFF               text3        000CB6
__end_of_UARTInit                               text2        000720
__end_of_UARTSendByte                           text13       000C84
__end_of___ftdiv                                text9        00064A
__end_of___ftpack                               text10       0007E6
__end_of___fttol                                text8        000568
__end_of___lwtoft                               text7        000C4A
__end_of__initialization                        cinit        000BF0
__end_of_delay_ms                               text1        000C24
__end_of_fVersion                               smallconst   000306
__end_of_main                                   text0        000448
__initialization                                cinit        000BD0
__mediumconst                                   mediumconst  000000
__pcinit                                        cinit        000BD0
__pcstackBANK0                                  cstackBANK0  0000AE
__pcstackCOMRAM                                 cstackCOMRAM 000001
__pdataBANK0                                    dataBANK0    000060
__pidataBANK0                                   idataBANK0   000B1C
__pintcode                                      intcode      000008
__pintcode_body                                 intcode_body 0009FE
__pintcodelo                                    intcodelo    000018
__psmallconst                                   smallconst   000300
__ptext0                                        text0        000308
__ptext1                                        text1        000BFA
__ptext10                                       text10       000720
__ptext11                                       text11       000A64
__ptext12                                       text12       000906
__ptext13                                       text13       000C6C
__ptext14                                       text14       00087A
__ptext15                                       text15       000AC8
__ptext16                                       text16       000C4A
__ptext17                                       text17       000982
__ptext18                                       text18       000CAC
__ptext19                                       text19       000BA4
__ptext2                                        text2        00064A
__ptext20                                       text20       000B6A
__ptext21                                       text21       000CB6
__ptext22                                       text22       000C84
__ptext23                                       text23       000CBA
__ptext3                                        text3        000CB2
__ptext4                                        text4        000C98
__ptext5                                        text5        000CA2
__ptext6                                        text6        0007E6
__ptext7                                        text7        000C24
__ptext8                                        text8        000448
__ptext9                                        text9        000568
__ramtop                                        ramtop       000300
__size_of_Buffer_GetCRC8                        (abs)        000000
__size_of_Buffer_Read                           (abs)        000000
__size_of_Buffer_Write                          (abs)        000000
__size_of_DCBrake_Catch                         (abs)        000000
__size_of_DCBrake_PWMInit                       (abs)        000000
__size_of_HighIsr                               (abs)        000000
__size_of_IR2110Disable                         (abs)        000000
__size_of_InitPCPWM                             (abs)        000000
__size_of_InitQEI                               (abs)        000000
__size_of_InputInit                             (abs)        000000
__size_of_LowIsr                                (abs)        000000
__size_of_Package_AddData                       (abs)        000000
__size_of_Package_Send                          (abs)        000000
__size_of_SetDCBrake_NominalVoltage             (abs)        000000
__size_of_SetDCBrake_PWMDuty                    (abs)        000000
__size_of_SetPWM1Duty                           (abs)        000000
__size_of_SetPWM2Duty                           (abs)        000000
__size_of_UARTAddressDetection_OFF              (abs)        000000
__size_of_UARTInit                              (abs)        000000
__size_of_UARTSendByte                          (abs)        000000
__size_of___ftdiv                               (abs)        000000
__size_of___ftpack                              (abs)        000000
__size_of___fttol                               (abs)        000000
__size_of___lwtoft                              (abs)        000000
__size_of_delay_ms                              (abs)        000000
__size_of_main                                  (abs)        000000
__smallconst                                    smallconst   000300
_delay_ms                                       text1        000BFA
_fVersion                                       smallconst   000301
_in                                             dataBANK0    000060
_main                                           text0        000308
_out                                            dataBANK0    000087
delay_ms@delay                                  cstackCOMRAM 000021
delay_ms@i                                      cstackCOMRAM 000024
end_of_initialization                           cinit        000BF0
int_func                                        intcode_body 0009FE
intlevel0                                       text         000000
intlevel1                                       text         000000
intlevel2                                       text         000000
intlevel3                                       text         000000
stackhi                                         (abs)        0002FF
stacklo                                         (abs)        0000C4
start                                           init         0000AE
start_initialization                            cinit        000BD0


FUNCTION INFORMATION:

 *************** function _main *****************
 Defined at:
		line 85 in file "main.c"
 Parameters:    Size  Location     Type
		None
 Auto vars:     Size  Location     Type
		None
 Return value:  Size  Location     Type
                  2   59[None  ] int 
 Registers used:
		wreg, fsr1l, fsr1h, fsr2l, fsr2h, status,2, status,0, tblptrl, tblptrh, tblptru, prodl, prodh, cstack
 Tracked objects:
		On entry : 
		On exit  : 
		Unchanged: 
 Data sizes:     COMRAM   BANK0   BANK1   BANK2
      Params:         0       0       0       0
      Locals:         0       0       0       0
      Temps:          0       0       0       0
      Totals:         0       0       0       0
Total ram usage:        0 bytes
 Hardware stack levels required when called:    5
 This function calls:
		_DCBrake_Catch
		_DCBrake_PWMInit
		_IR2110Disable
		_InitPCPWM
		_InitQEI
		_InputInit
		_Package_AddData
		_Package_Send
		_SetDCBrake_NominalVoltage
		_SetPWM1Duty
		_SetPWM2Duty
		_UARTAddressDetection_OFF
		_UARTInit
		_delay_ms
 This function is called by:
		Startup code after reset
 This function uses a non-reentrant model


 *************** function _delay_ms *****************
 Defined at:
		line 78 in file "main.c"
 Parameters:    Size  Location     Type
  delay           2   32[COMRAM] unsigned int 
 Auto vars:     Size  Location     Type
  i               2   35[COMRAM] int 
 Return value:  Size  Location     Type
		None               void
 Registers used:
		wreg, status,2, status,0
 Tracked objects:
		On entry : 
		On exit  : 
		Unchanged: 
 Data sizes:     COMRAM   BANK0   BANK1   BANK2
      Params:         2       0       0       0
      Locals:         2       0       0       0
      Temps:          1       0       0       0
      Totals:         5       0       0       0
Total ram usage:        5 bytes
 Hardware stack levels used:    1
 Hardware stack levels required when called:    2
 This function calls:
		Nothing
 This function is called by:
		_main
 This function uses a non-reentrant model


 *************** function _UARTInit *****************
 Defined at:
		line 8 in file "uart.c"
 Parameters:    Size  Location     Type
  baudrate        4   32[COMRAM] unsigned long 
 Auto vars:     Size  Location     Type
  divisor         2   40[COMRAM] unsigned int 
 Return value:  Size  Location     Type
		None               void
 Registers used:
		wreg, status,2, status,0
 Tracked objects:
		On entry : 
		On exit  : 
		Unchanged: 
 Data sizes:     COMRAM   BANK0   BANK1   BANK2
      Params:         4       0       0       0
      Locals:         2       0       0       0
      Temps:          4       0       0       0
      Totals:        10       0       0       0
Total ram usage:       10 bytes
 Hardware stack levels used:    1
 Hardware stack levels required when called:    2
 This function calls:
		Nothing
 This function is called by:
		_main
 This function uses a non-reentrant model


 *************** function _UARTAddressDetection_OFF *****************
 Defined at:
		line 95 in file "uart.c"
 Parameters:    Size  Location     Type
		None
 Auto vars:     Size  Location     Type
		None
 Return value:  Size  Location     Type
		None               void
 Registers used:
		None
 Tracked objects:
		On entry : 
		On exit  : 
		Unchanged: 
 Data sizes:     COMRAM   BANK0   BANK1   BANK2
      Params:         0       0       0       0
      Locals:         0       0       0       0
      Temps:          0       0       0       0
      Totals:         0       0       0       0
Total ram usage:        0 bytes
 Hardware stack levels used:    1
 Hardware stack levels required when called:    2
 This function calls:
		Nothing
 This function is called by:
		_main
 This function uses a non-reentrant model


 *************** function _SetPWM2Duty *****************
 Defined at:
		line 82 in file "pcpwm.c"
 Parameters:    Size  Location     Type
  _PDC1           2   32[COMRAM] unsigned int 
 Auto vars:     Size  Location     Type
		None
 Return value:  Size  Location     Type
		None               void
 Registers used:
		wreg, status,2
 Tracked objects:
		On entry : 
		On exit  : 
		Unchanged: 
 Data sizes:     COMRAM   BANK0   BANK1   BANK2
      Params:         2       0       0       0
      Locals:         0       0       0       0
      Temps:          0       0       0       0
      Totals:         2       0       0       0
Total ram usage:        2 bytes
 Hardware stack levels used:    1
 Hardware stack levels required when called:    2
 This function calls:
		Nothing
 This function is called by:
		_main
 This function uses a non-reentrant model


 *************** function _SetPWM1Duty *****************
 Defined at:
		line 72 in file "pcpwm.c"
 Parameters:    Size  Location     Type
  _PDC0           2   32[COMRAM] unsigned int 
 Auto vars:     Size  Location     Type
		None
 Return value:  Size  Location     Type
		None               void
 Registers used:
		wreg, status,2
 Tracked objects:
		On entry : 
		On exit  : 
		Unchanged: 
 Data sizes:     COMRAM   BANK0   BANK1   BANK2
      Params:         2       0       0       0
      Locals:         0       0       0       0
      Temps:          0       0       0       0
      Totals:         2       0       0       0
Total ram usage:        2 bytes
 Hardware stack levels used:    1
 Hardware stack levels required when called:    2
 This function calls:
		Nothing
 This function is called by:
		_main
 This function uses a non-reentrant model


 *************** function _SetDCBrake_NominalVoltage *****************
 Defined at:
		line 51 in file "dc_brake.c"
 Parameters:    Size  Location     Type
  DCBrakeNomin    2   15[BANK0 ] unsigned short 
  HVSupplyVolt    2   17[BANK0 ] unsigned short 
 Auto vars:     Size  Location     Type
  sPWMQuantum     3   19[BANK0 ] float 
 Return value:  Size  Location     Type
                  2   15[BANK0 ] int 
 Registers used:
		wreg, status,2, status,0, cstack
 Tracked objects:
		On entry : 
		On exit  : 
		Unchanged: 
 Data sizes:     COMRAM   BANK0   BANK1   BANK2
      Params:         0       4       0       0
      Locals:         0       3       0       0
      Temps:          0       0       0       0
      Totals:         0       7       0       0
Total ram usage:        7 bytes
 Hardware stack levels used:    1
 Hardware stack levels required when called:    4
 This function calls:
		_SetDCBrake_PWMDuty
		___ftdiv
		___fttol
		___lwtoft
 This function is called by:
		_main
 This function uses a non-reentrant model


 *************** function ___lwtoft *****************
 Defined at:
		line 28 in file "C:\Program Files (x86)\Microchip\xc8\v1.34\sources\common\lwtoft.c"
 Parameters:    Size  Location     Type
  c               2   40[COMRAM] unsigned int 
 Auto vars:     Size  Location     Type
		None
 Return value:  Size  Location     Type
                  3   40[COMRAM] float 
 Registers used:
		wreg, status,2, status,0, cstack
 Tracked objects:
		On entry : 
		On exit  : 
		Unchanged: 
 Data sizes:     COMRAM   BANK0   BANK1   BANK2
      Params:         3       0       0       0
      Locals:         0       0       0       0
      Temps:          0       0       0       0
      Totals:         3       0       0       0
Total ram usage:        3 bytes
 Hardware stack levels used:    1
 Hardware stack levels required when called:    3
 This function calls:
		___ftpack
 This function is called by:
		_SetDCBrake_NominalVoltage
 This function uses a non-reentrant model


 *************** function ___fttol *****************
 Defined at:
		line 44 in file "C:\Program Files (x86)\Microchip\xc8\v1.34\sources\common\fttol.c"
 Parameters:    Size  Location     Type
  f1              3   58[COMRAM] float 
 Auto vars:     Size  Location     Type
  lval            4    6[BANK0 ] unsigned long 
  exp1            1   10[BANK0 ] unsigned char 
  sign1           1    5[BANK0 ] unsigned char 
 Return value:  Size  Location     Type
                  4   58[COMRAM] long 
 Registers used:
		wreg, status,2, status,0
 Tracked objects:
		On entry : 
		On exit  : 
		Unchanged: 
 Data sizes:     COMRAM   BANK0   BANK1   BANK2
      Params:         4       0       0       0
      Locals:         0       6       0       0
      Temps:          0       5       0       0
      Totals:         4      11       0       0
Total ram usage:       15 bytes
 Hardware stack levels used:    1
 Hardware stack levels required when called:    2
 This function calls:
		Nothing
 This function is called by:
		_SetDCBrake_NominalVoltage
 This function uses a non-reentrant model


 *************** function ___ftdiv *****************
 Defined at:
		line 54 in file "C:\Program Files (x86)\Microchip\xc8\v1.34\sources\common\ftdiv.c"
 Parameters:    Size  Location     Type
  f1              3   43[COMRAM] float 
  f2              3   46[COMRAM] float 
 Auto vars:     Size  Location     Type
  f3              3   53[COMRAM] float 
  sign            1   57[COMRAM] unsigned char 
  exp             1   56[COMRAM] unsigned char 
  cntr            1   52[COMRAM] unsigned char 
 Return value:  Size  Location     Type
                  3   43[COMRAM] float 
 Registers used:
		wreg, status,2, status,0, cstack
 Tracked objects:
		On entry : 
		On exit  : 
		Unchanged: 
 Data sizes:     COMRAM   BANK0   BANK1   BANK2
      Params:         6       0       0       0
      Locals:         6       0       0       0
      Temps:          3       0       0       0
      Totals:        15       0       0       0
Total ram usage:       15 bytes
 Hardware stack levels used:    1
 Hardware stack levels required when called:    3
 This function calls:
		___ftpack
 This function is called by:
		_SetDCBrake_NominalVoltage
 This function uses a non-reentrant model


 *************** function ___ftpack *****************
 Defined at:
		line 62 in file "C:\Program Files (x86)\Microchip\xc8\v1.34\sources\common\float.c"
 Parameters:    Size  Location     Type
  arg             3   32[COMRAM] unsigned um
  exp             1   35[COMRAM] unsigned char 
  sign            1   36[COMRAM] unsigned char 
 Auto vars:     Size  Location     Type
		None
 Return value:  Size  Location     Type
                  3   32[COMRAM] float 
 Registers used:
		wreg, status,2, status,0
 Tracked objects:
		On entry : 
		On exit  : 
		Unchanged: 
 Data sizes:     COMRAM   BANK0   BANK1   BANK2
      Params:         5       0       0       0
      Locals:         0       0       0       0
      Temps:          3       0       0       0
      Totals:         8       0       0       0
Total ram usage:        8 bytes
 Hardware stack levels used:    1
 Hardware stack levels required when called:    2
 This function calls:
		Nothing
 This function is called by:
		___ftdiv
		___lwtoft
 This function uses a non-reentrant model


 *************** function _SetDCBrake_PWMDuty *****************
 Defined at:
		line 22 in file "dc_brake.c"
 Parameters:    Size  Location     Type
  duty            2   11[BANK0 ] unsigned int 
 Auto vars:     Size  Location     Type
		None
 Return value:  Size  Location     Type
		None               void
 Registers used:
		wreg, status,2, status,0
 Tracked objects:
		On entry : 
		On exit  : 
		Unchanged: 
 Data sizes:     COMRAM   BANK0   BANK1   BANK2
      Params:         0       2       0       0
      Locals:         0       0       0       0
      Temps:          0       2       0       0
      Totals:         0       4       0       0
Total ram usage:        4 bytes
 Hardware stack levels used:    1
 Hardware stack levels required when called:    2
 This function calls:
		Nothing
 This function is called by:
		_SetDCBrake_NominalVoltage
 This function uses a non-reentrant model


 *************** function _Package_Send *****************
 Defined at:
		line 4 in file "comm_protocol.c"
 Parameters:    Size  Location     Type
  p               2   40[COMRAM] PTR volatile struct pack
		 -> out(39), in(39), 
 Auto vars:     Size  Location     Type
  i               1    0        unsigned char 
 Return value:  Size  Location     Type
		None               void
 Registers used:
		wreg, fsr1l, fsr1h, fsr2l, fsr2h, status,2, status,0, prodl, prodh, cstack
 Tracked objects:
		On entry : 
		On exit  : 
		Unchanged: 
 Data sizes:     COMRAM   BANK0   BANK1   BANK2
      Params:         2       0       0       0
      Locals:         0       0       0       0
      Temps:          1       0       0       0
      Totals:         3       0       0       0
Total ram usage:        3 bytes
 Hardware stack levels used:    1
 Hardware stack levels required when called:    3
 This function calls:
		_Buffer_GetCRC8
		_Buffer_Read
		_UARTSendByte
 This function is called by:
		_main
 This function uses a non-reentrant model


 *************** function _UARTSendByte *****************
 Defined at:
		line 56 in file "uart.c"
 Parameters:    Size  Location     Type
  data            1    wreg     unsigned char 
 Auto vars:     Size  Location     Type
  data            1   32[COMRAM] unsigned char 
 Return value:  Size  Location     Type
		None               void
 Registers used:
		wreg
 Tracked objects:
		On entry : 
		On exit  : 
		Unchanged: 
 Data sizes:     COMRAM   BANK0   BANK1   BANK2
      Params:         0       0       0       0
      Locals:         1       0       0       0
      Temps:          0       0       0       0
      Totals:         1       0       0       0
Total ram usage:        1 bytes
 Hardware stack levels used:    1
 Hardware stack levels required when called:    2
 This function calls:
		Nothing
 This function is called by:
		_Package_Send
 This function uses a non-reentrant model


 *************** function _Buffer_Read *****************
 Defined at:
		line 14 in file "ring_buffer.c"
 Parameters:    Size  Location     Type
  buff            2   32[COMRAM] PTR volatile struct circ
		 -> out(39), in(39), 
 Auto vars:     Size  Location     Type
  data            1   38[COMRAM] unsigned char 
 Return value:  Size  Location     Type
                  1    wreg      unsigned char 
 Registers used:
		wreg, fsr1l, fsr1h, fsr2l, fsr2h, status,2, status,0
 Tracked objects:
		On entry : 
		On exit  : 
		Unchanged: 
 Data sizes:     COMRAM   BANK0   BANK1   BANK2
      Params:         2       0       0       0
      Locals:         1       0       0       0
      Temps:          4       0       0       0
      Totals:         7       0       0       0
Total ram usage:        7 bytes
 Hardware stack levels used:    1
 Hardware stack levels required when called:    2
 This function calls:
		Nothing
 This function is called by:
		_Package_Send
 This function uses a non-reentrant model


 *************** function _Buffer_GetCRC8 *****************
 Defined at:
		line 26 in file "ring_buffer.c"
 Parameters:    Size  Location     Type
  buff            2   32[COMRAM] PTR volatile struct circ
		 -> out(39), in(39), 
 Auto vars:     Size  Location     Type
  CRC             1   39[COMRAM] unsigned char 
  i               1   38[COMRAM] unsigned char 
 Return value:  Size  Location     Type
                  1    wreg      unsigned char 
 Registers used:
		wreg, fsr2l, fsr2h, status,2, status,0, prodl, prodh
 Tracked objects:
		On entry : 
		On exit  : 
		Unchanged: 
 Data sizes:     COMRAM   BANK0   BANK1   BANK2
      Params:         2       0       0       0
      Locals:         2       0       0       0
      Temps:          4       0       0       0
      Totals:         8       0       0       0
Total ram usage:        8 bytes
 Hardware stack levels used:    1
 Hardware stack levels required when called:    2
 This function calls:
		Nothing
 This function is called by:
		_Package_Send
 This function uses a non-reentrant model


 *************** function _Package_AddData *****************
 Defined at:
		line 18 in file "comm_protocol.c"
 Parameters:    Size  Location     Type
  p               2   39[COMRAM] PTR volatile struct pack
		 -> out(39), in(39), 
  d               1   41[COMRAM] unsigned char 
 Auto vars:     Size  Location     Type
		None
 Return value:  Size  Location     Type
		None               void
 Registers used:
		wreg, fsr2l, fsr2h, status,2, status,0, cstack
 Tracked objects:
		On entry : 
		On exit  : 
		Unchanged: 
 Data sizes:     COMRAM   BANK0   BANK1   BANK2
      Params:         3       0       0       0
      Locals:         0       0       0       0
      Temps:          0       0       0       0
      Totals:         3       0       0       0
Total ram usage:        3 bytes
 Hardware stack levels used:    1
 Hardware stack levels required when called:    3
 This function calls:
		_Buffer_Write
 This function is called by:
		_main
 This function uses a non-reentrant model


 *************** function _Buffer_Write *****************
 Defined at:
		line 4 in file "ring_buffer.c"
 Parameters:    Size  Location     Type
  data            1    wreg     unsigned char 
  buff            2   32[COMRAM] PTR volatile struct circ
		 -> out(39), in(39), 
 Auto vars:     Size  Location     Type
  data            1   36[COMRAM] unsigned char 
  next            2   37[COMRAM] unsigned int 
 Return value:  Size  Location     Type
		None               void
 Registers used:
		wreg, fsr2l, fsr2h, status,2, status,0
 Tracked objects:
		On entry : 
		On exit  : 
		Unchanged: 
 Data sizes:     COMRAM   BANK0   BANK1   BANK2
      Params:         2       0       0       0
      Locals:         3       0       0       0
      Temps:          2       0       0       0
      Totals:         7       0       0       0
Total ram usage:        7 bytes
 Hardware stack levels used:    1
 Hardware stack levels required when called:    2
 This function calls:
		Nothing
 This function is called by:
		_Package_AddData
 This function uses a non-reentrant model


 *************** function _InputInit *****************
 Defined at:
		line 7 in file "input.c"
 Parameters:    Size  Location     Type
		None
 Auto vars:     Size  Location     Type
		None
 Return value:  Size  Location     Type
		None               void
 Registers used:
		None
 Tracked objects:
		On entry : 
		On exit  : 
		Unchanged: 
 Data sizes:     COMRAM   BANK0   BANK1   BANK2
      Params:         0       0       0       0
      Locals:         0       0       0       0
      Temps:          0       0       0       0
      Totals:         0       0       0       0
Total ram usage:        0 bytes
 Hardware stack levels used:    1
 Hardware stack levels required when called:    2
 This function calls:
		Nothing
 This function is called by:
		_main
 This function uses a non-reentrant model


 *************** function _InitQEI *****************
 Defined at:
		line 10 in file "qei.c"
 Parameters:    Size  Location     Type
  _QEICON         1    wreg     unsigned char 
  _DFLTCON        1   32[COMRAM] unsigned char 
  _MAXCNT         2   33[COMRAM] unsigned int 
 Auto vars:     Size  Location     Type
  _QEICON         1   35[COMRAM] unsigned char 
 Return value:  Size  Location     Type
		None               void
 Registers used:
		wreg, status,2, status,0
 Tracked objects:
		On entry : 
		On exit  : 
		Unchanged: 
 Data sizes:     COMRAM   BANK0   BANK1   BANK2
      Params:         3       0       0       0
      Locals:         1       0       0       0
      Temps:          0       0       0       0
      Totals:         4       0       0       0
Total ram usage:        4 bytes
 Hardware stack levels used:    1
 Hardware stack levels required when called:    2
 This function calls:
		Nothing
 This function is called by:
		_main
 This function uses a non-reentrant model


 *************** function _InitPCPWM *****************
 Defined at:
		line 6 in file "pcpwm.c"
 Parameters:    Size  Location     Type
		None
 Auto vars:     Size  Location     Type
		None
 Return value:  Size  Location     Type
		None               void
 Registers used:
		wreg, status,2
 Tracked objects:
		On entry : 
		On exit  : 
		Unchanged: 
 Data sizes:     COMRAM   BANK0   BANK1   BANK2
      Params:         0       0       0       0
      Locals:         0       0       0       0
      Temps:          0       0       0       0
      Totals:         0       0       0       0
Total ram usage:        0 bytes
 Hardware stack levels used:    1
 Hardware stack levels required when called:    2
 This function calls:
		Nothing
 This function is called by:
		_main
 This function uses a non-reentrant model


 *************** function _IR2110Disable *****************
 Defined at:
		line 99 in file "pcpwm.c"
 Parameters:    Size  Location     Type
		None
 Auto vars:     Size  Location     Type
		None
 Return value:  Size  Location     Type
		None               void
 Registers used:
		None
 Tracked objects:
		On entry : 
		On exit  : 
		Unchanged: 
 Data sizes:     COMRAM   BANK0   BANK1   BANK2
      Params:         0       0       0       0
      Locals:         0       0       0       0
      Temps:          0       0       0       0
      Totals:         0       0       0       0
Total ram usage:        0 bytes
 Hardware stack levels used:    1
 Hardware stack levels required when called:    2
 This function calls:
		Nothing
 This function is called by:
		_main
 This function uses a non-reentrant model


 *************** function _DCBrake_PWMInit *****************
 Defined at:
		line 8 in file "dc_brake.c"
 Parameters:    Size  Location     Type
		None
 Auto vars:     Size  Location     Type
		None
 Return value:  Size  Location     Type
		None               void
 Registers used:
		wreg, status,2
 Tracked objects:
		On entry : 
		On exit  : 
		Unchanged: 
 Data sizes:     COMRAM   BANK0   BANK1   BANK2
      Params:         0       0       0       0
      Locals:         0       0       0       0
      Temps:          0       0       0       0
      Totals:         0       0       0       0
Total ram usage:        0 bytes
 Hardware stack levels used:    1
 Hardware stack levels required when called:    2
 This function calls:
		Nothing
 This function is called by:
		_main
 This function uses a non-reentrant model


 *************** function _DCBrake_Catch *****************
 Defined at:
		line 40 in file "dc_brake.c"
 Parameters:    Size  Location     Type
		None
 Auto vars:     Size  Location     Type
		None
 Return value:  Size  Location     Type
		None               void
 Registers used:
		None
 Tracked objects:
		On entry : 
		On exit  : 
		Unchanged: 
 Data sizes:     COMRAM   BANK0   BANK1   BANK2
      Params:         0       0       0       0
      Locals:         0       0       0       0
      Temps:          0       0       0       0
      Totals:         0       0       0       0
Total ram usage:        0 bytes
 Hardware stack levels used:    1
 Hardware stack levels required when called:    2
 This function calls:
		Nothing
 This function is called by:
		_main
 This function uses a non-reentrant model


 *************** function _LowIsr *****************
 Defined at:
		line 60 in file "main.c"
 Parameters:    Size  Location     Type
		None
 Auto vars:     Size  Location     Type
  a               1   31[COMRAM] unsigned char 
 Return value:  Size  Location     Type
		None               void
 Registers used:
		None
 Tracked objects:
		On entry : 
		On exit  : 
		Unchanged: 
 Data sizes:     COMRAM   BANK0   BANK1   BANK2
      Params:         0       0       0       0
      Locals:         1       0       0       0
      Temps:         17       0       0       0
      Totals:        18       0       0       0
Total ram usage:       18 bytes
 Hardware stack levels used:    1
 Hardware stack levels required when called:    1
 This function calls:
		Nothing
 This function is called by:
		Interrupt level 1
 This function uses a non-reentrant model


 *************** function _HighIsr *****************
 Defined at:
		line 69 in file "main.c"
 Parameters:    Size  Location     Type
		None
 Auto vars:     Size  Location     Type
		None
 Return value:  Size  Location     Type
		None               void
 Registers used:
		None
 Tracked objects:
		On entry : 
		On exit  : 
		Unchanged: 
 Data sizes:     COMRAM   BANK0   BANK1   BANK2
      Params:         0       0       0       0
      Locals:         0       0       0       0
      Temps:         14       0       0       0
      Totals:        14       0       0       0
Total ram usage:       14 bytes
 Hardware stack levels used:    1
 This function calls:
		Nothing
 This function is called by:
		Interrupt level 2
 This function uses a non-reentrant model



MODULE INFORMATION

Module		Function		Class		Link	Load	Size
uart.c
		_UARTAddressDet		CODE           	0CB2	0000	5
		_UARTInit      		CODE           	064A	0000	215
		_UARTSendByte  		CODE           	0C6C	0000	25

uart.c estimated size: 245

pcpwm.c
		_SetPWM1Duty   		CODE           	0CA2	0000	11
		_InitPCPWM     		CODE           	0B6A	0000	59
		_IR2110Disable 		CODE           	0CB6	0000	5
		_SetPWM2Duty   		CODE           	0C98	0000	11

pcpwm.c estimated size: 86

input.c
		_InputInit     		CODE           	0CAC	0000	7

input.c estimated size: 7

comm_protocol.c
		_Package_Send  		CODE           	0906	0000	125
		_Package_AddDat		CODE           	0C4A	0000	35

comm_protocol.c estimated size: 160

C:\Program Files (x86)\Microchip\xc8\v1.34\sources\common\float.c
		___ftpack      		CODE           	0720	0000	199

C:\Program Files (x86)\Microchip\xc8\v1.34\sources\common\float.c estimated size: 199

qei.c
		_InitQEI       		CODE           	0BA4	0000	45

qei.c estimated size: 45

ring_buffer.c
		_Buffer_Read   		CODE           	087A	0000	141
		_Buffer_Write  		CODE           	0982	0000	125
		_Buffer_GetCRC8		CODE           	0AC8	0000	85

ring_buffer.c estimated size: 351

C:\Program Files (x86)\Microchip\xc8\v1.34\sources\common\lwtoft.c
		___lwtoft      		CODE           	0C24	0000	39

C:\Program Files (x86)\Microchip\xc8\v1.34\sources\common\lwtoft.c estimated size: 39

C:\Program Files (x86)\Microchip\xc8\v1.34\sources\common\ftdiv.c
		___ftdiv       		CODE           	0568	0000	227

C:\Program Files (x86)\Microchip\xc8\v1.34\sources\common\ftdiv.c estimated size: 227

shared
		_fVersion      		SMALLCONST     	0301	0000	6
		__initializatio		CODE           	0BD0	0000	33

shared estimated size: 39

C:\Program Files (x86)\Microchip\xc8\v1.34\sources\common\fttol.c
		___fttol       		CODE           	0448	0000	289

C:\Program Files (x86)\Microchip\xc8\v1.34\sources\common\fttol.c estimated size: 289

dc_brake.c
		_DCBrake_PWMIni		CODE           	0C84	0000	21
		_SetDCBrake_PWM		CODE           	0A64	0000	101
		_SetDCBrake_Nom		CODE           	07E6	0000	149
		_DCBrake_Catch 		CODE           	0CBA	0000	5

dc_brake.c estimated size: 276

main.c
		_HighIsr       		CODE           	0008	0000	119
		_main          		CODE           	0308	0000	321
		_LowIsr        		CODE           	0018	0000	151
		_delay_ms      		CODE           	0BFA	0000	43

main.c estimated size: 634

